3: [default3]: [2026-05-05 09:49:39.553027] iteration        1/      50 | consumed samples:          256 | elapsed time per iteration (ms): 20826.5 | throughput per GPU (TFLOP/s/GPU): 145.8 | tokens/sec/GPU: 3147 | learning rate: 3.000000E-05 | global batch size:   256 | lm loss: 1.165717E+01 | loss scale: 1.0 | grad norm: 13.888 | number of skipped iterations:   0 | number of nan iterations:   0 |
3: [default0]:[Rank 12] (after 1 iterations) memory (MB) | allocated: 13520.61 | max allocated: 40986.99 | reserved: 43348.00 | max reserved: 43348.00
1: [default0]:[Rank 4] (after 1 iterations) memory (MB) | allocated: 11784.41 | max allocated: 45100.41 | reserved: 46630.00 | max reserved: 46630.00
0: [default0]:Number of parameters in transformer block in billions:  6.98
0: [default0]:Number of parameters in embedding layers in billions: 0.41
0: [default0]:Total number of parameters in billions: 7.39
0: [default0]:Number of parameters in most loaded shard in billions: 1.9509
0: [default0]:Number of parameters in other shards in billions: 1.7449
0: [default0]:compute_activation_memory_without_sp
0: [default0]:Activation memory footprint per transformer layer (precise, without SP): 1088.0 MB
0: [default0]:Memory penalty from interleaved schedule: 1.19
0: [default0]:Number of in-flight microbatches: 5
0: [default0]:Theoretical memory footprints: weight and optimizer=16745.07 MB, activation=43571.11 MB, total=60316.18 MB
0: [default0]:
0: [default0]:[Rank 0] (after 1 iterations) memory (MB) | allocated: 12935.60 | max allocated: 50117.10 | reserved: 51812.00 | max reserved: 51812.00
2: [default0]:[Rank 8] (after 2 iterations) memory (MB) | allocated: 11784.41 | max allocated: 45032.31 | reserved: 46754.00 | max reserved: 46754.00
3: [default3]: [2026-05-05 09:49:48.004554] iteration        2/      50 | consumed samples:          512 | elapsed time per iteration (ms): 14638.9 | throughput per GPU (TFLOP/s/GPU): 207.4 | tokens/sec/GPU: 4477 | learning rate: 6.000000E-05 | global batch size:   256 | lm loss: 1.165876E+01 | loss scale: 1.0 | grad norm: 11.483 | number of skipped iterations:   0 | number of nan iterations:   0 |
3: [default0]:[Rank 12] (after 2 iterations) memory (MB) | allocated: 13520.61 | max allocated: 45638.40 | reserved: 47278.00 | max reserved: 47278.00
1: [default0]:[Rank 4] (after 2 iterations) memory (MB) | allocated: 11784.41 | max allocated: 49260.56 | reserved: 50726.00 | max reserved: 50726.00
0: [default0]:Number of parameters in transformer block in billions:  6.98
0: [default0]:Number of parameters in embedding layers in billions: 0.41
0: [default0]:Total number of parameters in billions: 7.39
0: [default0]:Number of parameters in most loaded shard in billions: 1.9509
0: [default0]:Number of parameters in other shards in billions: 1.7449
0: [default0]:compute_activation_memory_without_sp
0: [default0]:Activation memory footprint per transformer layer (precise, without SP): 1088.0 MB
0: [default0]:Memory penalty from interleaved schedule: 1.19
0: [default0]:Number of in-flight microbatches: 5
0: [default0]:Theoretical memory footprints: weight and optimizer=16745.07 MB, activation=43571.11 MB, total=60316.18 MB
0: [default0]:
0: [default0]:[Rank 0] (after 2 iterations) memory (MB) | allocated: 12935.60 | max allocated: 54768.50 | reserved: 56932.00 | max reserved: 56932.00
3: [default3]: [2026-05-05 09:49:56.062400] iteration        3/      50 | consumed samples:          768 | elapsed time per iteration (ms): 8057.7 | throughput per GPU (TFLOP/s/GPU): 376.8 | tokens/sec/GPU: 8133 | learning rate: 9.000000E-05 | global batch size:   256 | lm loss: 1.284631E+01 | loss scale: 1.0 | grad norm: 266.054 | number of skipped iterations:   0 | number of nan iterations:   0 |
3: [default3]: [2026-05-05 09:50:03.704065] iteration        4/      50 | consumed samples:         1024 | elapsed time per iteration (ms): 7641.5 | throughput per GPU (TFLOP/s/GPU): 397.4 | tokens/sec/GPU: 8576 | learning rate: 1.200000E-04 | global batch size:   256 | lm loss: 1.754245E+01 | loss scale: 1.0 | grad norm: 532.626 | number of skipped iterations:   0 | number of nan iterations:   0 |
3: [default3]: [2026-05-05 09:50:11.789801] iteration        5/      50 | consumed samples:         1280 | elapsed time per iteration (ms): 8085.6 | throughput per GPU (TFLOP/s/GPU): 375.5 | tokens/sec/GPU: 8105 | learning rate: 1.500000E-04 | global batch size:   256 | lm loss: 1.485482E+01 | loss scale: 1.0 | grad norm: 33.181 | number of skipped iterations:   0 | number of nan iterations:   0 |
3: [default3]: [2026-05-05 09:50:19.440389] iteration        6/      50 | consumed samples:         1536 | elapsed time per iteration (ms): 7650.3 | throughput per GPU (TFLOP/s/GPU): 396.9 | tokens/sec/GPU: 8566 | learning rate: 1.800000E-04 | global batch size:   256 | lm loss: 2.214760E+01 | loss scale: 1.0 | grad norm: 65.006 | number of skipped iterations:   0 | number of nan iterations:   0 |
3: [default3]: [2026-05-05 09:50:27.132044] iteration        7/      50 | consumed samples:         1792 | elapsed time per iteration (ms): 7691.5 | throughput per GPU (TFLOP/s/GPU): 394.8 | tokens/sec/GPU: 8521 | learning rate: 2.100000E-04 | global batch size:   256 | lm loss: 2.146438E+01 | loss scale: 1.0 | grad norm: 86.845 | number of skipped iterations:   0 | number of nan iterations:   0 |
3: [default3]: [2026-05-05 09:50:35.769201] iteration        8/      50 | consumed samples:         2048 | elapsed time per iteration (ms): 8636.9 | throughput per GPU (TFLOP/s/GPU): 351.6 | tokens/sec/GPU: 7588 | learning rate: 2.400000E-04 | global batch size:   256 | lm loss: 1.744486E+01 | loss scale: 1.0 | grad norm: 69.009 | number of skipped iterations:   0 | number of nan iterations:   0 |
3: [default3]: [2026-05-05 09:50:43.670617] iteration        9/      50 | consumed samples:         2304 | elapsed time per iteration (ms): 7901.2 | throughput per GPU (TFLOP/s/GPU): 384.3 | tokens/sec/GPU: 8294 | learning rate: 2.700000E-04 | global batch size:   256 | lm loss: 1.341834E+01 | loss scale: 1.0 | grad norm: 38.740 | number of skipped iterations:   0 | number of nan iterations:   0 |
3: [default3]: [2026-05-05 09:50:51.520334] iteration       10/      50 | consumed samples:         2560 | elapsed time per iteration (ms): 7849.5 | throughput per GPU (TFLOP/s/GPU): 386.8 | tokens/sec/GPU: 8349 | learning rate: 3.000000E-04 | global batch size:   256 | lm loss: 1.138005E+01 | loss scale: 1.0 | grad norm: 7.537 | number of skipped iterations:   0 | number of nan iterations:   0 |
3: [default3]: [2026-05-05 09:50:59.993110] iteration       11/      50 | consumed samples:         2816 | elapsed time per iteration (ms): 8472.6 | throughput per GPU (TFLOP/s/GPU): 358.4 | tokens/sec/GPU: 7735 | learning rate: 3.000000E-04 | global batch size:   256 | lm loss: 1.073493E+01 | loss scale: 1.0 | grad norm: 7.459 | number of skipped iterations:   0 | number of nan iterations:   0 |
3: [default3]: [2026-05-05 09:51:07.877388] iteration       12/      50 | consumed samples:         3072 | elapsed time per iteration (ms): 7884.1 | throughput per GPU (TFLOP/s/GPU): 385.1 | tokens/sec/GPU: 8312 | learning rate: 3.000000E-04 | global batch size:   256 | lm loss: 1.031550E+01 | loss scale: 1.0 | grad norm: 22.587 | number of skipped iterations:   0 | number of nan iterations:   0 |
3: [default3]: [2026-05-05 09:51:15.677086] iteration       13/      50 | consumed samples:         3328 | elapsed time per iteration (ms): 7799.5 | throughput per GPU (TFLOP/s/GPU): 389.3 | tokens/sec/GPU: 8403 | learning rate: 3.000000E-04 | global batch size:   256 | lm loss: 1.069305E+01 | loss scale: 1.0 | grad norm: 38.877 | number of skipped iterations:   0 | number of nan iterations:   0 |
3: [default3]: [2026-05-05 09:51:23.278754] iteration       14/      50 | consumed samples:         3584 | elapsed time per iteration (ms): 7601.4 | throughput per GPU (TFLOP/s/GPU): 399.5 | tokens/sec/GPU: 8622 | learning rate: 3.000000E-04 | global batch size:   256 | lm loss: 1.004722E+01 | loss scale: 1.0 | grad norm: 5.838 | number of skipped iterations:   0 | number of nan iterations:   0 |
3: [default3]: [2026-05-05 09:51:30.946741] iteration       15/      50 | consumed samples:         3840 | elapsed time per iteration (ms): 7667.8 | throughput per GPU (TFLOP/s/GPU): 396.0 | tokens/sec/GPU: 8547 | learning rate: 3.000000E-04 | global batch size:   256 | lm loss: 9.709162E+00 | loss scale: 1.0 | grad norm: 5.223 | number of skipped iterations:   0 | number of nan iterations:   0 |
3: [default3]: [2026-05-05 09:51:38.809054] iteration       16/      50 | consumed samples:         4096 | elapsed time per iteration (ms): 7862.1 | throughput per GPU (TFLOP/s/GPU): 386.2 | tokens/sec/GPU: 8336 | learning rate: 3.000000E-04 | global batch size:   256 | lm loss: 9.240315E+00 | loss scale: 1.0 | grad norm: 5.246 | number of skipped iterations:   0 | number of nan iterations:   0 |
3: [default3]: [2026-05-05 09:51:46.312944] iteration       17/      50 | consumed samples:         4352 | elapsed time per iteration (ms): 7503.7 | throughput per GPU (TFLOP/s/GPU): 404.7 | tokens/sec/GPU: 8734 | learning rate: 3.000000E-04 | global batch size:   256 | lm loss: 8.508577E+00 | loss scale: 1.0 | grad norm: 4.701 | number of skipped iterations:   0 | number of nan iterations:   0 |
3: [default3]: [2026-05-05 09:51:53.520597] iteration       18/      50 | consumed samples:         4608 | elapsed time per iteration (ms): 7207.4 | throughput per GPU (TFLOP/s/GPU): 421.3 | tokens/sec/GPU: 9093 | learning rate: 3.000000E-04 | global batch size:   256 | lm loss: 9.228952E+00 | loss scale: 1.0 | grad norm: 31.221 | number of skipped iterations:   0 | number of nan iterations:   0 |
3: [default3]: [2026-05-05 09:52:00.897135] iteration       19/      50 | consumed samples:         4864 | elapsed time per iteration (ms): 7376.4 | throughput per GPU (TFLOP/s/GPU): 411.7 | tokens/sec/GPU: 8885 | learning rate: 3.000000E-04 | global batch size:   256 | lm loss: 1.052987E+01 | loss scale: 1.0 | grad norm: 43.037 | number of skipped iterations:   0 | number of nan iterations:   0 |
3: [default3]: [2026-05-05 09:52:08.476379] iteration       20/      50 | consumed samples:         5120 | elapsed time per iteration (ms): 7579.1 | throughput per GPU (TFLOP/s/GPU): 400.6 | tokens/sec/GPU: 8647 | learning rate: 3.000000E-04 | global batch size:   256 | lm loss: 1.027809E+01 | loss scale: 1.0 | grad norm: 29.493 | number of skipped iterations:   0 | number of nan iterations:   0 |
3: [default3]: [2026-05-05 09:52:15.808931] iteration       21/      50 | consumed samples:         5376 | elapsed time per iteration (ms): 7332.4 | throughput per GPU (TFLOP/s/GPU): 414.1 | tokens/sec/GPU: 8938 | learning rate: 3.000000E-04 | global batch size:   256 | lm loss: 9.815132E+00 | loss scale: 1.0 | grad norm: 35.936 | number of skipped iterations:   0 | number of nan iterations:   0 |
3: [default3]: [2026-05-05 09:52:23.317660] iteration       22/      50 | consumed samples:         5632 | elapsed time per iteration (ms): 7508.5 | throughput per GPU (TFLOP/s/GPU): 404.4 | tokens/sec/GPU: 8728 | learning rate: 3.000000E-04 | global batch size:   256 | lm loss: 8.959192E+00 | loss scale: 1.0 | grad norm: 23.857 | number of skipped iterations:   0 | number of nan iterations:   0 |
3: [default3]: [2026-05-05 09:52:30.653298] iteration       23/      50 | consumed samples:         5888 | elapsed time per iteration (ms): 7335.5 | throughput per GPU (TFLOP/s/GPU): 413.9 | tokens/sec/GPU: 8934 | learning rate: 3.000000E-04 | global batch size:   256 | lm loss: 8.571400E+00 | loss scale: 1.0 | grad norm: 10.102 | number of skipped iterations:   0 | number of nan iterations:   0 |
3: [default3]: [2026-05-05 09:52:38.345634] iteration       24/      50 | consumed samples:         6144 | elapsed time per iteration (ms): 7692.1 | throughput per GPU (TFLOP/s/GPU): 394.8 | tokens/sec/GPU: 8520 | learning rate: 3.000000E-04 | global batch size:   256 | lm loss: 8.334744E+00 | loss scale: 1.0 | grad norm: 5.597 | number of skipped iterations:   0 | number of nan iterations:   0 |
3: [default3]: [2026-05-05 09:52:46.048824] iteration       25/      50 | consumed samples:         6400 | elapsed time per iteration (ms): 7703.0 | throughput per GPU (TFLOP/s/GPU): 394.2 | tokens/sec/GPU: 8508 | learning rate: 3.000000E-04 | global batch size:   256 | lm loss: 8.187611E+00 | loss scale: 1.0 | grad norm: 3.614 | number of skipped iterations:   0 | number of nan iterations:   0 |
3: [default3]: [2026-05-05 09:52:53.434777] iteration       26/      50 | consumed samples:         6656 | elapsed time per iteration (ms): 7385.7 | throughput per GPU (TFLOP/s/GPU): 411.1 | tokens/sec/GPU: 8873 | learning rate: 3.000000E-04 | global batch size:   256 | lm loss: 7.923816E+00 | loss scale: 1.0 | grad norm: 3.826 | number of skipped iterations:   0 | number of nan iterations:   0 |
3: [default3]: [2026-05-05 09:53:00.663359] iteration       27/      50 | consumed samples:         6912 | elapsed time per iteration (ms): 7228.4 | throughput per GPU (TFLOP/s/GPU): 420.1 | tokens/sec/GPU: 9066 | learning rate: 3.000000E-04 | global batch size:   256 | lm loss: 7.736645E+00 | loss scale: 1.0 | grad norm: 4.107 | number of skipped iterations:   0 | number of nan iterations:   0 |
3: [default3]: [2026-05-05 09:53:07.874278] iteration       28/      50 | consumed samples:         7168 | elapsed time per iteration (ms): 7210.7 | throughput per GPU (TFLOP/s/GPU): 421.1 | tokens/sec/GPU: 9089 | learning rate: 3.000000E-04 | global batch size:   256 | lm loss: 7.772233E+00 | loss scale: 1.0 | grad norm: 4.260 | number of skipped iterations:   0 | number of nan iterations:   0 |
3: [default3]: [2026-05-05 09:53:15.717408] iteration       29/      50 | consumed samples:         7424 | elapsed time per iteration (ms): 7842.9 | throughput per GPU (TFLOP/s/GPU): 387.2 | tokens/sec/GPU: 8356 | learning rate: 3.000000E-04 | global batch size:   256 | lm loss: 7.819122E+00 | loss scale: 1.0 | grad norm: 4.006 | number of skipped iterations:   0 | number of nan iterations:   0 |
3: [default3]: [2026-05-05 09:53:23.253787] iteration       30/      50 | consumed samples:         7680 | elapsed time per iteration (ms): 7536.1 | throughput per GPU (TFLOP/s/GPU): 402.9 | tokens/sec/GPU: 8696 | learning rate: 3.000000E-04 | global batch size:   256 | lm loss: 7.836447E+00 | loss scale: 1.0 | grad norm: 4.193 | number of skipped iterations:   0 | number of nan iterations:   0 |
3: [default3]: [2026-05-05 09:53:30.574546] iteration       31/      50 | consumed samples:         7936 | elapsed time per iteration (ms): 7320.6 | throughput per GPU (TFLOP/s/GPU): 414.8 | tokens/sec/GPU: 8952 | learning rate: 3.000000E-04 | global batch size:   256 | lm loss: 7.750802E+00 | loss scale: 1.0 | grad norm: 2.857 | number of skipped iterations:   0 | number of nan iterations:   0 |
3: [default3]: [2026-05-05 09:53:38.102796] iteration       32/      50 | consumed samples:         8192 | elapsed time per iteration (ms): 7528.0 | throughput per GPU (TFLOP/s/GPU): 403.4 | tokens/sec/GPU: 8706 | learning rate: 3.000000E-04 | global batch size:   256 | lm loss: 7.665329E+00 | loss scale: 1.0 | grad norm: 2.795 | number of skipped iterations:   0 | number of nan iterations:   0 |
3: [default3]: [2026-05-05 09:53:45.451665] iteration       33/      50 | consumed samples:         8448 | elapsed time per iteration (ms): 7348.7 | throughput per GPU (TFLOP/s/GPU): 413.2 | tokens/sec/GPU: 8918 | learning rate: 3.000000E-04 | global batch size:   256 | lm loss: 7.672831E+00 | loss scale: 1.0 | grad norm: 2.527 | number of skipped iterations:   0 | number of nan iterations:   0 |
3: [default3]: [2026-05-05 09:53:52.636393] iteration       34/      50 | consumed samples:         8704 | elapsed time per iteration (ms): 7184.5 | throughput per GPU (TFLOP/s/GPU): 422.6 | tokens/sec/GPU: 9122 | learning rate: 3.000000E-04 | global batch size:   256 | lm loss: 7.627172E+00 | loss scale: 1.0 | grad norm: 2.375 | number of skipped iterations:   0 | number of nan iterations:   0 |
3: [default3]: [2026-05-05 09:53:59.903085] iteration       35/      50 | consumed samples:         8960 | elapsed time per iteration (ms): 7266.5 | throughput per GPU (TFLOP/s/GPU): 417.9 | tokens/sec/GPU: 9019 | learning rate: 3.000000E-04 | global batch size:   256 | lm loss: 7.566994E+00 | loss scale: 1.0 | grad norm: 2.656 | number of skipped iterations:   0 | number of nan iterations:   0 |
3: [default3]: [2026-05-05 09:54:07.170243] iteration       36/      50 | consumed samples:         9216 | elapsed time per iteration (ms): 7267.0 | throughput per GPU (TFLOP/s/GPU): 417.8 | tokens/sec/GPU: 9018 | learning rate: 3.000000E-04 | global batch size:   256 | lm loss: 7.512155E+00 | loss scale: 1.0 | grad norm: 3.077 | number of skipped iterations:   0 | number of nan iterations:   0 |
3: [default3]: [2026-05-05 09:54:14.514972] iteration       37/      50 | consumed samples:         9472 | elapsed time per iteration (ms): 7344.5 | throughput per GPU (TFLOP/s/GPU): 413.4 | tokens/sec/GPU: 8923 | learning rate: 3.000000E-04 | global batch size:   256 | lm loss: 7.565750E+00 | loss scale: 1.0 | grad norm: 2.525 | number of skipped iterations:   0 | number of nan iterations:   0 |
3: [default3]: [2026-05-05 09:54:22.219667] iteration       38/      50 | consumed samples:         9728 | elapsed time per iteration (ms): 7704.4 | throughput per GPU (TFLOP/s/GPU): 394.1 | tokens/sec/GPU: 8506 | learning rate: 3.000000E-04 | global batch size:   256 | lm loss: 7.514423E+00 | loss scale: 1.0 | grad norm: 1.908 | number of skipped iterations:   0 | number of nan iterations:   0 |
3: [default3]: [2026-05-05 09:54:29.737002] iteration       39/      50 | consumed samples:         9984 | elapsed time per iteration (ms): 7517.2 | throughput per GPU (TFLOP/s/GPU): 403.9 | tokens/sec/GPU: 8718 | learning rate: 3.000000E-04 | global batch size:   256 | lm loss: 7.525308E+00 | loss scale: 1.0 | grad norm: 1.830 | number of skipped iterations:   0 | number of nan iterations:   0 |
3: [default3]: [2026-05-05 09:54:37.026858] iteration       40/      50 | consumed samples:        10240 | elapsed time per iteration (ms): 7289.6 | throughput per GPU (TFLOP/s/GPU): 416.6 | tokens/sec/GPU: 8990 | learning rate: 3.000000E-04 | global batch size:   256 | lm loss: 7.512092E+00 | loss scale: 1.0 | grad norm: 1.476 | number of skipped iterations:   0 | number of nan iterations:   0 |
3: [default3]: [2026-05-05 09:54:44.597637] iteration       41/      50 | consumed samples:        10496 | elapsed time per iteration (ms): 7570.6 | throughput per GPU (TFLOP/s/GPU): 401.1 | tokens/sec/GPU: 8657 | learning rate: 3.000000E-04 | global batch size:   256 | lm loss: 7.364816E+00 | loss scale: 1.0 | grad norm: 1.354 | number of skipped iterations:   0 | number of nan iterations:   0 |
3: [default3]: [2026-05-05 09:54:52.111018] iteration       42/      50 | consumed samples:        10752 | elapsed time per iteration (ms): 7513.1 | throughput per GPU (TFLOP/s/GPU): 404.2 | tokens/sec/GPU: 8723 | learning rate: 3.000000E-04 | global batch size:   256 | lm loss: 7.396439E+00 | loss scale: 1.0 | grad norm: 1.484 | number of skipped iterations:   0 | number of nan iterations:   0 |
3: [default3]: [2026-05-05 09:54:59.637986] iteration       43/      50 | consumed samples:        11008 | elapsed time per iteration (ms): 7526.8 | throughput per GPU (TFLOP/s/GPU): 403.4 | tokens/sec/GPU: 8707 | learning rate: 3.000000E-04 | global batch size:   256 | lm loss: 7.430009E+00 | loss scale: 1.0 | grad norm: 1.452 | number of skipped iterations:   0 | number of nan iterations:   0 |
3: [default3]: [2026-05-05 09:55:07.274638] iteration       44/      50 | consumed samples:        11264 | elapsed time per iteration (ms): 7636.5 | throughput per GPU (TFLOP/s/GPU): 397.6 | tokens/sec/GPU: 8582 | learning rate: 3.000000E-04 | global batch size:   256 | lm loss: 7.326150E+00 | loss scale: 1.0 | grad norm: 1.196 | number of skipped iterations:   0 | number of nan iterations:   0 |
3: [default3]: [2026-05-05 09:55:14.910785] iteration       45/      50 | consumed samples:        11520 | elapsed time per iteration (ms): 7636.0 | throughput per GPU (TFLOP/s/GPU): 397.7 | tokens/sec/GPU: 8583 | learning rate: 3.000000E-04 | global batch size:   256 | lm loss: 7.387448E+00 | loss scale: 1.0 | grad norm: 2.857 | number of skipped iterations:   0 | number of nan iterations:   0 |
3: [default3]: [2026-05-05 09:55:22.429649] iteration       46/      50 | consumed samples:        11776 | elapsed time per iteration (ms): 7518.6 | throughput per GPU (TFLOP/s/GPU): 403.9 | tokens/sec/GPU: 8717 | learning rate: 3.000000E-04 | global batch size:   256 | lm loss: 7.343585E+00 | loss scale: 1.0 | grad norm: 1.828 | number of skipped iterations:   0 | number of nan iterations:   0 |
3: [default3]: [2026-05-05 09:55:29.761440] iteration       47/      50 | consumed samples:        12032 | elapsed time per iteration (ms): 7331.6 | throughput per GPU (TFLOP/s/GPU): 414.2 | tokens/sec/GPU: 8939 | learning rate: 3.000000E-04 | global batch size:   256 | lm loss: 7.354707E+00 | loss scale: 1.0 | grad norm: 1.664 | number of skipped iterations:   0 | number of nan iterations:   0 |
3: [default3]: [2026-05-05 09:55:37.418272] iteration       48/      50 | consumed samples:        12288 | elapsed time per iteration (ms): 7656.6 | throughput per GPU (TFLOP/s/GPU): 396.6 | tokens/sec/GPU: 8559 | learning rate: 3.000000E-04 | global batch size:   256 | lm loss: 7.353200E+00 | loss scale: 1.0 | grad norm: 1.507 | number of skipped iterations:   0 | number of nan iterations:   0 |
3: [default3]: [2026-05-05 09:55:44.920549] iteration       49/      50 | consumed samples:        12544 | elapsed time per iteration (ms): 7502.0 | throughput per GPU (TFLOP/s/GPU): 404.8 | tokens/sec/GPU: 8736 | learning rate: 3.000000E-04 | global batch size:   256 | lm loss: 7.265586E+00 | loss scale: 1.0 | grad norm: 2.196 | number of skipped iterations:   0 | number of nan iterations:   0 |
3: [default3]: [2026-05-05 09:55:52.247681] iteration       50/      50 | consumed samples:        12800 | elapsed time per iteration (ms): 7326.9 | throughput per GPU (TFLOP/s/GPU): 414.4 | tokens/sec/GPU: 8945 | learning rate: 3.000000E-04 | global batch size:   256 | lm loss: 7.229271E+00 | loss scale: 1.0 | grad norm: 1.562 | number of skipped iterations:   0 | number of nan iterations:   0 |
0: [default0]:[after training is done] datetime: 2026-05-05 09:55:52.783291
