3: [default0]:[Rank 12] (after 1 iterations) memory (MB) | allocated: 13259.42 | max allocated: 34213.09 | reserved: 38302.00 | max reserved: 38302.00
3: [default3]: [2026-05-04 15:05:52.269950] iteration        1/      50 | consumed samples:          256 | elapsed time per iteration (ms): 21033.3 | throughput per GPU (TFLOP/s/GPU): 144.4 | tokens/sec/GPU: 3116 | learning rate: 3.000000E-05 | global batch size:   256 | lm loss: 1.164947E+01 | loss scale: 1.0 | grad norm: 14.056 | number of skipped iterations:   0 | number of nan iterations:   0 |
0: [default0]:Number of parameters in transformer block in billions:  6.98
0: [default0]:Number of parameters in embedding layers in billions: 0.41
0: [default0]:Total number of parameters in billions: 7.39
0: [default0]:Number of parameters in most loaded shard in billions: 1.9509
0: [default0]:Number of parameters in other shards in billions: 1.7449
0: [default0]:compute_activation_memory_without_sp
0: [default0]:Activation memory footprint per transformer layer (precise, without SP): 2176.0 MB
0: [default0]:Number of in-flight microbatches: 4
0: [default0]:Theoretical memory footprints: weight and optimizer=16745.07 MB, activation=73382.93 MB, total=90128.00 MB
0: [default0]:
0: [default0]:[Rank 0] (after 1 iterations) memory (MB) | allocated: 12545.43 | max allocated: 78618.52 | reserved: 81764.00 | max reserved: 81764.00
0: [default0]:/usr/local/lib/python3.12/dist-packages/torch/distributed/c10d_logger.py:83: UserWarning: barrier(): using the device under current context. You can specify `device_id` in `init_process_group` to mute this warning.
0: [default0]:  return func(*args, **kwargs)
1: [default0]:[Rank 4] (after 1 iterations) memory (MB) | allocated: 11522.41 | max allocated: 60533.27 | reserved: 63624.00 | max reserved: 63624.00
2: [default0]:[Rank 8] (after 1 iterations) memory (MB) | allocated: 11522.41 | max allocated: 43108.26 | reserved: 46216.00 | max reserved: 46216.00
3: [default0]:[Rank 12] (after 2 iterations) memory (MB) | allocated: 13259.42 | max allocated: 38865.73 | reserved: 41446.00 | max reserved: 41446.00
3: [default3]: [2026-05-04 15:06:00.112909] iteration        2/      50 | consumed samples:          512 | elapsed time per iteration (ms): 14438.0 | throughput per GPU (TFLOP/s/GPU): 210.3 | tokens/sec/GPU: 4539 | learning rate: 6.000000E-05 | global batch size:   256 | lm loss: 1.165058E+01 | loss scale: 1.0 | grad norm: 11.630 | number of skipped iterations:   0 | number of nan iterations:   0 |
0: [default0]:Number of parameters in transformer block in billions:  6.98
0: [default0]:Number of parameters in embedding layers in billions: 0.41
0: [default0]:Total number of parameters in billions: 7.39
0: [default0]:Number of parameters in most loaded shard in billions: 1.9509
0: [default0]:Number of parameters in other shards in billions: 1.7449
0: [default0]:compute_activation_memory_without_sp
0: [default0]:Activation memory footprint per transformer layer (precise, without SP): 2176.0 MB
0: [default0]:Number of in-flight microbatches: 4
0: [default0]:Theoretical memory footprints: weight and optimizer=16745.07 MB, activation=73382.93 MB, total=90128.00 MB
0: [default0]:
0: [default0]:[Rank 0] (after 2 iterations) memory (MB) | allocated: 12545.43 | max allocated: 83270.00 | reserved: 86884.00 | max reserved: 86884.00
1: [default0]:[Rank 4] (after 2 iterations) memory (MB) | allocated: 11522.41 | max allocated: 64693.42 | reserved: 67720.00 | max reserved: 67720.00
2: [default0]:[Rank 8] (after 2 iterations) memory (MB) | allocated: 11522.41 | max allocated: 47268.42 | reserved: 49928.00 | max reserved: 49928.00
3: [default3]: [2026-05-04 15:06:07.947687] iteration        3/      50 | consumed samples:          768 | elapsed time per iteration (ms): 7834.5 | throughput per GPU (TFLOP/s/GPU): 387.6 | tokens/sec/GPU: 8365 | learning rate: 9.000000E-05 | global batch size:   256 | lm loss: 1.451287E+01 | loss scale: 1.0 | grad norm: 320.234 | number of skipped iterations:   0 | number of nan iterations:   0 |
3: [default3]: [2026-05-04 15:06:15.789198] iteration        4/      50 | consumed samples:         1024 | elapsed time per iteration (ms): 7841.2 | throughput per GPU (TFLOP/s/GPU): 387.2 | tokens/sec/GPU: 8358 | learning rate: 1.200000E-04 | global batch size:   256 | lm loss: 1.371282E+01 | loss scale: 1.0 | grad norm: 252.842 | number of skipped iterations:   0 | number of nan iterations:   0 |
3: [default3]: [2026-05-04 15:06:23.584685] iteration        5/      50 | consumed samples:         1280 | elapsed time per iteration (ms): 7795.3 | throughput per GPU (TFLOP/s/GPU): 389.5 | tokens/sec/GPU: 8407 | learning rate: 1.500000E-04 | global batch size:   256 | lm loss: 1.515448E+01 | loss scale: 1.0 | grad norm: 22.705 | number of skipped iterations:   0 | number of nan iterations:   0 |
3: [default3]: [2026-05-04 15:06:31.343876] iteration        6/      50 | consumed samples:         1536 | elapsed time per iteration (ms): 7758.9 | throughput per GPU (TFLOP/s/GPU): 391.4 | tokens/sec/GPU: 8447 | learning rate: 1.800000E-04 | global batch size:   256 | lm loss: 2.140503E+01 | loss scale: 1.0 | grad norm: 58.764 | number of skipped iterations:   0 | number of nan iterations:   0 |
3: [default3]: [2026-05-04 15:06:39.107334] iteration        7/      50 | consumed samples:         1792 | elapsed time per iteration (ms): 7763.3 | throughput per GPU (TFLOP/s/GPU): 391.1 | tokens/sec/GPU: 8442 | learning rate: 2.100000E-04 | global batch size:   256 | lm loss: 2.502483E+01 | loss scale: 1.0 | grad norm: 86.125 | number of skipped iterations:   0 | number of nan iterations:   0 |
3: [default3]: [2026-05-04 15:06:46.846281] iteration        8/      50 | consumed samples:         2048 | elapsed time per iteration (ms): 7738.8 | throughput per GPU (TFLOP/s/GPU): 392.4 | tokens/sec/GPU: 8468 | learning rate: 2.400000E-04 | global batch size:   256 | lm loss: 1.882292E+01 | loss scale: 1.0 | grad norm: 68.230 | number of skipped iterations:   0 | number of nan iterations:   0 |
3: [default3]: [2026-05-04 15:06:54.566173] iteration        9/      50 | consumed samples:         2304 | elapsed time per iteration (ms): 7719.6 | throughput per GPU (TFLOP/s/GPU): 393.3 | tokens/sec/GPU: 8490 | learning rate: 2.700000E-04 | global batch size:   256 | lm loss: 1.475785E+01 | loss scale: 1.0 | grad norm: 60.606 | number of skipped iterations:   0 | number of nan iterations:   0 |
3: [default3]: [2026-05-04 15:07:02.515535] iteration       10/      50 | consumed samples:         2560 | elapsed time per iteration (ms): 7949.2 | throughput per GPU (TFLOP/s/GPU): 382.0 | tokens/sec/GPU: 8244 | learning rate: 3.000000E-04 | global batch size:   256 | lm loss: 1.218029E+01 | loss scale: 1.0 | grad norm: 24.438 | number of skipped iterations:   0 | number of nan iterations:   0 |
3: [default3]: [2026-05-04 15:07:10.227417] iteration       11/      50 | consumed samples:         2816 | elapsed time per iteration (ms): 7711.6 | throughput per GPU (TFLOP/s/GPU): 393.8 | tokens/sec/GPU: 8498 | learning rate: 3.000000E-04 | global batch size:   256 | lm loss: 1.112656E+01 | loss scale: 1.0 | grad norm: 5.619 | number of skipped iterations:   0 | number of nan iterations:   0 |
3: [default3]: [2026-05-04 15:07:17.934742] iteration       12/      50 | consumed samples:         3072 | elapsed time per iteration (ms): 7707.0 | throughput per GPU (TFLOP/s/GPU): 394.0 | tokens/sec/GPU: 8503 | learning rate: 3.000000E-04 | global batch size:   256 | lm loss: 1.015146E+01 | loss scale: 1.0 | grad norm: 4.919 | number of skipped iterations:   0 | number of nan iterations:   0 |
3: [default3]: [2026-05-04 15:07:25.618176] iteration       13/      50 | consumed samples:         3328 | elapsed time per iteration (ms): 7683.2 | throughput per GPU (TFLOP/s/GPU): 395.2 | tokens/sec/GPU: 8530 | learning rate: 3.000000E-04 | global batch size:   256 | lm loss: 1.116292E+01 | loss scale: 1.0 | grad norm: 47.426 | number of skipped iterations:   0 | number of nan iterations:   0 |
3: [default3]: [2026-05-04 15:07:34.342667] iteration       14/      50 | consumed samples:         3584 | elapsed time per iteration (ms): 8724.2 | throughput per GPU (TFLOP/s/GPU): 348.1 | tokens/sec/GPU: 7512 | learning rate: 3.000000E-04 | global batch size:   256 | lm loss: 1.098050E+01 | loss scale: 1.0 | grad norm: 54.387 | number of skipped iterations:   0 | number of nan iterations:   0 |
3: [default3]: [2026-05-04 15:07:42.038930] iteration       15/      50 | consumed samples:         3840 | elapsed time per iteration (ms): 7696.1 | throughput per GPU (TFLOP/s/GPU): 394.6 | tokens/sec/GPU: 8515 | learning rate: 3.000000E-04 | global batch size:   256 | lm loss: 9.348739E+00 | loss scale: 1.0 | grad norm: 12.259 | number of skipped iterations:   0 | number of nan iterations:   0 |
3: [default3]: [2026-05-04 15:07:49.744668] iteration       16/      50 | consumed samples:         4096 | elapsed time per iteration (ms): 7705.6 | throughput per GPU (TFLOP/s/GPU): 394.1 | tokens/sec/GPU: 8505 | learning rate: 3.000000E-04 | global batch size:   256 | lm loss: 9.189882E+00 | loss scale: 1.0 | grad norm: 5.355 | number of skipped iterations:   0 | number of nan iterations:   0 |
3: [default3]: [2026-05-04 15:07:57.442041] iteration       17/      50 | consumed samples:         4352 | elapsed time per iteration (ms): 7697.1 | throughput per GPU (TFLOP/s/GPU): 394.5 | tokens/sec/GPU: 8514 | learning rate: 3.000000E-04 | global batch size:   256 | lm loss: 8.753584E+00 | loss scale: 1.0 | grad norm: 4.966 | number of skipped iterations:   0 | number of nan iterations:   0 |
3: [default3]: [2026-05-04 15:08:05.141742] iteration       18/      50 | consumed samples:         4608 | elapsed time per iteration (ms): 7699.5 | throughput per GPU (TFLOP/s/GPU): 394.4 | tokens/sec/GPU: 8512 | learning rate: 3.000000E-04 | global batch size:   256 | lm loss: 8.467937E+00 | loss scale: 1.0 | grad norm: 7.447 | number of skipped iterations:   0 | number of nan iterations:   0 |
3: [default3]: [2026-05-04 15:08:12.804532] iteration       19/      50 | consumed samples:         4864 | elapsed time per iteration (ms): 7662.5 | throughput per GPU (TFLOP/s/GPU): 396.3 | tokens/sec/GPU: 8553 | learning rate: 3.000000E-04 | global batch size:   256 | lm loss: 9.253167E+00 | loss scale: 1.0 | grad norm: 42.645 | number of skipped iterations:   0 | number of nan iterations:   0 |
3: [default3]: [2026-05-04 15:08:20.488897] iteration       20/      50 | consumed samples:         5120 | elapsed time per iteration (ms): 7684.1 | throughput per GPU (TFLOP/s/GPU): 395.2 | tokens/sec/GPU: 8529 | learning rate: 3.000000E-04 | global batch size:   256 | lm loss: 8.651287E+00 | loss scale: 1.0 | grad norm: 24.261 | number of skipped iterations:   0 | number of nan iterations:   0 |
3: [default3]: [2026-05-04 15:08:28.187006] iteration       21/      50 | consumed samples:         5376 | elapsed time per iteration (ms): 7697.9 | throughput per GPU (TFLOP/s/GPU): 394.5 | tokens/sec/GPU: 8513 | learning rate: 3.000000E-04 | global batch size:   256 | lm loss: 8.366281E+00 | loss scale: 1.0 | grad norm: 6.940 | number of skipped iterations:   0 | number of nan iterations:   0 |
3: [default3]: [2026-05-04 15:08:35.893191] iteration       22/      50 | consumed samples:         5632 | elapsed time per iteration (ms): 7706.0 | throughput per GPU (TFLOP/s/GPU): 394.0 | tokens/sec/GPU: 8505 | learning rate: 3.000000E-04 | global batch size:   256 | lm loss: 8.271968E+00 | loss scale: 1.0 | grad norm: 4.904 | number of skipped iterations:   0 | number of nan iterations:   0 |
3: [default3]: [2026-05-04 15:08:43.585764] iteration       23/      50 | consumed samples:         5888 | elapsed time per iteration (ms): 7692.4 | throughput per GPU (TFLOP/s/GPU): 394.7 | tokens/sec/GPU: 8520 | learning rate: 3.000000E-04 | global batch size:   256 | lm loss: 8.038890E+00 | loss scale: 1.0 | grad norm: 4.471 | number of skipped iterations:   0 | number of nan iterations:   0 |
3: [default3]: [2026-05-04 15:08:51.288190] iteration       24/      50 | consumed samples:         6144 | elapsed time per iteration (ms): 7702.3 | throughput per GPU (TFLOP/s/GPU): 394.2 | tokens/sec/GPU: 8509 | learning rate: 3.000000E-04 | global batch size:   256 | lm loss: 7.834806E+00 | loss scale: 1.0 | grad norm: 3.661 | number of skipped iterations:   0 | number of nan iterations:   0 |
3: [default3]: [2026-05-04 15:08:58.975746] iteration       25/      50 | consumed samples:         6400 | elapsed time per iteration (ms): 7687.3 | throughput per GPU (TFLOP/s/GPU): 395.0 | tokens/sec/GPU: 8525 | learning rate: 3.000000E-04 | global batch size:   256 | lm loss: 7.924246E+00 | loss scale: 1.0 | grad norm: 8.509 | number of skipped iterations:   0 | number of nan iterations:   0 |
3: [default3]: [2026-05-04 15:09:06.665278] iteration       26/      50 | consumed samples:         6656 | elapsed time per iteration (ms): 7689.3 | throughput per GPU (TFLOP/s/GPU): 394.9 | tokens/sec/GPU: 8523 | learning rate: 3.000000E-04 | global batch size:   256 | lm loss: 7.972612E+00 | loss scale: 1.0 | grad norm: 11.968 | number of skipped iterations:   0 | number of nan iterations:   0 |
3: [default3]: [2026-05-04 15:09:14.370526] iteration       27/      50 | consumed samples:         6912 | elapsed time per iteration (ms): 7705.0 | throughput per GPU (TFLOP/s/GPU): 394.1 | tokens/sec/GPU: 8506 | learning rate: 3.000000E-04 | global batch size:   256 | lm loss: 7.844681E+00 | loss scale: 1.0 | grad norm: 6.717 | number of skipped iterations:   0 | number of nan iterations:   0 |
3: [default3]: [2026-05-04 15:09:22.074180] iteration       28/      50 | consumed samples:         7168 | elapsed time per iteration (ms): 7703.4 | throughput per GPU (TFLOP/s/GPU): 394.2 | tokens/sec/GPU: 8507 | learning rate: 3.000000E-04 | global batch size:   256 | lm loss: 7.840505E+00 | loss scale: 1.0 | grad norm: 4.008 | number of skipped iterations:   0 | number of nan iterations:   0 |
3: [default3]: [2026-05-04 15:09:29.767822] iteration       29/      50 | consumed samples:         7424 | elapsed time per iteration (ms): 7693.5 | throughput per GPU (TFLOP/s/GPU): 394.7 | tokens/sec/GPU: 8518 | learning rate: 3.000000E-04 | global batch size:   256 | lm loss: 7.864864E+00 | loss scale: 1.0 | grad norm: 4.254 | number of skipped iterations:   0 | number of nan iterations:   0 |
3: [default3]: [2026-05-04 15:09:37.486904] iteration       30/      50 | consumed samples:         7680 | elapsed time per iteration (ms): 7718.8 | throughput per GPU (TFLOP/s/GPU): 393.4 | tokens/sec/GPU: 8490 | learning rate: 3.000000E-04 | global batch size:   256 | lm loss: 7.800728E+00 | loss scale: 1.0 | grad norm: 3.101 | number of skipped iterations:   0 | number of nan iterations:   0 |
3: [default3]: [2026-05-04 15:09:45.199900] iteration       31/      50 | consumed samples:         7936 | elapsed time per iteration (ms): 7712.9 | throughput per GPU (TFLOP/s/GPU): 393.7 | tokens/sec/GPU: 8497 | learning rate: 3.000000E-04 | global batch size:   256 | lm loss: 7.653422E+00 | loss scale: 1.0 | grad norm: 3.102 | number of skipped iterations:   0 | number of nan iterations:   0 |
3: [default3]: [2026-05-04 15:09:52.908981] iteration       32/      50 | consumed samples:         8192 | elapsed time per iteration (ms): 7708.9 | throughput per GPU (TFLOP/s/GPU): 393.9 | tokens/sec/GPU: 8501 | learning rate: 3.000000E-04 | global batch size:   256 | lm loss: 7.563292E+00 | loss scale: 1.0 | grad norm: 3.180 | number of skipped iterations:   0 | number of nan iterations:   0 |
3: [default3]: [2026-05-04 15:10:00.622979] iteration       33/      50 | consumed samples:         8448 | elapsed time per iteration (ms): 7713.7 | throughput per GPU (TFLOP/s/GPU): 393.6 | tokens/sec/GPU: 8496 | learning rate: 3.000000E-04 | global batch size:   256 | lm loss: 7.631805E+00 | loss scale: 1.0 | grad norm: 3.412 | number of skipped iterations:   0 | number of nan iterations:   0 |
3: [default3]: [2026-05-04 15:10:08.346291] iteration       34/      50 | consumed samples:         8704 | elapsed time per iteration (ms): 7723.1 | throughput per GPU (TFLOP/s/GPU): 393.2 | tokens/sec/GPU: 8486 | learning rate: 3.000000E-04 | global batch size:   256 | lm loss: 7.654263E+00 | loss scale: 1.0 | grad norm: 4.010 | number of skipped iterations:   0 | number of nan iterations:   0 |
3: [default3]: [2026-05-04 15:10:16.067904] iteration       35/      50 | consumed samples:         8960 | elapsed time per iteration (ms): 7721.4 | throughput per GPU (TFLOP/s/GPU): 393.3 | tokens/sec/GPU: 8488 | learning rate: 3.000000E-04 | global batch size:   256 | lm loss: 7.624494E+00 | loss scale: 1.0 | grad norm: 2.826 | number of skipped iterations:   0 | number of nan iterations:   0 |
3: [default3]: [2026-05-04 15:10:23.772822] iteration       36/      50 | consumed samples:         9216 | elapsed time per iteration (ms): 7704.6 | throughput per GPU (TFLOP/s/GPU): 394.1 | tokens/sec/GPU: 8506 | learning rate: 3.000000E-04 | global batch size:   256 | lm loss: 7.559639E+00 | loss scale: 1.0 | grad norm: 2.233 | number of skipped iterations:   0 | number of nan iterations:   0 |
3: [default3]: [2026-05-04 15:10:31.487578] iteration       37/      50 | consumed samples:         9472 | elapsed time per iteration (ms): 7714.6 | throughput per GPU (TFLOP/s/GPU): 393.6 | tokens/sec/GPU: 8495 | learning rate: 3.000000E-04 | global batch size:   256 | lm loss: 7.598445E+00 | loss scale: 1.0 | grad norm: 2.200 | number of skipped iterations:   0 | number of nan iterations:   0 |
3: [default3]: [2026-05-04 15:10:39.223761] iteration       38/      50 | consumed samples:         9728 | elapsed time per iteration (ms): 7735.9 | throughput per GPU (TFLOP/s/GPU): 392.5 | tokens/sec/GPU: 8472 | learning rate: 3.000000E-04 | global batch size:   256 | lm loss: 7.546660E+00 | loss scale: 1.0 | grad norm: 2.113 | number of skipped iterations:   0 | number of nan iterations:   0 |
3: [default3]: [2026-05-04 15:10:46.967719] iteration       39/      50 | consumed samples:         9984 | elapsed time per iteration (ms): 7743.8 | throughput per GPU (TFLOP/s/GPU): 392.1 | tokens/sec/GPU: 8463 | learning rate: 3.000000E-04 | global batch size:   256 | lm loss: 7.575166E+00 | loss scale: 1.0 | grad norm: 2.285 | number of skipped iterations:   0 | number of nan iterations:   0 |
3: [default3]: [2026-05-04 15:10:54.697715] iteration       40/      50 | consumed samples:        10240 | elapsed time per iteration (ms): 7729.9 | throughput per GPU (TFLOP/s/GPU): 392.8 | tokens/sec/GPU: 8478 | learning rate: 3.000000E-04 | global batch size:   256 | lm loss: 7.581650E+00 | loss scale: 1.0 | grad norm: 2.154 | number of skipped iterations:   0 | number of nan iterations:   0 |
3: [default3]: [2026-05-04 15:11:02.437956] iteration       41/      50 | consumed samples:        10496 | elapsed time per iteration (ms): 7740.0 | throughput per GPU (TFLOP/s/GPU): 392.3 | tokens/sec/GPU: 8467 | learning rate: 3.000000E-04 | global batch size:   256 | lm loss: 7.450013E+00 | loss scale: 1.0 | grad norm: 1.581 | number of skipped iterations:   0 | number of nan iterations:   0 |
3: [default3]: [2026-05-04 15:11:10.184258] iteration       42/      50 | consumed samples:        10752 | elapsed time per iteration (ms): 7746.1 | throughput per GPU (TFLOP/s/GPU): 392.0 | tokens/sec/GPU: 8461 | learning rate: 3.000000E-04 | global batch size:   256 | lm loss: 7.460360E+00 | loss scale: 1.0 | grad norm: 1.527 | number of skipped iterations:   0 | number of nan iterations:   0 |
3: [default3]: [2026-05-04 15:11:17.940467] iteration       43/      50 | consumed samples:        11008 | elapsed time per iteration (ms): 7756.0 | throughput per GPU (TFLOP/s/GPU): 391.5 | tokens/sec/GPU: 8450 | learning rate: 3.000000E-04 | global batch size:   256 | lm loss: 7.490884E+00 | loss scale: 1.0 | grad norm: 2.890 | number of skipped iterations:   0 | number of nan iterations:   0 |
3: [default3]: [2026-05-04 15:11:25.709724] iteration       44/      50 | consumed samples:        11264 | elapsed time per iteration (ms): 7768.9 | throughput per GPU (TFLOP/s/GPU): 390.9 | tokens/sec/GPU: 8436 | learning rate: 3.000000E-04 | global batch size:   256 | lm loss: 7.403520E+00 | loss scale: 1.0 | grad norm: 2.072 | number of skipped iterations:   0 | number of nan iterations:   0 |
3: [default3]: [2026-05-04 15:11:33.486082] iteration       45/      50 | consumed samples:        11520 | elapsed time per iteration (ms): 7776.2 | throughput per GPU (TFLOP/s/GPU): 390.5 | tokens/sec/GPU: 8428 | learning rate: 3.000000E-04 | global batch size:   256 | lm loss: 7.438882E+00 | loss scale: 1.0 | grad norm: 1.365 | number of skipped iterations:   0 | number of nan iterations:   0 |
3: [default3]: [2026-05-04 15:11:41.262533] iteration       46/      50 | consumed samples:        11776 | elapsed time per iteration (ms): 7776.2 | throughput per GPU (TFLOP/s/GPU): 390.5 | tokens/sec/GPU: 8428 | learning rate: 3.000000E-04 | global batch size:   256 | lm loss: 7.406790E+00 | loss scale: 1.0 | grad norm: 2.056 | number of skipped iterations:   0 | number of nan iterations:   0 |
3: [default3]: [2026-05-04 15:11:49.039484] iteration       47/      50 | consumed samples:        12032 | elapsed time per iteration (ms): 7776.8 | throughput per GPU (TFLOP/s/GPU): 390.5 | tokens/sec/GPU: 8427 | learning rate: 3.000000E-04 | global batch size:   256 | lm loss: 7.433222E+00 | loss scale: 1.0 | grad norm: 1.342 | number of skipped iterations:   0 | number of nan iterations:   0 |
3: [default3]: [2026-05-04 15:11:56.820311] iteration       48/      50 | consumed samples:        12288 | elapsed time per iteration (ms): 7780.7 | throughput per GPU (TFLOP/s/GPU): 390.3 | tokens/sec/GPU: 8423 | learning rate: 3.000000E-04 | global batch size:   256 | lm loss: 7.464890E+00 | loss scale: 1.0 | grad norm: 1.695 | number of skipped iterations:   0 | number of nan iterations:   0 |
3: [default3]: [2026-05-04 15:12:04.611488] iteration       49/      50 | consumed samples:        12544 | elapsed time per iteration (ms): 7790.9 | throughput per GPU (TFLOP/s/GPU): 389.7 | tokens/sec/GPU: 8412 | learning rate: 3.000000E-04 | global batch size:   256 | lm loss: 7.364718E+00 | loss scale: 1.0 | grad norm: 3.160 | number of skipped iterations:   0 | number of nan iterations:   0 |
3: [default3]: [2026-05-04 15:12:12.392777] iteration       50/      50 | consumed samples:        12800 | elapsed time per iteration (ms): 7781.1 | throughput per GPU (TFLOP/s/GPU): 390.2 | tokens/sec/GPU: 8422 | learning rate: 3.000000E-04 | global batch size:   256 | lm loss: 7.370842E+00 | loss scale: 1.0 | grad norm: 2.014 | number of skipped iterations:   0 | number of nan iterations:   0 |
0: [default0]:[after training is done] datetime: 2026-05-04 15:12:12.944217
