2: [default0]:[Rank 8] (after 1 iterations) memory (MB) | allocated: 11528.41 | max allocated: 23992.21 | reserved: 24562.00 | max reserved: 24562.00
3: [default0]:[Rank 12] (after 1 iterations) memory (MB) | allocated: 13264.61 | max allocated: 24673.12 | reserved: 25620.00 | max reserved: 25620.00
3: [default3]: [2026-05-05 15:37:45.513869] iteration        1/      50 | consumed samples:          256 | elapsed time per iteration (ms): 34106.7 | throughput per GPU (TFLOP/s/GPU): 89.0 | tokens/sec/GPU: 1921 | learning rate: 3.000000E-05 | global batch size:   256 | lm loss: 1.165717E+01 | loss scale: 1.0 | grad norm: 13.888 | number of skipped iterations:   0 | number of nan iterations:   0 |
1: [default0]:[Rank 4] (after 1 iterations) memory (MB) | allocated: 11528.41 | max allocated: 26106.34 | reserved: 26740.00 | max reserved: 26740.00
0: [default0]:/usr/local/lib/python3.12/dist-packages/torch/distributed/c10d_logger.py:83: UserWarning: barrier(): using the device under current context. You can specify `device_id` in `init_process_group` to mute this warning.
0: [default0]:  return func(*args, **kwargs)
0: [default0]:Number of parameters in transformer block in billions:  6.98
0: [default0]:Number of parameters in embedding layers in billions: 0.41
0: [default0]:Total number of parameters in billions: 7.39
0: [default0]:Number of parameters in most loaded shard in billions: 1.9509
0: [default0]:Number of parameters in other shards in billions: 1.7449
0: [default0]:compute_activation_memory_without_sp
0: [default0]:Activation memory footprint per transformer layer (precise, without SP): 544.0 MB
0: [default0]:Memory penalty from interleaved schedule: 1.19
0: [default0]:Number of in-flight microbatches: 5
0: [default0]:Theoretical memory footprints: weight and optimizer=16745.07 MB, activation=21785.56 MB, total=38530.63 MB
0: [default0]:
0: [default0]:[Rank 0] (after 1 iterations) memory (MB) | allocated: 12743.60 | max allocated: 29008.66 | reserved: 30718.00 | max reserved: 30718.00
2: [default0]:[Rank 8] (after 2 iterations) memory (MB) | allocated: 11528.41 | max allocated: 28152.37 | reserved: 28786.00 | max reserved: 28786.00
3: [default0]:[Rank 12] (after 2 iterations) memory (MB) | allocated: 13264.61 | max allocated: 29325.54 | reserved: 30188.00 | max reserved: 30188.00
3: [default3]: [2026-05-05 15:38:12.019535] iteration        2/      50 | consumed samples:          512 | elapsed time per iteration (ms): 30306.1 | throughput per GPU (TFLOP/s/GPU): 100.2 | tokens/sec/GPU: 2162 | learning rate: 6.000000E-05 | global batch size:   256 | lm loss: 1.165876E+01 | loss scale: 1.0 | grad norm: 11.483 | number of skipped iterations:   0 | number of nan iterations:   0 |
1: [default0]:[Rank 4] (after 2 iterations) memory (MB) | allocated: 11528.41 | max allocated: 30266.50 | reserved: 30996.00 | max reserved: 30996.00
0: [default0]:Number of parameters in transformer block in billions:  6.98
0: [default0]:Number of parameters in embedding layers in billions: 0.41
0: [default0]:Total number of parameters in billions: 7.39
0: [default0]:Number of parameters in most loaded shard in billions: 1.9509
0: [default0]:Number of parameters in other shards in billions: 1.7449
0: [default0]:compute_activation_memory_without_sp
0: [default0]:Activation memory footprint per transformer layer (precise, without SP): 544.0 MB
0: [default0]:Memory penalty from interleaved schedule: 1.19
0: [default0]:Number of in-flight microbatches: 5
0: [default0]:Theoretical memory footprints: weight and optimizer=16745.07 MB, activation=21785.56 MB, total=38530.63 MB
0: [default0]:
0: [default0]:[Rank 0] (after 2 iterations) memory (MB) | allocated: 12743.60 | max allocated: 33660.10 | reserved: 35772.00 | max reserved: 35772.00
3: [default3]: [2026-05-05 15:38:22.062280] iteration        3/      50 | consumed samples:          768 | elapsed time per iteration (ms): 10042.6 | throughput per GPU (TFLOP/s/GPU): 302.4 | tokens/sec/GPU: 6526 | learning rate: 9.000000E-05 | global batch size:   256 | lm loss: 1.284595E+01 | loss scale: 1.0 | grad norm: 265.963 | number of skipped iterations:   0 | number of nan iterations:   0 |
3: [default3]: [2026-05-05 15:38:32.138439] iteration        4/      50 | consumed samples:         1024 | elapsed time per iteration (ms): 10076.0 | throughput per GPU (TFLOP/s/GPU): 301.4 | tokens/sec/GPU: 6504 | learning rate: 1.200000E-04 | global batch size:   256 | lm loss: 1.754301E+01 | loss scale: 1.0 | grad norm: 532.623 | number of skipped iterations:   0 | number of nan iterations:   0 |
3: [default3]: [2026-05-05 15:38:41.798509] iteration        5/      50 | consumed samples:         1280 | elapsed time per iteration (ms): 9659.9 | throughput per GPU (TFLOP/s/GPU): 314.3 | tokens/sec/GPU: 6784 | learning rate: 1.500000E-04 | global batch size:   256 | lm loss: 1.485548E+01 | loss scale: 1.0 | grad norm: 33.174 | number of skipped iterations:   0 | number of nan iterations:   0 |
3: [default3]: [2026-05-05 15:38:50.969461] iteration        6/      50 | consumed samples:         1536 | elapsed time per iteration (ms): 9170.8 | throughput per GPU (TFLOP/s/GPU): 331.1 | tokens/sec/GPU: 7146 | learning rate: 1.800000E-04 | global batch size:   256 | lm loss: 2.214586E+01 | loss scale: 1.0 | grad norm: 64.978 | number of skipped iterations:   0 | number of nan iterations:   0 |
3: [default3]: [2026-05-05 15:38:59.683967] iteration        7/      50 | consumed samples:         1792 | elapsed time per iteration (ms): 8714.3 | throughput per GPU (TFLOP/s/GPU): 348.5 | tokens/sec/GPU: 7521 | learning rate: 2.100000E-04 | global batch size:   256 | lm loss: 2.145848E+01 | loss scale: 1.0 | grad norm: 86.784 | number of skipped iterations:   0 | number of nan iterations:   0 |
3: [default3]: [2026-05-05 15:39:08.751984] iteration        8/      50 | consumed samples:         2048 | elapsed time per iteration (ms): 9067.8 | throughput per GPU (TFLOP/s/GPU): 334.9 | tokens/sec/GPU: 7227 | learning rate: 2.400000E-04 | global batch size:   256 | lm loss: 1.744550E+01 | loss scale: 1.0 | grad norm: 69.229 | number of skipped iterations:   0 | number of nan iterations:   0 |
3: [default3]: [2026-05-05 15:39:17.036045] iteration        9/      50 | consumed samples:         2304 | elapsed time per iteration (ms): 8283.8 | throughput per GPU (TFLOP/s/GPU): 366.6 | tokens/sec/GPU: 7911 | learning rate: 2.700000E-04 | global batch size:   256 | lm loss: 1.341932E+01 | loss scale: 1.0 | grad norm: 61.181 | number of skipped iterations:   0 | number of nan iterations:   0 |
3: [default3]: [2026-05-05 15:39:25.946781] iteration       10/      50 | consumed samples:         2560 | elapsed time per iteration (ms): 8910.5 | throughput per GPU (TFLOP/s/GPU): 340.8 | tokens/sec/GPU: 7355 | learning rate: 3.000000E-04 | global batch size:   256 | lm loss: 1.136892E+01 | loss scale: 1.0 | grad norm: 7.750 | number of skipped iterations:   0 | number of nan iterations:   0 |
3: [default3]: [2026-05-05 15:39:35.164721] iteration       11/      50 | consumed samples:         2816 | elapsed time per iteration (ms): 9217.8 | throughput per GPU (TFLOP/s/GPU): 329.4 | tokens/sec/GPU: 7110 | learning rate: 3.000000E-04 | global batch size:   256 | lm loss: 1.069294E+01 | loss scale: 1.0 | grad norm: 6.411 | number of skipped iterations:   0 | number of nan iterations:   0 |
3: [default3]: [2026-05-05 15:39:43.375484] iteration       12/      50 | consumed samples:         3072 | elapsed time per iteration (ms): 8210.6 | throughput per GPU (TFLOP/s/GPU): 369.8 | tokens/sec/GPU: 7982 | learning rate: 3.000000E-04 | global batch size:   256 | lm loss: 1.035275E+01 | loss scale: 1.0 | grad norm: 27.072 | number of skipped iterations:   0 | number of nan iterations:   0 |
3: [default3]: [2026-05-05 15:39:52.640710] iteration       13/      50 | consumed samples:         3328 | elapsed time per iteration (ms): 9265.1 | throughput per GPU (TFLOP/s/GPU): 327.7 | tokens/sec/GPU: 7073 | learning rate: 3.000000E-04 | global batch size:   256 | lm loss: 1.078678E+01 | loss scale: 1.0 | grad norm: 44.304 | number of skipped iterations:   0 | number of nan iterations:   0 |
3: [default3]: [2026-05-05 15:40:00.653428] iteration       14/      50 | consumed samples:         3584 | elapsed time per iteration (ms): 8012.5 | throughput per GPU (TFLOP/s/GPU): 379.0 | tokens/sec/GPU: 8179 | learning rate: 3.000000E-04 | global batch size:   256 | lm loss: 9.890526E+00 | loss scale: 1.0 | grad norm: 6.138 | number of skipped iterations:   0 | number of nan iterations:   0 |
3: [default3]: [2026-05-05 15:40:08.414082] iteration       15/      50 | consumed samples:         3840 | elapsed time per iteration (ms): 7760.5 | throughput per GPU (TFLOP/s/GPU): 391.3 | tokens/sec/GPU: 8445 | learning rate: 3.000000E-04 | global batch size:   256 | lm loss: 9.543477E+00 | loss scale: 1.0 | grad norm: 5.196 | number of skipped iterations:   0 | number of nan iterations:   0 |
3: [default3]: [2026-05-05 15:40:16.453722] iteration       16/      50 | consumed samples:         4096 | elapsed time per iteration (ms): 8039.5 | throughput per GPU (TFLOP/s/GPU): 377.7 | tokens/sec/GPU: 8152 | learning rate: 3.000000E-04 | global batch size:   256 | lm loss: 9.066260E+00 | loss scale: 1.0 | grad norm: 5.164 | number of skipped iterations:   0 | number of nan iterations:   0 |
3: [default3]: [2026-05-05 15:40:24.427842] iteration       17/      50 | consumed samples:         4352 | elapsed time per iteration (ms): 7973.9 | throughput per GPU (TFLOP/s/GPU): 380.8 | tokens/sec/GPU: 8219 | learning rate: 3.000000E-04 | global batch size:   256 | lm loss: 8.402577E+00 | loss scale: 1.0 | grad norm: 5.065 | number of skipped iterations:   0 | number of nan iterations:   0 |
3: [default3]: [2026-05-05 15:40:32.238242] iteration       18/      50 | consumed samples:         4608 | elapsed time per iteration (ms): 7810.2 | throughput per GPU (TFLOP/s/GPU): 388.8 | tokens/sec/GPU: 8391 | learning rate: 3.000000E-04 | global batch size:   256 | lm loss: 9.165287E+00 | loss scale: 1.0 | grad norm: 34.904 | number of skipped iterations:   0 | number of nan iterations:   0 |
3: [default3]: [2026-05-05 15:40:39.555602] iteration       19/      50 | consumed samples:         4864 | elapsed time per iteration (ms): 7317.2 | throughput per GPU (TFLOP/s/GPU): 415.0 | tokens/sec/GPU: 8956 | learning rate: 3.000000E-04 | global batch size:   256 | lm loss: 1.038378E+01 | loss scale: 1.0 | grad norm: 50.014 | number of skipped iterations:   0 | number of nan iterations:   0 |
3: [default3]: [2026-05-05 15:40:47.626186] iteration       20/      50 | consumed samples:         5120 | elapsed time per iteration (ms): 8070.4 | throughput per GPU (TFLOP/s/GPU): 376.3 | tokens/sec/GPU: 8121 | learning rate: 3.000000E-04 | global batch size:   256 | lm loss: 1.010195E+01 | loss scale: 1.0 | grad norm: 31.838 | number of skipped iterations:   0 | number of nan iterations:   0 |
3: [default3]: [2026-05-05 15:40:55.373095] iteration       21/      50 | consumed samples:         5376 | elapsed time per iteration (ms): 7746.8 | throughput per GPU (TFLOP/s/GPU): 392.0 | tokens/sec/GPU: 8460 | learning rate: 3.000000E-04 | global batch size:   256 | lm loss: 9.842278E+00 | loss scale: 1.0 | grad norm: 31.995 | number of skipped iterations:   0 | number of nan iterations:   0 |
3: [default3]: [2026-05-05 15:41:03.224029] iteration       22/      50 | consumed samples:         5632 | elapsed time per iteration (ms): 7850.7 | throughput per GPU (TFLOP/s/GPU): 386.8 | tokens/sec/GPU: 8348 | learning rate: 3.000000E-04 | global batch size:   256 | lm loss: 9.172804E+00 | loss scale: 1.0 | grad norm: 18.949 | number of skipped iterations:   0 | number of nan iterations:   0 |
3: [default3]: [2026-05-05 15:41:11.027475] iteration       23/      50 | consumed samples:         5888 | elapsed time per iteration (ms): 7803.2 | throughput per GPU (TFLOP/s/GPU): 389.1 | tokens/sec/GPU: 8399 | learning rate: 3.000000E-04 | global batch size:   256 | lm loss: 8.730734E+00 | loss scale: 1.0 | grad norm: 9.972 | number of skipped iterations:   0 | number of nan iterations:   0 |
3: [default3]: [2026-05-05 15:41:18.671788] iteration       24/      50 | consumed samples:         6144 | elapsed time per iteration (ms): 7644.1 | throughput per GPU (TFLOP/s/GPU): 397.2 | tokens/sec/GPU: 8573 | learning rate: 3.000000E-04 | global batch size:   256 | lm loss: 8.491947E+00 | loss scale: 1.0 | grad norm: 7.013 | number of skipped iterations:   0 | number of nan iterations:   0 |
3: [default3]: [2026-05-05 15:41:26.673135] iteration       25/      50 | consumed samples:         6400 | elapsed time per iteration (ms): 8001.1 | throughput per GPU (TFLOP/s/GPU): 379.5 | tokens/sec/GPU: 8191 | learning rate: 3.000000E-04 | global batch size:   256 | lm loss: 8.318830E+00 | loss scale: 1.0 | grad norm: 4.026 | number of skipped iterations:   0 | number of nan iterations:   0 |
3: [default3]: [2026-05-05 15:41:39.261279] iteration       26/      50 | consumed samples:         6656 | elapsed time per iteration (ms): 12588.0 | throughput per GPU (TFLOP/s/GPU): 241.2 | tokens/sec/GPU: 5206 | learning rate: 3.000000E-04 | global batch size:   256 | lm loss: 8.026233E+00 | loss scale: 1.0 | grad norm: 3.477 | number of skipped iterations:   0 | number of nan iterations:   0 |
3: [default3]: [2026-05-05 15:41:48.175755] iteration       27/      50 | consumed samples:         6912 | elapsed time per iteration (ms): 8914.3 | throughput per GPU (TFLOP/s/GPU): 340.6 | tokens/sec/GPU: 7352 | learning rate: 3.000000E-04 | global batch size:   256 | lm loss: 7.765058E+00 | loss scale: 1.0 | grad norm: 4.134 | number of skipped iterations:   0 | number of nan iterations:   0 |
3: [default3]: [2026-05-05 15:41:56.634891] iteration       28/      50 | consumed samples:         7168 | elapsed time per iteration (ms): 8459.0 | throughput per GPU (TFLOP/s/GPU): 359.0 | tokens/sec/GPU: 7747 | learning rate: 3.000000E-04 | global batch size:   256 | lm loss: 7.805129E+00 | loss scale: 1.0 | grad norm: 5.118 | number of skipped iterations:   0 | number of nan iterations:   0 |
3: [default3]: [2026-05-05 15:42:04.915990] iteration       29/      50 | consumed samples:         7424 | elapsed time per iteration (ms): 8281.0 | throughput per GPU (TFLOP/s/GPU): 366.7 | tokens/sec/GPU: 7914 | learning rate: 3.000000E-04 | global batch size:   256 | lm loss: 7.899592E+00 | loss scale: 1.0 | grad norm: 5.105 | number of skipped iterations:   0 | number of nan iterations:   0 |
3: [default3]: [2026-05-05 15:42:12.709313] iteration       30/      50 | consumed samples:         7680 | elapsed time per iteration (ms): 7793.1 | throughput per GPU (TFLOP/s/GPU): 389.6 | tokens/sec/GPU: 8409 | learning rate: 3.000000E-04 | global batch size:   256 | lm loss: 7.916152E+00 | loss scale: 1.0 | grad norm: 5.742 | number of skipped iterations:   0 | number of nan iterations:   0 |
3: [default3]: [2026-05-05 15:42:20.458890] iteration       31/      50 | consumed samples:         7936 | elapsed time per iteration (ms): 7749.4 | throughput per GPU (TFLOP/s/GPU): 391.8 | tokens/sec/GPU: 8457 | learning rate: 3.000000E-04 | global batch size:   256 | lm loss: 7.817666E+00 | loss scale: 1.0 | grad norm: 2.438 | number of skipped iterations:   0 | number of nan iterations:   0 |
3: [default3]: [2026-05-05 15:42:28.449418] iteration       32/      50 | consumed samples:         8192 | elapsed time per iteration (ms): 7990.4 | throughput per GPU (TFLOP/s/GPU): 380.0 | tokens/sec/GPU: 8202 | learning rate: 3.000000E-04 | global batch size:   256 | lm loss: 7.733647E+00 | loss scale: 1.0 | grad norm: 4.336 | number of skipped iterations:   0 | number of nan iterations:   0 |
3: [default3]: [2026-05-05 15:42:36.183725] iteration       33/      50 | consumed samples:         8448 | elapsed time per iteration (ms): 7734.1 | throughput per GPU (TFLOP/s/GPU): 392.6 | tokens/sec/GPU: 8474 | learning rate: 3.000000E-04 | global batch size:   256 | lm loss: 7.771099E+00 | loss scale: 1.0 | grad norm: 3.054 | number of skipped iterations:   0 | number of nan iterations:   0 |
3: [default3]: [2026-05-05 15:42:43.648962] iteration       34/      50 | consumed samples:         8704 | elapsed time per iteration (ms): 7465.0 | throughput per GPU (TFLOP/s/GPU): 406.8 | tokens/sec/GPU: 8779 | learning rate: 3.000000E-04 | global batch size:   256 | lm loss: 7.735054E+00 | loss scale: 1.0 | grad norm: 3.323 | number of skipped iterations:   0 | number of nan iterations:   0 |
3: [default3]: [2026-05-05 15:42:51.610445] iteration       35/      50 | consumed samples:         8960 | elapsed time per iteration (ms): 7961.3 | throughput per GPU (TFLOP/s/GPU): 381.4 | tokens/sec/GPU: 8232 | learning rate: 3.000000E-04 | global batch size:   256 | lm loss: 7.662728E+00 | loss scale: 1.0 | grad norm: 3.259 | number of skipped iterations:   0 | number of nan iterations:   0 |
3: [default3]: [2026-05-05 15:42:59.659866] iteration       36/      50 | consumed samples:         9216 | elapsed time per iteration (ms): 8049.3 | throughput per GPU (TFLOP/s/GPU): 377.2 | tokens/sec/GPU: 8142 | learning rate: 3.000000E-04 | global batch size:   256 | lm loss: 7.569992E+00 | loss scale: 1.0 | grad norm: 2.528 | number of skipped iterations:   0 | number of nan iterations:   0 |
3: [default3]: [2026-05-05 15:43:07.528708] iteration       37/      50 | consumed samples:         9472 | elapsed time per iteration (ms): 7868.7 | throughput per GPU (TFLOP/s/GPU): 385.9 | tokens/sec/GPU: 8329 | learning rate: 3.000000E-04 | global batch size:   256 | lm loss: 7.610716E+00 | loss scale: 1.0 | grad norm: 3.224 | number of skipped iterations:   0 | number of nan iterations:   0 |
3: [default3]: [2026-05-05 15:43:15.689265] iteration       38/      50 | consumed samples:         9728 | elapsed time per iteration (ms): 8160.4 | throughput per GPU (TFLOP/s/GPU): 372.1 | tokens/sec/GPU: 8031 | learning rate: 3.000000E-04 | global batch size:   256 | lm loss: 7.596631E+00 | loss scale: 1.0 | grad norm: 3.819 | number of skipped iterations:   0 | number of nan iterations:   0 |
3: [default3]: [2026-05-05 15:43:24.076460] iteration       39/      50 | consumed samples:         9984 | elapsed time per iteration (ms): 8387.0 | throughput per GPU (TFLOP/s/GPU): 362.1 | tokens/sec/GPU: 7814 | learning rate: 3.000000E-04 | global batch size:   256 | lm loss: 7.616409E+00 | loss scale: 1.0 | grad norm: 3.059 | number of skipped iterations:   0 | number of nan iterations:   0 |
3: [default3]: [2026-05-05 15:43:31.530331] iteration       40/      50 | consumed samples:        10240 | elapsed time per iteration (ms): 7453.7 | throughput per GPU (TFLOP/s/GPU): 407.4 | tokens/sec/GPU: 8792 | learning rate: 3.000000E-04 | global batch size:   256 | lm loss: 7.589559E+00 | loss scale: 1.0 | grad norm: 2.038 | number of skipped iterations:   0 | number of nan iterations:   0 |
3: [default3]: [2026-05-05 15:43:39.797618] iteration       41/      50 | consumed samples:        10496 | elapsed time per iteration (ms): 8267.0 | throughput per GPU (TFLOP/s/GPU): 367.3 | tokens/sec/GPU: 7927 | learning rate: 3.000000E-04 | global batch size:   256 | lm loss: 7.428968E+00 | loss scale: 1.0 | grad norm: 1.496 | number of skipped iterations:   0 | number of nan iterations:   0 |
3: [default3]: [2026-05-05 15:43:48.076603] iteration       42/      50 | consumed samples:        10752 | elapsed time per iteration (ms): 8278.8 | throughput per GPU (TFLOP/s/GPU): 366.8 | tokens/sec/GPU: 7916 | learning rate: 3.000000E-04 | global batch size:   256 | lm loss: 7.433044E+00 | loss scale: 1.0 | grad norm: 1.502 | number of skipped iterations:   0 | number of nan iterations:   0 |
3: [default3]: [2026-05-05 15:43:55.745397] iteration       43/      50 | consumed samples:        11008 | elapsed time per iteration (ms): 7668.7 | throughput per GPU (TFLOP/s/GPU): 396.0 | tokens/sec/GPU: 8546 | learning rate: 3.000000E-04 | global batch size:   256 | lm loss: 7.467136E+00 | loss scale: 1.0 | grad norm: 1.723 | number of skipped iterations:   0 | number of nan iterations:   0 |
3: [default3]: [2026-05-05 15:44:04.126478] iteration       44/      50 | consumed samples:        11264 | elapsed time per iteration (ms): 8380.9 | throughput per GPU (TFLOP/s/GPU): 362.3 | tokens/sec/GPU: 7820 | learning rate: 3.000000E-04 | global batch size:   256 | lm loss: 7.381389E+00 | loss scale: 1.0 | grad norm: 2.061 | number of skipped iterations:   0 | number of nan iterations:   0 |
3: [default3]: [2026-05-05 15:44:11.529284] iteration       45/      50 | consumed samples:        11520 | elapsed time per iteration (ms): 7402.7 | throughput per GPU (TFLOP/s/GPU): 410.2 | tokens/sec/GPU: 8853 | learning rate: 3.000000E-04 | global batch size:   256 | lm loss: 7.419263E+00 | loss scale: 1.0 | grad norm: 1.399 | number of skipped iterations:   0 | number of nan iterations:   0 |
3: [default3]: [2026-05-05 15:44:19.582624] iteration       46/      50 | consumed samples:        11776 | elapsed time per iteration (ms): 8053.2 | throughput per GPU (TFLOP/s/GPU): 377.1 | tokens/sec/GPU: 8138 | learning rate: 3.000000E-04 | global batch size:   256 | lm loss: 7.387495E+00 | loss scale: 1.0 | grad norm: 1.545 | number of skipped iterations:   0 | number of nan iterations:   0 |
3: [default3]: [2026-05-05 15:44:28.195532] iteration       47/      50 | consumed samples:        12032 | elapsed time per iteration (ms): 8612.7 | throughput per GPU (TFLOP/s/GPU): 352.6 | tokens/sec/GPU: 7609 | learning rate: 3.000000E-04 | global batch size:   256 | lm loss: 7.426564E+00 | loss scale: 1.0 | grad norm: 2.416 | number of skipped iterations:   0 | number of nan iterations:   0 |
3: [default3]: [2026-05-05 15:44:36.992555] iteration       48/      50 | consumed samples:        12288 | elapsed time per iteration (ms): 8796.9 | throughput per GPU (TFLOP/s/GPU): 345.2 | tokens/sec/GPU: 7450 | learning rate: 3.000000E-04 | global batch size:   256 | lm loss: 7.435673E+00 | loss scale: 1.0 | grad norm: 2.177 | number of skipped iterations:   0 | number of nan iterations:   0 |
3: [default3]: [2026-05-05 15:44:44.641078] iteration       49/      50 | consumed samples:        12544 | elapsed time per iteration (ms): 7648.3 | throughput per GPU (TFLOP/s/GPU): 397.0 | tokens/sec/GPU: 8569 | learning rate: 3.000000E-04 | global batch size:   256 | lm loss: 7.327894E+00 | loss scale: 1.0 | grad norm: 1.939 | number of skipped iterations:   0 | number of nan iterations:   0 |
3: [default3]: [2026-05-05 15:44:52.478603] iteration       50/      50 | consumed samples:        12800 | elapsed time per iteration (ms): 7837.3 | throughput per GPU (TFLOP/s/GPU): 387.4 | tokens/sec/GPU: 8362 | learning rate: 3.000000E-04 | global batch size:   256 | lm loss: 7.320864E+00 | loss scale: 1.0 | grad norm: 2.757 | number of skipped iterations:   0 | number of nan iterations:   0 |
0: [default0]:[after training is done] datetime: 2026-05-05 15:44:53.024022
