1: [default0]:[Rank 4] (after 1 iterations) memory (MB) | allocated: 11524.41 | max allocated: 47146.53 | reserved: 48352.00 | max reserved: 48352.00
0: [default0]:/usr/local/lib/python3.12/dist-packages/torch/distributed/c10d_logger.py:83: UserWarning: barrier(): using the device under current context. You can specify `device_id` in `init_process_group` to mute this warning.
0: [default0]:  return func(*args, **kwargs)
3: [default0]:[Rank 12] (after 1 iterations) memory (MB) | allocated: 13261.55 | max allocated: 34448.54 | reserved: 36804.00 | max reserved: 36804.00
3: [default3]: [2026-05-06 09:38:56.075493] iteration        1/      50 | consumed samples:          256 | elapsed time per iteration (ms): 21479.5 | throughput per GPU (TFLOP/s/GPU): 141.4 | tokens/sec/GPU: 3051 | learning rate: 3.000000E-05 | global batch size:   256 | lm loss: 1.164159E+01 | loss scale: 1.0 | grad norm: 14.135 | number of skipped iterations:   0 | number of nan iterations:   0 |
2: [default0]:[Rank 8] (after 1 iterations) memory (MB) | allocated: 11524.41 | max allocated: 38562.02 | reserved: 40088.00 | max reserved: 40088.00
0: [default0]:Number of parameters in transformer block in billions:  6.98
0: [default0]:Number of parameters in embedding layers in billions: 0.41
0: [default0]:Total number of parameters in billions: 7.39
0: [default0]:Number of parameters in most loaded shard in billions: 1.9509
0: [default0]:Number of parameters in other shards in billions: 1.7449
0: [default0]:compute_activation_memory_without_sp
0: [default0]:Activation memory footprint per transformer layer (precise, without SP): 1088.0 MB
0: [default0]:Memory penalty from interleaved schedule: 1.38
0: [default0]:Number of in-flight microbatches: 6
0: [default0]:Theoretical memory footprints: weight and optimizer=16745.07 MB, activation=50450.76 MB, total=67195.83 MB
0: [default0]:
0: [default0]:[Rank 0] (after 1 iterations) memory (MB) | allocated: 12675.54 | max allocated: 56519.41 | reserved: 58338.00 | max reserved: 58338.00
1: [default0]:[Rank 4] (after 2 iterations) memory (MB) | allocated: 11524.41 | max allocated: 51306.68 | reserved: 52352.00 | max reserved: 52352.00
3: [default0]:[Rank 12] (after 2 iterations) memory (MB) | allocated: 13261.55 | max allocated: 39100.96 | reserved: 39950.00 | max reserved: 39950.00
3: [default3]: [2026-05-06 09:39:03.960337] iteration        2/      50 | consumed samples:          512 | elapsed time per iteration (ms): 14682.1 | throughput per GPU (TFLOP/s/GPU): 206.8 | tokens/sec/GPU: 4464 | learning rate: 6.000000E-05 | global batch size:   256 | lm loss: 1.164654E+01 | loss scale: 1.0 | grad norm: 11.528 | number of skipped iterations:   0 | number of nan iterations:   0 |
2: [default0]:[Rank 8] (after 2 iterations) memory (MB) | allocated: 11524.41 | max allocated: 42722.18 | reserved: 43896.00 | max reserved: 43896.00
0: [default0]:Number of parameters in transformer block in billions:  6.98
0: [default0]:Number of parameters in embedding layers in billions: 0.41
0: [default0]:Total number of parameters in billions: 7.39
0: [default0]:Number of parameters in most loaded shard in billions: 1.9509
0: [default0]:Number of parameters in other shards in billions: 1.7449
0: [default0]:compute_activation_memory_without_sp
0: [default0]:Activation memory footprint per transformer layer (precise, without SP): 1088.0 MB
0: [default0]:Memory penalty from interleaved schedule: 1.38
0: [default0]:Number of in-flight microbatches: 6
0: [default0]:Theoretical memory footprints: weight and optimizer=16745.07 MB, activation=50450.76 MB, total=67195.83 MB
0: [default0]:
0: [default0]:[Rank 0] (after 2 iterations) memory (MB) | allocated: 12675.54 | max allocated: 61170.81 | reserved: 63298.00 | max reserved: 63298.00
3: [default3]: [2026-05-06 09:39:11.735155] iteration        3/      50 | consumed samples:          768 | elapsed time per iteration (ms): 7774.6 | throughput per GPU (TFLOP/s/GPU): 390.6 | tokens/sec/GPU: 8429 | learning rate: 9.000000E-05 | global batch size:   256 | lm loss: 1.451007E+01 | loss scale: 1.0 | grad norm: 311.286 | number of skipped iterations:   0 | number of nan iterations:   0 |
3: [default3]: [2026-05-06 09:39:19.145484] iteration        4/      50 | consumed samples:         1024 | elapsed time per iteration (ms): 7410.0 | throughput per GPU (TFLOP/s/GPU): 409.8 | tokens/sec/GPU: 8844 | learning rate: 1.200000E-04 | global batch size:   256 | lm loss: 1.540404E+01 | loss scale: 1.0 | grad norm: 506.431 | number of skipped iterations:   0 | number of nan iterations:   0 |
3: [default3]: [2026-05-06 09:39:26.842607] iteration        5/      50 | consumed samples:         1280 | elapsed time per iteration (ms): 7696.9 | throughput per GPU (TFLOP/s/GPU): 394.5 | tokens/sec/GPU: 8515 | learning rate: 1.500000E-04 | global batch size:   256 | lm loss: 1.542721E+01 | loss scale: 1.0 | grad norm: 23.935 | number of skipped iterations:   0 | number of nan iterations:   0 |
3: [default3]: [2026-05-06 09:39:34.093520] iteration        6/      50 | consumed samples:         1536 | elapsed time per iteration (ms): 7250.6 | throughput per GPU (TFLOP/s/GPU): 418.8 | tokens/sec/GPU: 9039 | learning rate: 1.800000E-04 | global batch size:   256 | lm loss: 2.256036E+01 | loss scale: 1.0 | grad norm: 67.537 | number of skipped iterations:   0 | number of nan iterations:   0 |
3: [default3]: [2026-05-06 09:39:41.855919] iteration        7/      50 | consumed samples:         1792 | elapsed time per iteration (ms): 7762.1 | throughput per GPU (TFLOP/s/GPU): 391.2 | tokens/sec/GPU: 8443 | learning rate: 2.100000E-04 | global batch size:   256 | lm loss: 1.734437E+01 | loss scale: 1.0 | grad norm: 46.673 | number of skipped iterations:   0 | number of nan iterations:   0 |
3: [default3]: [2026-05-06 09:39:49.605240] iteration        8/      50 | consumed samples:         2048 | elapsed time per iteration (ms): 7749.1 | throughput per GPU (TFLOP/s/GPU): 391.9 | tokens/sec/GPU: 8457 | learning rate: 2.400000E-04 | global batch size:   256 | lm loss: 1.369715E+01 | loss scale: 1.0 | grad norm: 45.106 | number of skipped iterations:   0 | number of nan iterations:   0 |
3: [default3]: [2026-05-06 09:39:56.910873] iteration        9/      50 | consumed samples:         2304 | elapsed time per iteration (ms): 7305.5 | throughput per GPU (TFLOP/s/GPU): 415.6 | tokens/sec/GPU: 8971 | learning rate: 2.700000E-04 | global batch size:   256 | lm loss: 1.180581E+01 | loss scale: 1.0 | grad norm: 12.834 | number of skipped iterations:   0 | number of nan iterations:   0 |
3: [default3]: [2026-05-06 09:40:04.460854] iteration       10/      50 | consumed samples:         2560 | elapsed time per iteration (ms): 7549.8 | throughput per GPU (TFLOP/s/GPU): 402.2 | tokens/sec/GPU: 8680 | learning rate: 3.000000E-04 | global batch size:   256 | lm loss: 1.107750E+01 | loss scale: 1.0 | grad norm: 5.283 | number of skipped iterations:   0 | number of nan iterations:   0 |
3: [default3]: [2026-05-06 09:40:11.926317] iteration       11/      50 | consumed samples:         2816 | elapsed time per iteration (ms): 7465.2 | throughput per GPU (TFLOP/s/GPU): 406.8 | tokens/sec/GPU: 8779 | learning rate: 3.000000E-04 | global batch size:   256 | lm loss: 1.002426E+01 | loss scale: 1.0 | grad norm: 11.291 | number of skipped iterations:   0 | number of nan iterations:   0 |
3: [default3]: [2026-05-06 09:40:18.816135] iteration       12/      50 | consumed samples:         3072 | elapsed time per iteration (ms): 6889.5 | throughput per GPU (TFLOP/s/GPU): 440.7 | tokens/sec/GPU: 9512 | learning rate: 3.000000E-04 | global batch size:   256 | lm loss: 1.158987E+01 | loss scale: 1.0 | grad norm: 58.080 | number of skipped iterations:   0 | number of nan iterations:   0 |
3: [default3]: [2026-05-06 09:40:25.725252] iteration       13/      50 | consumed samples:         3328 | elapsed time per iteration (ms): 6908.9 | throughput per GPU (TFLOP/s/GPU): 439.5 | tokens/sec/GPU: 9486 | learning rate: 3.000000E-04 | global batch size:   256 | lm loss: 8.947765E+00 | loss scale: 1.0 | grad norm: 7.338 | number of skipped iterations:   0 | number of nan iterations:   0 |
3: [default3]: [2026-05-06 09:40:32.674114] iteration       14/      50 | consumed samples:         3584 | elapsed time per iteration (ms): 6948.5 | throughput per GPU (TFLOP/s/GPU): 437.0 | tokens/sec/GPU: 9432 | learning rate: 3.000000E-04 | global batch size:   256 | lm loss: 8.568878E+00 | loss scale: 1.0 | grad norm: 4.699 | number of skipped iterations:   0 | number of nan iterations:   0 |
3: [default3]: [2026-05-06 09:40:39.554544] iteration       15/      50 | consumed samples:         3840 | elapsed time per iteration (ms): 6880.1 | throughput per GPU (TFLOP/s/GPU): 441.3 | tokens/sec/GPU: 9525 | learning rate: 3.000000E-04 | global batch size:   256 | lm loss: 8.363273E+00 | loss scale: 1.0 | grad norm: 15.178 | number of skipped iterations:   0 | number of nan iterations:   0 |
3: [default3]: [2026-05-06 09:40:46.426902] iteration       16/      50 | consumed samples:         4096 | elapsed time per iteration (ms): 6872.1 | throughput per GPU (TFLOP/s/GPU): 441.9 | tokens/sec/GPU: 9536 | learning rate: 3.000000E-04 | global batch size:   256 | lm loss: 8.338841E+00 | loss scale: 1.0 | grad norm: 17.639 | number of skipped iterations:   0 | number of nan iterations:   0 |
3: [default3]: [2026-05-06 09:40:53.290642] iteration       17/      50 | consumed samples:         4352 | elapsed time per iteration (ms): 6863.6 | throughput per GPU (TFLOP/s/GPU): 442.4 | tokens/sec/GPU: 9548 | learning rate: 3.000000E-04 | global batch size:   256 | lm loss: 8.480872E+00 | loss scale: 1.0 | grad norm: 23.674 | number of skipped iterations:   0 | number of nan iterations:   0 |
3: [default3]: [2026-05-06 09:41:00.174177] iteration       18/      50 | consumed samples:         4608 | elapsed time per iteration (ms): 6883.4 | throughput per GPU (TFLOP/s/GPU): 441.1 | tokens/sec/GPU: 9521 | learning rate: 3.000000E-04 | global batch size:   256 | lm loss: 8.424580E+00 | loss scale: 1.0 | grad norm: 5.014 | number of skipped iterations:   0 | number of nan iterations:   0 |
3: [default3]: [2026-05-06 09:41:07.070931] iteration       19/      50 | consumed samples:         4864 | elapsed time per iteration (ms): 6896.5 | throughput per GPU (TFLOP/s/GPU): 440.3 | tokens/sec/GPU: 9503 | learning rate: 3.000000E-04 | global batch size:   256 | lm loss: 8.263543E+00 | loss scale: 1.0 | grad norm: 4.227 | number of skipped iterations:   0 | number of nan iterations:   0 |
3: [default3]: [2026-05-06 09:41:13.964369] iteration       20/      50 | consumed samples:         5120 | elapsed time per iteration (ms): 6893.1 | throughput per GPU (TFLOP/s/GPU): 440.5 | tokens/sec/GPU: 9507 | learning rate: 3.000000E-04 | global batch size:   256 | lm loss: 8.078741E+00 | loss scale: 1.0 | grad norm: 4.758 | number of skipped iterations:   0 | number of nan iterations:   0 |
3: [default3]: [2026-05-06 09:41:20.838433] iteration       21/      50 | consumed samples:         5376 | elapsed time per iteration (ms): 6873.9 | throughput per GPU (TFLOP/s/GPU): 441.7 | tokens/sec/GPU: 9534 | learning rate: 3.000000E-04 | global batch size:   256 | lm loss: 8.011578E+00 | loss scale: 1.0 | grad norm: 10.576 | number of skipped iterations:   0 | number of nan iterations:   0 |
3: [default3]: [2026-05-06 09:41:27.735695] iteration       22/      50 | consumed samples:         5632 | elapsed time per iteration (ms): 6896.9 | throughput per GPU (TFLOP/s/GPU): 440.3 | tokens/sec/GPU: 9502 | learning rate: 3.000000E-04 | global batch size:   256 | lm loss: 7.850067E+00 | loss scale: 1.0 | grad norm: 5.155 | number of skipped iterations:   0 | number of nan iterations:   0 |
3: [default3]: [2026-05-06 09:41:34.652356] iteration       23/      50 | consumed samples:         5888 | elapsed time per iteration (ms): 6916.3 | throughput per GPU (TFLOP/s/GPU): 439.0 | tokens/sec/GPU: 9476 | learning rate: 3.000000E-04 | global batch size:   256 | lm loss: 7.773410E+00 | loss scale: 1.0 | grad norm: 7.724 | number of skipped iterations:   0 | number of nan iterations:   0 |
3: [default3]: [2026-05-06 09:41:41.563760] iteration       24/      50 | consumed samples:         6144 | elapsed time per iteration (ms): 6911.2 | throughput per GPU (TFLOP/s/GPU): 439.4 | tokens/sec/GPU: 9483 | learning rate: 3.000000E-04 | global batch size:   256 | lm loss: 7.858799E+00 | loss scale: 1.0 | grad norm: 6.594 | number of skipped iterations:   0 | number of nan iterations:   0 |
3: [default3]: [2026-05-06 09:41:48.476654] iteration       25/      50 | consumed samples:         6400 | elapsed time per iteration (ms): 6912.7 | throughput per GPU (TFLOP/s/GPU): 439.3 | tokens/sec/GPU: 9480 | learning rate: 3.000000E-04 | global batch size:   256 | lm loss: 7.980755E+00 | loss scale: 1.0 | grad norm: 6.848 | number of skipped iterations:   0 | number of nan iterations:   0 |
3: [default3]: [2026-05-06 09:41:55.399216] iteration       26/      50 | consumed samples:         6656 | elapsed time per iteration (ms): 6922.4 | throughput per GPU (TFLOP/s/GPU): 438.6 | tokens/sec/GPU: 9467 | learning rate: 3.000000E-04 | global batch size:   256 | lm loss: 7.862084E+00 | loss scale: 1.0 | grad norm: 3.854 | number of skipped iterations:   0 | number of nan iterations:   0 |
3: [default3]: [2026-05-06 09:42:02.319080] iteration       27/      50 | consumed samples:         6912 | elapsed time per iteration (ms): 6919.6 | throughput per GPU (TFLOP/s/GPU): 438.8 | tokens/sec/GPU: 9471 | learning rate: 3.000000E-04 | global batch size:   256 | lm loss: 7.648115E+00 | loss scale: 1.0 | grad norm: 3.348 | number of skipped iterations:   0 | number of nan iterations:   0 |
3: [default3]: [2026-05-06 09:42:09.494809] iteration       28/      50 | consumed samples:         7168 | elapsed time per iteration (ms): 7175.4 | throughput per GPU (TFLOP/s/GPU): 423.2 | tokens/sec/GPU: 9133 | learning rate: 3.000000E-04 | global batch size:   256 | lm loss: 7.596467E+00 | loss scale: 1.0 | grad norm: 2.349 | number of skipped iterations:   0 | number of nan iterations:   0 |
3: [default3]: [2026-05-06 09:42:16.452838] iteration       29/      50 | consumed samples:         7424 | elapsed time per iteration (ms): 6957.8 | throughput per GPU (TFLOP/s/GPU): 436.4 | tokens/sec/GPU: 9419 | learning rate: 3.000000E-04 | global batch size:   256 | lm loss: 7.644032E+00 | loss scale: 1.0 | grad norm: 5.563 | number of skipped iterations:   0 | number of nan iterations:   0 |
3: [default3]: [2026-05-06 09:42:23.397173] iteration       30/      50 | consumed samples:         7680 | elapsed time per iteration (ms): 6944.0 | throughput per GPU (TFLOP/s/GPU): 437.3 | tokens/sec/GPU: 9438 | learning rate: 3.000000E-04 | global batch size:   256 | lm loss: 7.624392E+00 | loss scale: 1.0 | grad norm: 3.768 | number of skipped iterations:   0 | number of nan iterations:   0 |
3: [default3]: [2026-05-06 09:42:30.385074] iteration       31/      50 | consumed samples:         7936 | elapsed time per iteration (ms): 6987.6 | throughput per GPU (TFLOP/s/GPU): 434.6 | tokens/sec/GPU: 9379 | learning rate: 3.000000E-04 | global batch size:   256 | lm loss: 7.564446E+00 | loss scale: 1.0 | grad norm: 3.659 | number of skipped iterations:   0 | number of nan iterations:   0 |
3: [default3]: [2026-05-06 09:42:37.355522] iteration       32/      50 | consumed samples:         8192 | elapsed time per iteration (ms): 6970.2 | throughput per GPU (TFLOP/s/GPU): 435.6 | tokens/sec/GPU: 9402 | learning rate: 3.000000E-04 | global batch size:   256 | lm loss: 7.515084E+00 | loss scale: 1.0 | grad norm: 2.642 | number of skipped iterations:   0 | number of nan iterations:   0 |
3: [default3]: [2026-05-06 09:42:44.281009] iteration       33/      50 | consumed samples:         8448 | elapsed time per iteration (ms): 6925.3 | throughput per GPU (TFLOP/s/GPU): 438.5 | tokens/sec/GPU: 9463 | learning rate: 3.000000E-04 | global batch size:   256 | lm loss: 7.536434E+00 | loss scale: 1.0 | grad norm: 2.859 | number of skipped iterations:   0 | number of nan iterations:   0 |
3: [default3]: [2026-05-06 09:42:51.208748] iteration       34/      50 | consumed samples:         8704 | elapsed time per iteration (ms): 6927.6 | throughput per GPU (TFLOP/s/GPU): 438.3 | tokens/sec/GPU: 9460 | learning rate: 3.000000E-04 | global batch size:   256 | lm loss: 7.515124E+00 | loss scale: 1.0 | grad norm: 1.927 | number of skipped iterations:   0 | number of nan iterations:   0 |
3: [default3]: [2026-05-06 09:42:58.240821] iteration       35/      50 | consumed samples:         8960 | elapsed time per iteration (ms): 7031.8 | throughput per GPU (TFLOP/s/GPU): 431.8 | tokens/sec/GPU: 9320 | learning rate: 3.000000E-04 | global batch size:   256 | lm loss: 7.490186E+00 | loss scale: 1.0 | grad norm: 2.978 | number of skipped iterations:   0 | number of nan iterations:   0 |
3: [default3]: [2026-05-06 09:43:05.185479] iteration       36/      50 | consumed samples:         9216 | elapsed time per iteration (ms): 6944.4 | throughput per GPU (TFLOP/s/GPU): 437.3 | tokens/sec/GPU: 9437 | learning rate: 3.000000E-04 | global batch size:   256 | lm loss: 7.407359E+00 | loss scale: 1.0 | grad norm: 1.486 | number of skipped iterations:   0 | number of nan iterations:   0 |
3: [default3]: [2026-05-06 09:43:12.127046] iteration       37/      50 | consumed samples:         9472 | elapsed time per iteration (ms): 6941.3 | throughput per GPU (TFLOP/s/GPU): 437.5 | tokens/sec/GPU: 9441 | learning rate: 3.000000E-04 | global batch size:   256 | lm loss: 7.481503E+00 | loss scale: 1.0 | grad norm: 1.727 | number of skipped iterations:   0 | number of nan iterations:   0 |
3: [default3]: [2026-05-06 09:43:19.070772] iteration       38/      50 | consumed samples:         9728 | elapsed time per iteration (ms): 6943.4 | throughput per GPU (TFLOP/s/GPU): 437.3 | tokens/sec/GPU: 9439 | learning rate: 3.000000E-04 | global batch size:   256 | lm loss: 7.431959E+00 | loss scale: 1.0 | grad norm: 1.988 | number of skipped iterations:   0 | number of nan iterations:   0 |
3: [default3]: [2026-05-06 09:43:26.013402] iteration       39/      50 | consumed samples:         9984 | elapsed time per iteration (ms): 6942.4 | throughput per GPU (TFLOP/s/GPU): 437.4 | tokens/sec/GPU: 9440 | learning rate: 3.000000E-04 | global batch size:   256 | lm loss: 7.460388E+00 | loss scale: 1.0 | grad norm: 1.347 | number of skipped iterations:   0 | number of nan iterations:   0 |
3: [default3]: [2026-05-06 09:43:33.336031] iteration       40/      50 | consumed samples:        10240 | elapsed time per iteration (ms): 7322.4 | throughput per GPU (TFLOP/s/GPU): 414.7 | tokens/sec/GPU: 8950 | learning rate: 3.000000E-04 | global batch size:   256 | lm loss: 7.472349E+00 | loss scale: 1.0 | grad norm: 1.520 | number of skipped iterations:   0 | number of nan iterations:   0 |
3: [default3]: [2026-05-06 09:43:40.281754] iteration       41/      50 | consumed samples:        10496 | elapsed time per iteration (ms): 6945.6 | throughput per GPU (TFLOP/s/GPU): 437.2 | tokens/sec/GPU: 9436 | learning rate: 3.000000E-04 | global batch size:   256 | lm loss: 7.342981E+00 | loss scale: 1.0 | grad norm: 1.473 | number of skipped iterations:   0 | number of nan iterations:   0 |
3: [default3]: [2026-05-06 09:43:47.320718] iteration       42/      50 | consumed samples:        10752 | elapsed time per iteration (ms): 7038.8 | throughput per GPU (TFLOP/s/GPU): 431.4 | tokens/sec/GPU: 9311 | learning rate: 3.000000E-04 | global batch size:   256 | lm loss: 7.368915E+00 | loss scale: 1.0 | grad norm: 1.636 | number of skipped iterations:   0 | number of nan iterations:   0 |
3: [default3]: [2026-05-06 09:43:54.266515] iteration       43/      50 | consumed samples:        11008 | elapsed time per iteration (ms): 6945.6 | throughput per GPU (TFLOP/s/GPU): 437.2 | tokens/sec/GPU: 9436 | learning rate: 3.000000E-04 | global batch size:   256 | lm loss: 7.392816E+00 | loss scale: 1.0 | grad norm: 0.907 | number of skipped iterations:   0 | number of nan iterations:   0 |
3: [default3]: [2026-05-06 09:44:01.370788] iteration       44/      50 | consumed samples:        11264 | elapsed time per iteration (ms): 7104.0 | throughput per GPU (TFLOP/s/GPU): 427.4 | tokens/sec/GPU: 9225 | learning rate: 3.000000E-04 | global batch size:   256 | lm loss: 7.305910E+00 | loss scale: 1.0 | grad norm: 2.015 | number of skipped iterations:   0 | number of nan iterations:   0 |
3: [default3]: [2026-05-06 09:44:08.333007] iteration       45/      50 | consumed samples:        11520 | elapsed time per iteration (ms): 6962.0 | throughput per GPU (TFLOP/s/GPU): 436.2 | tokens/sec/GPU: 9413 | learning rate: 3.000000E-04 | global batch size:   256 | lm loss: 7.334826E+00 | loss scale: 1.0 | grad norm: 1.314 | number of skipped iterations:   0 | number of nan iterations:   0 |
3: [default3]: [2026-05-06 09:44:15.299638] iteration       46/      50 | consumed samples:        11776 | elapsed time per iteration (ms): 6966.3 | throughput per GPU (TFLOP/s/GPU): 435.9 | tokens/sec/GPU: 9408 | learning rate: 3.000000E-04 | global batch size:   256 | lm loss: 7.323060E+00 | loss scale: 1.0 | grad norm: 3.506 | number of skipped iterations:   0 | number of nan iterations:   0 |
3: [default3]: [2026-05-06 09:44:22.275419] iteration       47/      50 | consumed samples:        12032 | elapsed time per iteration (ms): 6975.5 | throughput per GPU (TFLOP/s/GPU): 435.3 | tokens/sec/GPU: 9395 | learning rate: 3.000000E-04 | global batch size:   256 | lm loss: 7.358224E+00 | loss scale: 1.0 | grad norm: 2.667 | number of skipped iterations:   0 | number of nan iterations:   0 |
3: [default3]: [2026-05-06 09:44:29.429667] iteration       48/      50 | consumed samples:        12288 | elapsed time per iteration (ms): 7154.0 | throughput per GPU (TFLOP/s/GPU): 424.4 | tokens/sec/GPU: 9161 | learning rate: 3.000000E-04 | global batch size:   256 | lm loss: 7.385972E+00 | loss scale: 1.0 | grad norm: 2.395 | number of skipped iterations:   0 | number of nan iterations:   0 |
3: [default3]: [2026-05-06 09:44:36.420555] iteration       49/      50 | consumed samples:        12544 | elapsed time per iteration (ms): 6990.7 | throughput per GPU (TFLOP/s/GPU): 434.4 | tokens/sec/GPU: 9375 | learning rate: 3.000000E-04 | global batch size:   256 | lm loss: 7.255546E+00 | loss scale: 1.0 | grad norm: 1.746 | number of skipped iterations:   0 | number of nan iterations:   0 |
3: [default3]: [2026-05-06 09:44:43.409388] iteration       50/      50 | consumed samples:        12800 | elapsed time per iteration (ms): 6988.7 | throughput per GPU (TFLOP/s/GPU): 434.5 | tokens/sec/GPU: 9377 | learning rate: 3.000000E-04 | global batch size:   256 | lm loss: 7.267433E+00 | loss scale: 1.0 | grad norm: 3.875 | number of skipped iterations:   0 | number of nan iterations:   0 |
0: [default0]:[after training is done] datetime: 2026-05-06 09:44:43.948716
