2: [default0]:[Rank 8] (after 1 iterations) memory (MB) | allocated: 11394.41 | max allocated: 25107.26 | reserved: 26502.00 | max reserved: 26502.00
3: [default3]: [2026-05-04 15:05:24.838351] iteration        1/      50 | consumed samples:          256 | elapsed time per iteration (ms): 23821.8 | throughput per GPU (TFLOP/s/GPU): 127.5 | tokens/sec/GPU: 2751 | learning rate: 3.000000E-05 | global batch size:   256 | lm loss: 1.164947E+01 | loss scale: 1.0 | grad norm: 14.055 | number of skipped iterations:   0 | number of nan iterations:   0 |
3: [default0]:[Rank 12] (after 1 iterations) memory (MB) | allocated: 13131.42 | max allocated: 21282.06 | reserved: 22946.00 | max reserved: 22946.00
0: [default0]:/usr/local/lib/python3.12/dist-packages/torch/distributed/c10d_logger.py:83: UserWarning: barrier(): using the device under current context. You can specify `device_id` in `init_process_group` to mute this warning.
0: [default0]:  return func(*args, **kwargs)
0: [default0]:Number of parameters in transformer block in billions:  6.98
0: [default0]:Number of parameters in embedding layers in billions: 0.41
0: [default0]:Total number of parameters in billions: 7.39
0: [default0]:Number of parameters in most loaded shard in billions: 1.9509
0: [default0]:Number of parameters in other shards in billions: 1.7449
0: [default0]:compute_activation_memory_without_sp
0: [default0]:Activation memory footprint per transformer layer (precise, without SP): 1088.0 MB
0: [default0]:Number of in-flight microbatches: 4
0: [default0]:Theoretical memory footprints: weight and optimizer=16745.07 MB, activation=36691.46 MB, total=53436.53 MB
0: [default0]:
0: [default0]:[Rank 0] (after 1 iterations) memory (MB) | allocated: 12545.41 | max allocated: 43256.27 | reserved: 44754.00 | max reserved: 44754.00
1: [default0]:[Rank 4] (after 1 iterations) memory (MB) | allocated: 11394.41 | max allocated: 33819.77 | reserved: 35214.00 | max reserved: 35214.00
2: [default0]:[Rank 8] (after 2 iterations) memory (MB) | allocated: 11394.41 | max allocated: 29267.42 | reserved: 30534.00 | max reserved: 30534.00
3: [default0]:[Rank 12] (after 2 iterations) memory (MB) | allocated: 13131.42 | max allocated: 25934.48 | reserved: 26876.00 | max reserved: 26876.00
3: [default3]: [2026-05-04 15:05:36.770565] iteration        2/      50 | consumed samples:          512 | elapsed time per iteration (ms): 17876.9 | throughput per GPU (TFLOP/s/GPU): 169.9 | tokens/sec/GPU: 3666 | learning rate: 6.000000E-05 | global batch size:   256 | lm loss: 1.165058E+01 | loss scale: 1.0 | grad norm: 11.630 | number of skipped iterations:   0 | number of nan iterations:   0 |
0: [default0]:Number of parameters in transformer block in billions:  6.98
0: [default0]:Number of parameters in embedding layers in billions: 0.41
0: [default0]:Total number of parameters in billions: 7.39
0: [default0]:Number of parameters in most loaded shard in billions: 1.9509
0: [default0]:Number of parameters in other shards in billions: 1.7449
0: [default0]:compute_activation_memory_without_sp
0: [default0]:Activation memory footprint per transformer layer (precise, without SP): 1088.0 MB
0: [default0]:Number of in-flight microbatches: 4
0: [default0]:Theoretical memory footprints: weight and optimizer=16745.07 MB, activation=36691.46 MB, total=53436.53 MB
0: [default0]:
0: [default0]:[Rank 0] (after 2 iterations) memory (MB) | allocated: 12545.41 | max allocated: 47907.68 | reserved: 49618.00 | max reserved: 49618.00
1: [default0]:[Rank 4] (after 2 iterations) memory (MB) | allocated: 11394.41 | max allocated: 37979.92 | reserved: 39374.00 | max reserved: 39374.00
3: [default3]: [2026-05-04 15:05:45.200321] iteration        3/      50 | consumed samples:          768 | elapsed time per iteration (ms): 8429.6 | throughput per GPU (TFLOP/s/GPU): 360.2 | tokens/sec/GPU: 7775 | learning rate: 9.000000E-05 | global batch size:   256 | lm loss: 1.451280E+01 | loss scale: 1.0 | grad norm: 320.227 | number of skipped iterations:   0 | number of nan iterations:   0 |
3: [default3]: [2026-05-04 15:05:52.560696] iteration        4/      50 | consumed samples:         1024 | elapsed time per iteration (ms): 7360.2 | throughput per GPU (TFLOP/s/GPU): 412.6 | tokens/sec/GPU: 8904 | learning rate: 1.200000E-04 | global batch size:   256 | lm loss: 1.371478E+01 | loss scale: 1.0 | grad norm: 253.267 | number of skipped iterations:   0 | number of nan iterations:   0 |
3: [default3]: [2026-05-04 15:06:00.113511] iteration        5/      50 | consumed samples:         1280 | elapsed time per iteration (ms): 7552.6 | throughput per GPU (TFLOP/s/GPU): 402.0 | tokens/sec/GPU: 8677 | learning rate: 1.500000E-04 | global batch size:   256 | lm loss: 1.515866E+01 | loss scale: 1.0 | grad norm: 22.672 | number of skipped iterations:   0 | number of nan iterations:   0 |
3: [default3]: [2026-05-04 15:06:07.284147] iteration        6/      50 | consumed samples:         1536 | elapsed time per iteration (ms): 7170.4 | throughput per GPU (TFLOP/s/GPU): 423.5 | tokens/sec/GPU: 9140 | learning rate: 1.800000E-04 | global batch size:   256 | lm loss: 2.139804E+01 | loss scale: 1.0 | grad norm: 58.780 | number of skipped iterations:   0 | number of nan iterations:   0 |
3: [default3]: [2026-05-04 15:06:14.430464] iteration        7/      50 | consumed samples:         1792 | elapsed time per iteration (ms): 7146.2 | throughput per GPU (TFLOP/s/GPU): 424.9 | tokens/sec/GPU: 9171 | learning rate: 2.100000E-04 | global batch size:   256 | lm loss: 2.501397E+01 | loss scale: 1.0 | grad norm: 86.217 | number of skipped iterations:   0 | number of nan iterations:   0 |
3: [default3]: [2026-05-04 15:06:21.576294] iteration        8/      50 | consumed samples:         2048 | elapsed time per iteration (ms): 7145.6 | throughput per GPU (TFLOP/s/GPU): 424.9 | tokens/sec/GPU: 9172 | learning rate: 2.400000E-04 | global batch size:   256 | lm loss: 1.882153E+01 | loss scale: 1.0 | grad norm: 68.221 | number of skipped iterations:   0 | number of nan iterations:   0 |
3: [default3]: [2026-05-04 15:06:28.707855] iteration        9/      50 | consumed samples:         2304 | elapsed time per iteration (ms): 7131.2 | throughput per GPU (TFLOP/s/GPU): 425.8 | tokens/sec/GPU: 9190 | learning rate: 2.700000E-04 | global batch size:   256 | lm loss: 1.475576E+01 | loss scale: 1.0 | grad norm: 60.593 | number of skipped iterations:   0 | number of nan iterations:   0 |
3: [default3]: [2026-05-04 15:06:35.847897] iteration       10/      50 | consumed samples:         2560 | elapsed time per iteration (ms): 7139.8 | throughput per GPU (TFLOP/s/GPU): 425.3 | tokens/sec/GPU: 9179 | learning rate: 3.000000E-04 | global batch size:   256 | lm loss: 1.218191E+01 | loss scale: 1.0 | grad norm: 24.467 | number of skipped iterations:   0 | number of nan iterations:   0 |
3: [default3]: [2026-05-04 15:06:43.001940] iteration       11/      50 | consumed samples:         2816 | elapsed time per iteration (ms): 7153.9 | throughput per GPU (TFLOP/s/GPU): 424.5 | tokens/sec/GPU: 9161 | learning rate: 3.000000E-04 | global batch size:   256 | lm loss: 1.112646E+01 | loss scale: 1.0 | grad norm: 5.619 | number of skipped iterations:   0 | number of nan iterations:   0 |
3: [default3]: [2026-05-04 15:06:50.149153] iteration       12/      50 | consumed samples:         3072 | elapsed time per iteration (ms): 7147.0 | throughput per GPU (TFLOP/s/GPU): 424.9 | tokens/sec/GPU: 9170 | learning rate: 3.000000E-04 | global batch size:   256 | lm loss: 1.015143E+01 | loss scale: 1.0 | grad norm: 4.915 | number of skipped iterations:   0 | number of nan iterations:   0 |
3: [default3]: [2026-05-04 15:06:57.521565] iteration       13/      50 | consumed samples:         3328 | elapsed time per iteration (ms): 7372.2 | throughput per GPU (TFLOP/s/GPU): 411.9 | tokens/sec/GPU: 8890 | learning rate: 3.000000E-04 | global batch size:   256 | lm loss: 1.116347E+01 | loss scale: 1.0 | grad norm: 47.368 | number of skipped iterations:   0 | number of nan iterations:   0 |
3: [default3]: [2026-05-04 15:07:04.633455] iteration       14/      50 | consumed samples:         3584 | elapsed time per iteration (ms): 7111.7 | throughput per GPU (TFLOP/s/GPU): 427.0 | tokens/sec/GPU: 9215 | learning rate: 3.000000E-04 | global batch size:   256 | lm loss: 1.097912E+01 | loss scale: 1.0 | grad norm: 54.379 | number of skipped iterations:   0 | number of nan iterations:   0 |
3: [default3]: [2026-05-04 15:07:11.756321] iteration       15/      50 | consumed samples:         3840 | elapsed time per iteration (ms): 7122.7 | throughput per GPU (TFLOP/s/GPU): 426.3 | tokens/sec/GPU: 9201 | learning rate: 3.000000E-04 | global batch size:   256 | lm loss: 9.349459E+00 | loss scale: 1.0 | grad norm: 12.340 | number of skipped iterations:   0 | number of nan iterations:   0 |
3: [default3]: [2026-05-04 15:07:18.877021] iteration       16/      50 | consumed samples:         4096 | elapsed time per iteration (ms): 7120.4 | throughput per GPU (TFLOP/s/GPU): 426.5 | tokens/sec/GPU: 9204 | learning rate: 3.000000E-04 | global batch size:   256 | lm loss: 9.188040E+00 | loss scale: 1.0 | grad norm: 5.353 | number of skipped iterations:   0 | number of nan iterations:   0 |
3: [default3]: [2026-05-04 15:07:25.994924] iteration       17/      50 | consumed samples:         4352 | elapsed time per iteration (ms): 7117.6 | throughput per GPU (TFLOP/s/GPU): 426.6 | tokens/sec/GPU: 9208 | learning rate: 3.000000E-04 | global batch size:   256 | lm loss: 8.749676E+00 | loss scale: 1.0 | grad norm: 4.976 | number of skipped iterations:   0 | number of nan iterations:   0 |
3: [default3]: [2026-05-04 15:07:34.071243] iteration       18/      50 | consumed samples:         4608 | elapsed time per iteration (ms): 8076.1 | throughput per GPU (TFLOP/s/GPU): 376.0 | tokens/sec/GPU: 8115 | learning rate: 3.000000E-04 | global batch size:   256 | lm loss: 8.463294E+00 | loss scale: 1.0 | grad norm: 7.452 | number of skipped iterations:   0 | number of nan iterations:   0 |
3: [default3]: [2026-05-04 15:07:41.180849] iteration       19/      50 | consumed samples:         4864 | elapsed time per iteration (ms): 7109.4 | throughput per GPU (TFLOP/s/GPU): 427.1 | tokens/sec/GPU: 9218 | learning rate: 3.000000E-04 | global batch size:   256 | lm loss: 9.230331E+00 | loss scale: 1.0 | grad norm: 42.326 | number of skipped iterations:   0 | number of nan iterations:   0 |
3: [default3]: [2026-05-04 15:07:48.285893] iteration       20/      50 | consumed samples:         5120 | elapsed time per iteration (ms): 7104.8 | throughput per GPU (TFLOP/s/GPU): 427.4 | tokens/sec/GPU: 9224 | learning rate: 3.000000E-04 | global batch size:   256 | lm loss: 8.614922E+00 | loss scale: 1.0 | grad norm: 23.147 | number of skipped iterations:   0 | number of nan iterations:   0 |
3: [default3]: [2026-05-04 15:07:55.414071] iteration       21/      50 | consumed samples:         5376 | elapsed time per iteration (ms): 7127.9 | throughput per GPU (TFLOP/s/GPU): 426.0 | tokens/sec/GPU: 9194 | learning rate: 3.000000E-04 | global batch size:   256 | lm loss: 8.353789E+00 | loss scale: 1.0 | grad norm: 6.932 | number of skipped iterations:   0 | number of nan iterations:   0 |
3: [default3]: [2026-05-04 15:08:02.786942] iteration       22/      50 | consumed samples:         5632 | elapsed time per iteration (ms): 7372.7 | throughput per GPU (TFLOP/s/GPU): 411.9 | tokens/sec/GPU: 8889 | learning rate: 3.000000E-04 | global batch size:   256 | lm loss: 8.253202E+00 | loss scale: 1.0 | grad norm: 4.894 | number of skipped iterations:   0 | number of nan iterations:   0 |
3: [default3]: [2026-05-04 15:08:09.910816] iteration       23/      50 | consumed samples:         5888 | elapsed time per iteration (ms): 7123.7 | throughput per GPU (TFLOP/s/GPU): 426.3 | tokens/sec/GPU: 9200 | learning rate: 3.000000E-04 | global batch size:   256 | lm loss: 8.022278E+00 | loss scale: 1.0 | grad norm: 4.410 | number of skipped iterations:   0 | number of nan iterations:   0 |
3: [default3]: [2026-05-04 15:08:17.049732] iteration       24/      50 | consumed samples:         6144 | elapsed time per iteration (ms): 7138.7 | throughput per GPU (TFLOP/s/GPU): 425.4 | tokens/sec/GPU: 9180 | learning rate: 3.000000E-04 | global batch size:   256 | lm loss: 7.829126E+00 | loss scale: 1.0 | grad norm: 3.858 | number of skipped iterations:   0 | number of nan iterations:   0 |
3: [default3]: [2026-05-04 15:08:24.371531] iteration       25/      50 | consumed samples:         6400 | elapsed time per iteration (ms): 7321.5 | throughput per GPU (TFLOP/s/GPU): 414.7 | tokens/sec/GPU: 8951 | learning rate: 3.000000E-04 | global batch size:   256 | lm loss: 7.964197E+00 | loss scale: 1.0 | grad norm: 10.457 | number of skipped iterations:   0 | number of nan iterations:   0 |
3: [default3]: [2026-05-04 15:08:31.622599] iteration       26/      50 | consumed samples:         6656 | elapsed time per iteration (ms): 7250.8 | throughput per GPU (TFLOP/s/GPU): 418.8 | tokens/sec/GPU: 9038 | learning rate: 3.000000E-04 | global batch size:   256 | lm loss: 7.995944E+00 | loss scale: 1.0 | grad norm: 11.796 | number of skipped iterations:   0 | number of nan iterations:   0 |
3: [default3]: [2026-05-04 15:08:38.777004] iteration       27/      50 | consumed samples:         6912 | elapsed time per iteration (ms): 7154.3 | throughput per GPU (TFLOP/s/GPU): 424.4 | tokens/sec/GPU: 9160 | learning rate: 3.000000E-04 | global batch size:   256 | lm loss: 7.863426E+00 | loss scale: 1.0 | grad norm: 6.918 | number of skipped iterations:   0 | number of nan iterations:   0 |
3: [default3]: [2026-05-04 15:08:45.926311] iteration       28/      50 | consumed samples:         7168 | elapsed time per iteration (ms): 7149.1 | throughput per GPU (TFLOP/s/GPU): 424.7 | tokens/sec/GPU: 9167 | learning rate: 3.000000E-04 | global batch size:   256 | lm loss: 7.844797E+00 | loss scale: 1.0 | grad norm: 3.601 | number of skipped iterations:   0 | number of nan iterations:   0 |
3: [default3]: [2026-05-04 15:08:53.084292] iteration       29/      50 | consumed samples:         7424 | elapsed time per iteration (ms): 7157.7 | throughput per GPU (TFLOP/s/GPU): 424.2 | tokens/sec/GPU: 9156 | learning rate: 3.000000E-04 | global batch size:   256 | lm loss: 7.866959E+00 | loss scale: 1.0 | grad norm: 4.840 | number of skipped iterations:   0 | number of nan iterations:   0 |
3: [default3]: [2026-05-04 15:09:00.226453] iteration       30/      50 | consumed samples:         7680 | elapsed time per iteration (ms): 7142.0 | throughput per GPU (TFLOP/s/GPU): 425.2 | tokens/sec/GPU: 9176 | learning rate: 3.000000E-04 | global batch size:   256 | lm loss: 7.801831E+00 | loss scale: 1.0 | grad norm: 3.224 | number of skipped iterations:   0 | number of nan iterations:   0 |
3: [default3]: [2026-05-04 15:09:07.383603] iteration       31/      50 | consumed samples:         7936 | elapsed time per iteration (ms): 7157.0 | throughput per GPU (TFLOP/s/GPU): 424.3 | tokens/sec/GPU: 9157 | learning rate: 3.000000E-04 | global batch size:   256 | lm loss: 7.656479E+00 | loss scale: 1.0 | grad norm: 2.878 | number of skipped iterations:   0 | number of nan iterations:   0 |
3: [default3]: [2026-05-04 15:09:14.549596] iteration       32/      50 | consumed samples:         8192 | elapsed time per iteration (ms): 7165.7 | throughput per GPU (TFLOP/s/GPU): 423.8 | tokens/sec/GPU: 9146 | learning rate: 3.000000E-04 | global batch size:   256 | lm loss: 7.573738E+00 | loss scale: 1.0 | grad norm: 3.300 | number of skipped iterations:   0 | number of nan iterations:   0 |
3: [default3]: [2026-05-04 15:09:21.703332] iteration       33/      50 | consumed samples:         8448 | elapsed time per iteration (ms): 7153.4 | throughput per GPU (TFLOP/s/GPU): 424.5 | tokens/sec/GPU: 9162 | learning rate: 3.000000E-04 | global batch size:   256 | lm loss: 7.640715E+00 | loss scale: 1.0 | grad norm: 3.513 | number of skipped iterations:   0 | number of nan iterations:   0 |
3: [default3]: [2026-05-04 15:09:28.849044] iteration       34/      50 | consumed samples:         8704 | elapsed time per iteration (ms): 7145.5 | throughput per GPU (TFLOP/s/GPU): 425.0 | tokens/sec/GPU: 9172 | learning rate: 3.000000E-04 | global batch size:   256 | lm loss: 7.661535E+00 | loss scale: 1.0 | grad norm: 4.333 | number of skipped iterations:   0 | number of nan iterations:   0 |
3: [default3]: [2026-05-04 15:09:36.007442] iteration       35/      50 | consumed samples:         8960 | elapsed time per iteration (ms): 7158.2 | throughput per GPU (TFLOP/s/GPU): 424.2 | tokens/sec/GPU: 9155 | learning rate: 3.000000E-04 | global batch size:   256 | lm loss: 7.628149E+00 | loss scale: 1.0 | grad norm: 2.901 | number of skipped iterations:   0 | number of nan iterations:   0 |
3: [default3]: [2026-05-04 15:09:43.244168] iteration       36/      50 | consumed samples:         9216 | elapsed time per iteration (ms): 7236.6 | throughput per GPU (TFLOP/s/GPU): 419.6 | tokens/sec/GPU: 9056 | learning rate: 3.000000E-04 | global batch size:   256 | lm loss: 7.563614E+00 | loss scale: 1.0 | grad norm: 2.443 | number of skipped iterations:   0 | number of nan iterations:   0 |
3: [default3]: [2026-05-04 15:09:50.400494] iteration       37/      50 | consumed samples:         9472 | elapsed time per iteration (ms): 7156.1 | throughput per GPU (TFLOP/s/GPU): 424.3 | tokens/sec/GPU: 9158 | learning rate: 3.000000E-04 | global batch size:   256 | lm loss: 7.604963E+00 | loss scale: 1.0 | grad norm: 2.292 | number of skipped iterations:   0 | number of nan iterations:   0 |
3: [default3]: [2026-05-04 15:09:57.569067] iteration       38/      50 | consumed samples:         9728 | elapsed time per iteration (ms): 7168.4 | throughput per GPU (TFLOP/s/GPU): 423.6 | tokens/sec/GPU: 9142 | learning rate: 3.000000E-04 | global batch size:   256 | lm loss: 7.555820E+00 | loss scale: 1.0 | grad norm: 2.203 | number of skipped iterations:   0 | number of nan iterations:   0 |
3: [default3]: [2026-05-04 15:10:04.732922] iteration       39/      50 | consumed samples:         9984 | elapsed time per iteration (ms): 7163.7 | throughput per GPU (TFLOP/s/GPU): 423.9 | tokens/sec/GPU: 9148 | learning rate: 3.000000E-04 | global batch size:   256 | lm loss: 7.577346E+00 | loss scale: 1.0 | grad norm: 2.113 | number of skipped iterations:   0 | number of nan iterations:   0 |
3: [default3]: [2026-05-04 15:10:11.910232] iteration       40/      50 | consumed samples:        10240 | elapsed time per iteration (ms): 7177.1 | throughput per GPU (TFLOP/s/GPU): 423.1 | tokens/sec/GPU: 9131 | learning rate: 3.000000E-04 | global batch size:   256 | lm loss: 7.582049E+00 | loss scale: 1.0 | grad norm: 2.227 | number of skipped iterations:   0 | number of nan iterations:   0 |
3: [default3]: [2026-05-04 15:10:19.080815] iteration       41/      50 | consumed samples:        10496 | elapsed time per iteration (ms): 7170.3 | throughput per GPU (TFLOP/s/GPU): 423.5 | tokens/sec/GPU: 9140 | learning rate: 3.000000E-04 | global batch size:   256 | lm loss: 7.450989E+00 | loss scale: 1.0 | grad norm: 1.642 | number of skipped iterations:   0 | number of nan iterations:   0 |
3: [default3]: [2026-05-04 15:10:26.260019] iteration       42/      50 | consumed samples:        10752 | elapsed time per iteration (ms): 7179.0 | throughput per GPU (TFLOP/s/GPU): 423.0 | tokens/sec/GPU: 9129 | learning rate: 3.000000E-04 | global batch size:   256 | lm loss: 7.467247E+00 | loss scale: 1.0 | grad norm: 1.635 | number of skipped iterations:   0 | number of nan iterations:   0 |
3: [default3]: [2026-05-04 15:10:33.433821] iteration       43/      50 | consumed samples:        11008 | elapsed time per iteration (ms): 7173.6 | throughput per GPU (TFLOP/s/GPU): 423.3 | tokens/sec/GPU: 9136 | learning rate: 3.000000E-04 | global batch size:   256 | lm loss: 7.498916E+00 | loss scale: 1.0 | grad norm: 2.781 | number of skipped iterations:   0 | number of nan iterations:   0 |
3: [default3]: [2026-05-04 15:10:40.626624] iteration       44/      50 | consumed samples:        11264 | elapsed time per iteration (ms): 7192.6 | throughput per GPU (TFLOP/s/GPU): 422.2 | tokens/sec/GPU: 9112 | learning rate: 3.000000E-04 | global batch size:   256 | lm loss: 7.403112E+00 | loss scale: 1.0 | grad norm: 1.947 | number of skipped iterations:   0 | number of nan iterations:   0 |
3: [default3]: [2026-05-04 15:10:47.824259] iteration       45/      50 | consumed samples:        11520 | elapsed time per iteration (ms): 7197.4 | throughput per GPU (TFLOP/s/GPU): 421.9 | tokens/sec/GPU: 9106 | learning rate: 3.000000E-04 | global batch size:   256 | lm loss: 7.433399E+00 | loss scale: 1.0 | grad norm: 1.256 | number of skipped iterations:   0 | number of nan iterations:   0 |
3: [default3]: [2026-05-04 15:10:55.018815] iteration       46/      50 | consumed samples:        11776 | elapsed time per iteration (ms): 7194.4 | throughput per GPU (TFLOP/s/GPU): 422.1 | tokens/sec/GPU: 9109 | learning rate: 3.000000E-04 | global batch size:   256 | lm loss: 7.403287E+00 | loss scale: 1.0 | grad norm: 2.189 | number of skipped iterations:   0 | number of nan iterations:   0 |
3: [default3]: [2026-05-04 15:11:02.214588] iteration       47/      50 | consumed samples:        12032 | elapsed time per iteration (ms): 7195.6 | throughput per GPU (TFLOP/s/GPU): 422.0 | tokens/sec/GPU: 9108 | learning rate: 3.000000E-04 | global batch size:   256 | lm loss: 7.434309E+00 | loss scale: 1.0 | grad norm: 1.410 | number of skipped iterations:   0 | number of nan iterations:   0 |
3: [default3]: [2026-05-04 15:11:09.423892] iteration       48/      50 | consumed samples:        12288 | elapsed time per iteration (ms): 7209.1 | throughput per GPU (TFLOP/s/GPU): 421.2 | tokens/sec/GPU: 9091 | learning rate: 3.000000E-04 | global batch size:   256 | lm loss: 7.458064E+00 | loss scale: 1.0 | grad norm: 1.520 | number of skipped iterations:   0 | number of nan iterations:   0 |
3: [default3]: [2026-05-04 15:11:16.634946] iteration       49/      50 | consumed samples:        12544 | elapsed time per iteration (ms): 7210.7 | throughput per GPU (TFLOP/s/GPU): 421.1 | tokens/sec/GPU: 9089 | learning rate: 3.000000E-04 | global batch size:   256 | lm loss: 7.368188E+00 | loss scale: 1.0 | grad norm: 3.191 | number of skipped iterations:   0 | number of nan iterations:   0 |
3: [default3]: [2026-05-04 15:11:23.973458] iteration       50/      50 | consumed samples:        12800 | elapsed time per iteration (ms): 7338.3 | throughput per GPU (TFLOP/s/GPU): 413.8 | tokens/sec/GPU: 8931 | learning rate: 3.000000E-04 | global batch size:   256 | lm loss: 7.363888E+00 | loss scale: 1.0 | grad norm: 1.669 | number of skipped iterations:   0 | number of nan iterations:   0 |
0: [default0]:[after training is done] datetime: 2026-05-04 15:11:24.511934
