3: [default3]: [2026-05-04 15:45:54.223075] iteration        1/      50 | consumed samples:          256 | elapsed time per iteration (ms): 43070.1 | throughput per GPU (TFLOP/s/GPU): 70.5 | tokens/sec/GPU: 1522 | learning rate: 3.000000E-05 | global batch size:   256 | lm loss: 1.164052E+01 | loss scale: 1.0 | grad norm: 14.197 | number of skipped iterations:   0 | number of nan iterations:   0 |
3: [default2]:[Rank 14] (after 1 iterations) memory (MB) | allocated: 10294.68 | max allocated: 13597.83 | reserved: 14718.00 | max reserved: 14718.00
3: [default0]:[Rank 12] (after 1 iterations) memory (MB) | allocated: 8066.29 | max allocated: 13066.63 | reserved: 13950.00 | max reserved: 13950.00
1: [default0]:[Rank 4] (after 1 iterations) memory (MB) | allocated: 8066.29 | max allocated: 30491.64 | reserved: 31374.00 | max reserved: 31374.00
2: [default2]:[Rank 10] (after 1 iterations) memory (MB) | allocated: 8066.29 | max allocated: 17422.89 | reserved: 18306.00 | max reserved: 18306.00
0: [default2]:[Rank 2] (after 1 iterations) memory (MB) | allocated: 8066.29 | max allocated: 34847.90 | reserved: 35730.00 | max reserved: 35730.00
0: [default0]:/usr/local/lib/python3.12/dist-packages/torch/distributed/c10d_logger.py:83: UserWarning: barrier(): using the device under current context. You can specify `device_id` in `init_process_group` to mute this warning.
0: [default0]:  return func(*args, **kwargs)
1: [default2]:[Rank 6] (after 1 iterations) memory (MB) | allocated: 8066.29 | max allocated: 26135.39 | reserved: 27018.00 | max reserved: 27018.00
0: [default0]:Number of parameters in transformer block in billions:  6.98
0: [default0]:Number of parameters in embedding layers in billions: 0.41
0: [default0]:Total number of parameters in billions: 7.39
0: [default0]:Number of parameters in most loaded shard in billions: 1.0785
0: [default0]:Number of parameters in other shards in billions: 0.8724
0: [default0]:compute_activation_memory_without_sp
0: [default0]:Activation memory footprint per transformer layer (precise, without SP): 1088.0 MB
0: [default0]:Number of in-flight microbatches: 8
0: [default0]:Theoretical memory footprints: weight and optimizer=12342.38 MB, activation=36826.12 MB, total=49168.51 MB
0: [default0]:
0: [default0]:[Rank 0] (after 1 iterations) memory (MB) | allocated: 9709.66 | max allocated: 39928.52 | reserved: 40882.00 | max reserved: 40882.00
2: [default0]:[Rank 8] (after 1 iterations) memory (MB) | allocated: 8066.29 | max allocated: 21779.14 | reserved: 22662.00 | max reserved: 22662.00
3: [default2]:[Rank 14] (after 2 iterations) memory (MB) | allocated: 10294.68 | max allocated: 18741.50 | reserved: 20444.00 | max reserved: 20444.00
3: [default3]: [2026-05-04 15:46:17.949757] iteration        2/      50 | consumed samples:          512 | elapsed time per iteration (ms): 33398.3 | throughput per GPU (TFLOP/s/GPU): 90.9 | tokens/sec/GPU: 1962 | learning rate: 6.000000E-05 | global batch size:   256 | lm loss: 1.163984E+01 | loss scale: 1.0 | grad norm: 11.693 | number of skipped iterations:   0 | number of nan iterations:   0 |
3: [default0]:[Rank 12] (after 2 iterations) memory (MB) | allocated: 8066.29 | max allocated: 17226.79 | reserved: 18046.00 | max reserved: 18046.00
1: [default0]:[Rank 4] (after 2 iterations) memory (MB) | allocated: 8066.29 | max allocated: 34651.80 | reserved: 35886.00 | max reserved: 35886.00
2: [default2]:[Rank 10] (after 2 iterations) memory (MB) | allocated: 8066.29 | max allocated: 21583.04 | reserved: 22530.00 | max reserved: 22530.00
0: [default2]:[Rank 2] (after 2 iterations) memory (MB) | allocated: 8066.29 | max allocated: 39008.05 | reserved: 40402.00 | max reserved: 40402.00
1: [default2]:[Rank 6] (after 2 iterations) memory (MB) | allocated: 8066.29 | max allocated: 30295.55 | reserved: 31466.00 | max reserved: 31466.00
0: [default0]:Number of parameters in transformer block in billions:  6.98
0: [default0]:Number of parameters in embedding layers in billions: 0.41
0: [default0]:Total number of parameters in billions: 7.39
0: [default0]:Number of parameters in most loaded shard in billions: 1.0785
0: [default0]:Number of parameters in other shards in billions: 0.8724
0: [default0]:compute_activation_memory_without_sp
0: [default0]:Activation memory footprint per transformer layer (precise, without SP): 1088.0 MB
0: [default0]:Number of in-flight microbatches: 8
0: [default0]:Theoretical memory footprints: weight and optimizer=12342.38 MB, activation=36826.12 MB, total=49168.51 MB
0: [default0]:
0: [default0]:[Rank 0] (after 2 iterations) memory (MB) | allocated: 9709.66 | max allocated: 45072.18 | reserved: 46194.00 | max reserved: 46194.00
2: [default0]:[Rank 8] (after 2 iterations) memory (MB) | allocated: 8066.29 | max allocated: 25939.30 | reserved: 26950.00 | max reserved: 26950.00
3: [default3]: [2026-05-04 15:46:41.038435] iteration        3/      50 | consumed samples:          768 | elapsed time per iteration (ms): 23088.4 | throughput per GPU (TFLOP/s/GPU): 131.5 | tokens/sec/GPU: 2838 | learning rate: 9.000000E-05 | global batch size:   256 | lm loss: 1.676155E+01 | loss scale: 1.0 | grad norm: 339.923 | number of skipped iterations:   0 | number of nan iterations:   0 |
3: [default3]: [2026-05-04 15:46:59.476751] iteration        4/      50 | consumed samples:         1024 | elapsed time per iteration (ms): 18438.1 | throughput per GPU (TFLOP/s/GPU): 164.7 | tokens/sec/GPU: 3554 | learning rate: 1.200000E-04 | global batch size:   256 | lm loss: 1.337397E+01 | loss scale: 1.0 | grad norm: 234.467 | number of skipped iterations:   0 | number of nan iterations:   0 |
3: [default3]: [2026-05-04 15:47:17.132593] iteration        5/      50 | consumed samples:         1280 | elapsed time per iteration (ms): 17655.6 | throughput per GPU (TFLOP/s/GPU): 172.0 | tokens/sec/GPU: 3712 | learning rate: 1.500000E-04 | global batch size:   256 | lm loss: 1.486305E+01 | loss scale: 1.0 | grad norm: 29.004 | number of skipped iterations:   0 | number of nan iterations:   0 |
3: [default3]: [2026-05-04 15:47:32.576745] iteration        6/      50 | consumed samples:         1536 | elapsed time per iteration (ms): 15443.9 | throughput per GPU (TFLOP/s/GPU): 196.6 | tokens/sec/GPU: 4243 | learning rate: 1.800000E-04 | global batch size:   256 | lm loss: 2.306500E+01 | loss scale: 1.0 | grad norm: 66.928 | number of skipped iterations:   0 | number of nan iterations:   0 |
3: [default3]: [2026-05-04 15:47:45.839689] iteration        7/      50 | consumed samples:         1792 | elapsed time per iteration (ms): 13262.7 | throughput per GPU (TFLOP/s/GPU): 229.0 | tokens/sec/GPU: 4941 | learning rate: 2.100000E-04 | global batch size:   256 | lm loss: 2.637956E+01 | loss scale: 1.0 | grad norm: 85.143 | number of skipped iterations:   0 | number of nan iterations:   0 |
3: [default3]: [2026-05-04 15:47:59.534026] iteration        8/      50 | consumed samples:         2048 | elapsed time per iteration (ms): 13694.1 | throughput per GPU (TFLOP/s/GPU): 221.7 | tokens/sec/GPU: 4786 | learning rate: 2.400000E-04 | global batch size:   256 | lm loss: 2.421758E+01 | loss scale: 1.0 | grad norm: 68.296 | number of skipped iterations:   0 | number of nan iterations:   0 |
3: [default3]: [2026-05-04 15:48:13.217890] iteration        9/      50 | consumed samples:         2304 | elapsed time per iteration (ms): 13683.6 | throughput per GPU (TFLOP/s/GPU): 221.9 | tokens/sec/GPU: 4789 | learning rate: 2.700000E-04 | global batch size:   256 | lm loss: 1.566172E+01 | loss scale: 1.0 | grad norm: 60.521 | number of skipped iterations:   0 | number of nan iterations:   0 |
3: [default3]: [2026-05-04 15:48:27.232475] iteration       10/      50 | consumed samples:         2560 | elapsed time per iteration (ms): 14014.3 | throughput per GPU (TFLOP/s/GPU): 216.7 | tokens/sec/GPU: 4676 | learning rate: 3.000000E-04 | global batch size:   256 | lm loss: 1.231830E+01 | loss scale: 1.0 | grad norm: 28.434 | number of skipped iterations:   0 | number of nan iterations:   0 |
3: [default3]: [2026-05-04 15:48:41.026878] iteration       11/      50 | consumed samples:         2816 | elapsed time per iteration (ms): 13794.2 | throughput per GPU (TFLOP/s/GPU): 220.1 | tokens/sec/GPU: 4751 | learning rate: 3.000000E-04 | global batch size:   256 | lm loss: 1.137396E+01 | loss scale: 1.0 | grad norm: 6.973 | number of skipped iterations:   0 | number of nan iterations:   0 |
3: [default3]: [2026-05-04 15:48:53.746506] iteration       12/      50 | consumed samples:         3072 | elapsed time per iteration (ms): 12719.4 | throughput per GPU (TFLOP/s/GPU): 238.7 | tokens/sec/GPU: 5152 | learning rate: 3.000000E-04 | global batch size:   256 | lm loss: 1.046321E+01 | loss scale: 1.0 | grad norm: 5.164 | number of skipped iterations:   0 | number of nan iterations:   0 |
3: [default3]: [2026-05-04 15:49:06.657638] iteration       13/      50 | consumed samples:         3328 | elapsed time per iteration (ms): 12910.9 | throughput per GPU (TFLOP/s/GPU): 235.2 | tokens/sec/GPU: 5076 | learning rate: 3.000000E-04 | global batch size:   256 | lm loss: 9.572012E+00 | loss scale: 1.0 | grad norm: 6.506 | number of skipped iterations:   0 | number of nan iterations:   0 |
3: [default3]: [2026-05-04 15:49:19.321490] iteration       14/      50 | consumed samples:         3584 | elapsed time per iteration (ms): 12663.6 | throughput per GPU (TFLOP/s/GPU): 239.8 | tokens/sec/GPU: 5175 | learning rate: 3.000000E-04 | global batch size:   256 | lm loss: 9.038771E+00 | loss scale: 1.0 | grad norm: 11.925 | number of skipped iterations:   0 | number of nan iterations:   0 |
3: [default3]: [2026-05-04 15:49:31.621632] iteration       15/      50 | consumed samples:         3840 | elapsed time per iteration (ms): 12299.9 | throughput per GPU (TFLOP/s/GPU): 246.9 | tokens/sec/GPU: 5328 | learning rate: 3.000000E-04 | global batch size:   256 | lm loss: 8.563325E+00 | loss scale: 1.0 | grad norm: 4.963 | number of skipped iterations:   0 | number of nan iterations:   0 |
3: [default3]: [2026-05-04 15:49:43.439856] iteration       16/      50 | consumed samples:         4096 | elapsed time per iteration (ms): 11818.0 | throughput per GPU (TFLOP/s/GPU): 256.9 | tokens/sec/GPU: 5545 | learning rate: 3.000000E-04 | global batch size:   256 | lm loss: 8.629725E+00 | loss scale: 1.0 | grad norm: 26.635 | number of skipped iterations:   0 | number of nan iterations:   0 |
3: [default3]: [2026-05-04 15:49:58.083380] iteration       17/      50 | consumed samples:         4352 | elapsed time per iteration (ms): 14643.3 | throughput per GPU (TFLOP/s/GPU): 207.4 | tokens/sec/GPU: 4476 | learning rate: 3.000000E-04 | global batch size:   256 | lm loss: 8.340693E+00 | loss scale: 1.0 | grad norm: 14.485 | number of skipped iterations:   0 | number of nan iterations:   0 |
3: [default3]: [2026-05-04 15:50:11.123335] iteration       18/      50 | consumed samples:         4608 | elapsed time per iteration (ms): 13039.6 | throughput per GPU (TFLOP/s/GPU): 232.9 | tokens/sec/GPU: 5026 | learning rate: 3.000000E-04 | global batch size:   256 | lm loss: 8.402073E+00 | loss scale: 1.0 | grad norm: 12.112 | number of skipped iterations:   0 | number of nan iterations:   0 |
3: [default3]: [2026-05-04 15:50:23.531583] iteration       19/      50 | consumed samples:         4864 | elapsed time per iteration (ms): 12408.0 | throughput per GPU (TFLOP/s/GPU): 244.7 | tokens/sec/GPU: 5282 | learning rate: 3.000000E-04 | global batch size:   256 | lm loss: 8.261930E+00 | loss scale: 1.0 | grad norm: 4.773 | number of skipped iterations:   0 | number of nan iterations:   0 |
3: [default3]: [2026-05-04 15:50:35.188129] iteration       20/      50 | consumed samples:         5120 | elapsed time per iteration (ms): 11656.3 | throughput per GPU (TFLOP/s/GPU): 260.5 | tokens/sec/GPU: 5622 | learning rate: 3.000000E-04 | global batch size:   256 | lm loss: 8.140595E+00 | loss scale: 1.0 | grad norm: 8.269 | number of skipped iterations:   0 | number of nan iterations:   0 |
3: [default3]: [2026-05-04 15:50:47.086193] iteration       21/      50 | consumed samples:         5376 | elapsed time per iteration (ms): 11897.8 | throughput per GPU (TFLOP/s/GPU): 255.2 | tokens/sec/GPU: 5508 | learning rate: 3.000000E-04 | global batch size:   256 | lm loss: 7.894475E+00 | loss scale: 1.0 | grad norm: 5.073 | number of skipped iterations:   0 | number of nan iterations:   0 |
3: [default3]: [2026-05-04 15:51:00.293626] iteration       22/      50 | consumed samples:         5632 | elapsed time per iteration (ms): 13207.2 | throughput per GPU (TFLOP/s/GPU): 229.9 | tokens/sec/GPU: 4962 | learning rate: 3.000000E-04 | global batch size:   256 | lm loss: 7.779736E+00 | loss scale: 1.0 | grad norm: 4.696 | number of skipped iterations:   0 | number of nan iterations:   0 |
3: [default3]: [2026-05-04 15:51:11.845393] iteration       23/      50 | consumed samples:         5888 | elapsed time per iteration (ms): 11551.5 | throughput per GPU (TFLOP/s/GPU): 262.9 | tokens/sec/GPU: 5673 | learning rate: 3.000000E-04 | global batch size:   256 | lm loss: 7.706126E+00 | loss scale: 1.0 | grad norm: 5.481 | number of skipped iterations:   0 | number of nan iterations:   0 |
3: [default3]: [2026-05-04 15:51:24.440844] iteration       24/      50 | consumed samples:         6144 | elapsed time per iteration (ms): 12595.2 | throughput per GPU (TFLOP/s/GPU): 241.1 | tokens/sec/GPU: 5203 | learning rate: 3.000000E-04 | global batch size:   256 | lm loss: 7.775083E+00 | loss scale: 1.0 | grad norm: 8.815 | number of skipped iterations:   0 | number of nan iterations:   0 |
3: [default3]: [2026-05-04 15:51:38.032470] iteration       25/      50 | consumed samples:         6400 | elapsed time per iteration (ms): 13591.4 | throughput per GPU (TFLOP/s/GPU): 223.4 | tokens/sec/GPU: 4822 | learning rate: 3.000000E-04 | global batch size:   256 | lm loss: 7.951102E+00 | loss scale: 1.0 | grad norm: 7.986 | number of skipped iterations:   0 | number of nan iterations:   0 |
3: [default3]: [2026-05-04 15:51:50.771951] iteration       26/      50 | consumed samples:         6656 | elapsed time per iteration (ms): 12739.2 | throughput per GPU (TFLOP/s/GPU): 238.4 | tokens/sec/GPU: 5144 | learning rate: 3.000000E-04 | global batch size:   256 | lm loss: 7.865639E+00 | loss scale: 1.0 | grad norm: 5.081 | number of skipped iterations:   0 | number of nan iterations:   0 |
3: [default3]: [2026-05-04 15:52:02.744119] iteration       27/      50 | consumed samples:         6912 | elapsed time per iteration (ms): 11971.9 | throughput per GPU (TFLOP/s/GPU): 253.6 | tokens/sec/GPU: 5474 | learning rate: 3.000000E-04 | global batch size:   256 | lm loss: 7.704314E+00 | loss scale: 1.0 | grad norm: 2.625 | number of skipped iterations:   0 | number of nan iterations:   0 |
3: [default3]: [2026-05-04 15:52:15.348952] iteration       28/      50 | consumed samples:         7168 | elapsed time per iteration (ms): 12604.6 | throughput per GPU (TFLOP/s/GPU): 240.9 | tokens/sec/GPU: 5199 | learning rate: 3.000000E-04 | global batch size:   256 | lm loss: 7.715220E+00 | loss scale: 1.0 | grad norm: 7.141 | number of skipped iterations:   0 | number of nan iterations:   0 |
3: [default3]: [2026-05-04 15:52:27.197075] iteration       29/      50 | consumed samples:         7424 | elapsed time per iteration (ms): 11847.9 | throughput per GPU (TFLOP/s/GPU): 256.3 | tokens/sec/GPU: 5531 | learning rate: 3.000000E-04 | global batch size:   256 | lm loss: 7.734638E+00 | loss scale: 1.0 | grad norm: 5.176 | number of skipped iterations:   0 | number of nan iterations:   0 |
3: [default3]: [2026-05-04 15:52:39.472775] iteration       30/      50 | consumed samples:         7680 | elapsed time per iteration (ms): 12275.5 | throughput per GPU (TFLOP/s/GPU): 247.4 | tokens/sec/GPU: 5339 | learning rate: 3.000000E-04 | global batch size:   256 | lm loss: 7.720862E+00 | loss scale: 1.0 | grad norm: 3.421 | number of skipped iterations:   0 | number of nan iterations:   0 |
3: [default3]: [2026-05-04 15:52:51.116652] iteration       31/      50 | consumed samples:         7936 | elapsed time per iteration (ms): 11643.6 | throughput per GPU (TFLOP/s/GPU): 260.8 | tokens/sec/GPU: 5628 | learning rate: 3.000000E-04 | global batch size:   256 | lm loss: 7.644719E+00 | loss scale: 1.0 | grad norm: 3.611 | number of skipped iterations:   0 | number of nan iterations:   0 |
3: [default3]: [2026-05-04 15:53:04.907797] iteration       32/      50 | consumed samples:         8192 | elapsed time per iteration (ms): 13790.9 | throughput per GPU (TFLOP/s/GPU): 220.2 | tokens/sec/GPU: 4752 | learning rate: 3.000000E-04 | global batch size:   256 | lm loss: 7.576603E+00 | loss scale: 1.0 | grad norm: 3.060 | number of skipped iterations:   0 | number of nan iterations:   0 |
3: [default3]: [2026-05-04 15:53:16.881322] iteration       33/      50 | consumed samples:         8448 | elapsed time per iteration (ms): 11973.3 | throughput per GPU (TFLOP/s/GPU): 253.6 | tokens/sec/GPU: 5473 | learning rate: 3.000000E-04 | global batch size:   256 | lm loss: 7.620492E+00 | loss scale: 1.0 | grad norm: 2.934 | number of skipped iterations:   0 | number of nan iterations:   0 |
3: [default3]: [2026-05-04 15:53:28.961097] iteration       34/      50 | consumed samples:         8704 | elapsed time per iteration (ms): 12079.5 | throughput per GPU (TFLOP/s/GPU): 251.4 | tokens/sec/GPU: 5425 | learning rate: 3.000000E-04 | global batch size:   256 | lm loss: 7.597934E+00 | loss scale: 1.0 | grad norm: 3.985 | number of skipped iterations:   0 | number of nan iterations:   0 |
3: [default3]: [2026-05-04 15:53:41.075414] iteration       35/      50 | consumed samples:         8960 | elapsed time per iteration (ms): 12114.1 | throughput per GPU (TFLOP/s/GPU): 250.7 | tokens/sec/GPU: 5410 | learning rate: 3.000000E-04 | global batch size:   256 | lm loss: 7.573615E+00 | loss scale: 1.0 | grad norm: 2.985 | number of skipped iterations:   0 | number of nan iterations:   0 |
3: [default3]: [2026-05-04 15:53:52.383165] iteration       36/      50 | consumed samples:         9216 | elapsed time per iteration (ms): 11307.5 | throughput per GPU (TFLOP/s/GPU): 268.5 | tokens/sec/GPU: 5796 | learning rate: 3.000000E-04 | global batch size:   256 | lm loss: 7.543314E+00 | loss scale: 1.0 | grad norm: 3.233 | number of skipped iterations:   0 | number of nan iterations:   0 |
3: [default3]: [2026-05-04 15:54:03.850751] iteration       37/      50 | consumed samples:         9472 | elapsed time per iteration (ms): 11467.4 | throughput per GPU (TFLOP/s/GPU): 264.8 | tokens/sec/GPU: 5715 | learning rate: 3.000000E-04 | global batch size:   256 | lm loss: 7.595162E+00 | loss scale: 1.0 | grad norm: 1.940 | number of skipped iterations:   0 | number of nan iterations:   0 |
3: [default3]: [2026-05-04 15:54:15.144959] iteration       38/      50 | consumed samples:         9728 | elapsed time per iteration (ms): 11294.0 | throughput per GPU (TFLOP/s/GPU): 268.9 | tokens/sec/GPU: 5803 | learning rate: 3.000000E-04 | global batch size:   256 | lm loss: 7.547092E+00 | loss scale: 1.0 | grad norm: 2.721 | number of skipped iterations:   0 | number of nan iterations:   0 |
3: [default3]: [2026-05-04 15:54:26.710165] iteration       39/      50 | consumed samples:         9984 | elapsed time per iteration (ms): 11565.0 | throughput per GPU (TFLOP/s/GPU): 262.6 | tokens/sec/GPU: 5667 | learning rate: 3.000000E-04 | global batch size:   256 | lm loss: 7.566463E+00 | loss scale: 1.0 | grad norm: 1.371 | number of skipped iterations:   0 | number of nan iterations:   0 |
3: [default3]: [2026-05-04 15:54:39.301313] iteration       40/      50 | consumed samples:        10240 | elapsed time per iteration (ms): 12590.9 | throughput per GPU (TFLOP/s/GPU): 241.2 | tokens/sec/GPU: 5205 | learning rate: 3.000000E-04 | global batch size:   256 | lm loss: 7.581270E+00 | loss scale: 1.0 | grad norm: 2.142 | number of skipped iterations:   0 | number of nan iterations:   0 |
3: [default3]: [2026-05-04 15:54:51.532569] iteration       41/      50 | consumed samples:        10496 | elapsed time per iteration (ms): 12231.0 | throughput per GPU (TFLOP/s/GPU): 248.3 | tokens/sec/GPU: 5358 | learning rate: 3.000000E-04 | global batch size:   256 | lm loss: 7.459373E+00 | loss scale: 1.0 | grad norm: 1.909 | number of skipped iterations:   0 | number of nan iterations:   0 |
3: [default3]: [2026-05-04 15:55:04.006846] iteration       42/      50 | consumed samples:        10752 | elapsed time per iteration (ms): 12474.0 | throughput per GPU (TFLOP/s/GPU): 243.4 | tokens/sec/GPU: 5254 | learning rate: 3.000000E-04 | global batch size:   256 | lm loss: 7.479243E+00 | loss scale: 1.0 | grad norm: 1.610 | number of skipped iterations:   0 | number of nan iterations:   0 |
3: [default3]: [2026-05-04 15:55:16.872760] iteration       43/      50 | consumed samples:        11008 | elapsed time per iteration (ms): 12865.7 | throughput per GPU (TFLOP/s/GPU): 236.0 | tokens/sec/GPU: 5094 | learning rate: 3.000000E-04 | global batch size:   256 | lm loss: 7.512057E+00 | loss scale: 1.0 | grad norm: 2.067 | number of skipped iterations:   0 | number of nan iterations:   0 |
3: [default3]: [2026-05-04 15:55:29.606516] iteration       44/      50 | consumed samples:        11264 | elapsed time per iteration (ms): 12733.5 | throughput per GPU (TFLOP/s/GPU): 238.5 | tokens/sec/GPU: 5147 | learning rate: 3.000000E-04 | global batch size:   256 | lm loss: 7.399674E+00 | loss scale: 1.0 | grad norm: 1.513 | number of skipped iterations:   0 | number of nan iterations:   0 |
3: [default3]: [2026-05-04 15:55:42.137573] iteration       45/      50 | consumed samples:        11520 | elapsed time per iteration (ms): 12530.8 | throughput per GPU (TFLOP/s/GPU): 242.3 | tokens/sec/GPU: 5230 | learning rate: 3.000000E-04 | global batch size:   256 | lm loss: 7.437831E+00 | loss scale: 1.0 | grad norm: 2.592 | number of skipped iterations:   0 | number of nan iterations:   0 |
3: [default3]: [2026-05-04 15:55:54.470654] iteration       46/      50 | consumed samples:        11776 | elapsed time per iteration (ms): 12332.8 | throughput per GPU (TFLOP/s/GPU): 246.2 | tokens/sec/GPU: 5314 | learning rate: 3.000000E-04 | global batch size:   256 | lm loss: 7.414992E+00 | loss scale: 1.0 | grad norm: 1.948 | number of skipped iterations:   0 | number of nan iterations:   0 |
3: [default3]: [2026-05-04 15:56:05.934492] iteration       47/      50 | consumed samples:        12032 | elapsed time per iteration (ms): 11463.6 | throughput per GPU (TFLOP/s/GPU): 264.9 | tokens/sec/GPU: 5717 | learning rate: 3.000000E-04 | global batch size:   256 | lm loss: 7.440811E+00 | loss scale: 1.0 | grad norm: 1.283 | number of skipped iterations:   0 | number of nan iterations:   0 |
3: [default3]: [2026-05-04 15:56:17.578739] iteration       48/      50 | consumed samples:        12288 | elapsed time per iteration (ms): 11644.0 | throughput per GPU (TFLOP/s/GPU): 260.8 | tokens/sec/GPU: 5628 | learning rate: 3.000000E-04 | global batch size:   256 | lm loss: 7.462481E+00 | loss scale: 1.0 | grad norm: 2.773 | number of skipped iterations:   0 | number of nan iterations:   0 |
3: [default3]: [2026-05-04 15:56:29.885860] iteration       49/      50 | consumed samples:        12544 | elapsed time per iteration (ms): 12306.9 | throughput per GPU (TFLOP/s/GPU): 246.7 | tokens/sec/GPU: 5325 | learning rate: 3.000000E-04 | global batch size:   256 | lm loss: 7.360257E+00 | loss scale: 1.0 | grad norm: 1.315 | number of skipped iterations:   0 | number of nan iterations:   0 |
3: [default3]: [2026-05-04 15:56:42.663293] iteration       50/      50 | consumed samples:        12800 | elapsed time per iteration (ms): 12777.1 | throughput per GPU (TFLOP/s/GPU): 237.7 | tokens/sec/GPU: 5129 | learning rate: 3.000000E-04 | global batch size:   256 | lm loss: 7.369350E+00 | loss scale: 1.0 | grad norm: 2.196 | number of skipped iterations:   0 | number of nan iterations:   0 |
0: [default0]:[after training is done] datetime: 2026-05-04 15:56:43.193938
