2: [default0]:[Rank 8] (after 1 iterations) memory (MB) | allocated: 8194.29 | max allocated: 39780.14 | reserved: 41736.00 | max reserved: 41736.00
2: [default2]:[Rank 10] (after 1 iterations) memory (MB) | allocated: 8194.29 | max allocated: 31067.64 | reserved: 33030.00 | max reserved: 33030.00
3: [default0]:[Rank 12] (after 1 iterations) memory (MB) | allocated: 8194.29 | max allocated: 22355.13 | reserved: 24326.00 | max reserved: 24326.00
3: [default2]:[Rank 14] (after 1 iterations) memory (MB) | allocated: 10422.68 | max allocated: 22172.60 | reserved: 25180.00 | max reserved: 25180.00
3: [default3]: [2026-05-04 16:21:46.404360] iteration        1/      50 | consumed samples:          256 | elapsed time per iteration (ms): 41479.3 | throughput per GPU (TFLOP/s/GPU): 73.2 | tokens/sec/GPU: 1580 | learning rate: 3.000000E-05 | global batch size:   256 | lm loss: 1.164052E+01 | loss scale: 1.0 | grad norm: 14.198 | number of skipped iterations:   0 | number of nan iterations:   0 |
0: [default2]:[Rank 2] (after 1 iterations) memory (MB) | allocated: 8194.29 | max allocated: 65917.65 | reserved: 67848.00 | max reserved: 67848.00
1: [default0]:[Rank 4] (after 1 iterations) memory (MB) | allocated: 8194.29 | max allocated: 57205.14 | reserved: 59144.00 | max reserved: 59144.00
1: [default2]:[Rank 6] (after 1 iterations) memory (MB) | allocated: 8194.29 | max allocated: 48492.64 | reserved: 50440.00 | max reserved: 50440.00
0: [default0]:Number of parameters in transformer block in billions:  6.98
0: [default0]:Number of parameters in embedding layers in billions: 0.41
0: [default0]:Total number of parameters in billions: 7.39
0: [default0]:Number of parameters in most loaded shard in billions: 1.0785
0: [default0]:/usr/local/lib/python3.12/dist-packages/torch/distributed/c10d_logger.py:83: UserWarning: barrier(): using the device under current context. You can specify `device_id` in `init_process_group` to mute this warning.
0: [default0]:Number of parameters in other shards in billions: 0.8724
0: [default0]:  return func(*args, **kwargs)
0: [default0]:compute_activation_memory_without_sp
0: [default0]:Activation memory footprint per transformer layer (precise, without SP): 2176.0 MB
0: [default0]:Number of in-flight microbatches: 8
0: [default0]:Theoretical memory footprints: weight and optimizer=12342.38 MB, activation=73652.25 MB, total=85994.63 MB
0: [default0]:
0: [default0]:[Rank 0] (after 1 iterations) memory (MB) | allocated: 9708.66 | max allocated: 75291.02 | reserved: 77348.00 | max reserved: 77348.00
0: [default2]:[Rank 2] (after 2 iterations) memory (MB) | allocated: 8194.29 | max allocated: 70077.80 | reserved: 72840.00 | max reserved: 72840.00
1: [default2]:[Rank 6] (after 2 iterations) memory (MB) | allocated: 8194.29 | max allocated: 52652.80 | reserved: 55112.00 | max reserved: 55112.00
1: [default0]:[Rank 4] (after 2 iterations) memory (MB) | allocated: 8194.29 | max allocated: 61365.30 | reserved: 64136.00 | max reserved: 64136.00
0: [default0]:Number of parameters in transformer block in billions:  6.98
0: [default0]:Number of parameters in embedding layers in billions: 0.41
0: [default0]:Total number of parameters in billions: 7.39
0: [default0]:Number of parameters in most loaded shard in billions: 1.0785
0: [default0]:Number of parameters in other shards in billions: 0.8724
0: [default0]:compute_activation_memory_without_sp
0: [default0]:Activation memory footprint per transformer layer (precise, without SP): 2176.0 MB
0: [default0]:Number of in-flight microbatches: 8
0: [default0]:Theoretical memory footprints: weight and optimizer=12342.38 MB, activation=73652.25 MB, total=85994.63 MB
0: [default0]:
0: [default0]:[Rank 0] (after 2 iterations) memory (MB) | allocated: 9708.66 | max allocated: 80433.68 | reserved: 83492.00 | max reserved: 83492.00
3: [default0]:[Rank 12] (after 2 iterations) memory (MB) | allocated: 8194.29 | max allocated: 26515.29 | reserved: 28422.00 | max reserved: 28422.00
2: [default0]:[Rank 8] (after 2 iterations) memory (MB) | allocated: 8194.29 | max allocated: 43940.30 | reserved: 46280.00 | max reserved: 46280.00
2: [default2]:[Rank 10] (after 2 iterations) memory (MB) | allocated: 8194.29 | max allocated: 35227.79 | reserved: 37254.00 | max reserved: 37254.00
3: [default2]:[Rank 14] (after 2 iterations) memory (MB) | allocated: 10422.68 | max allocated: 27316.28 | reserved: 28324.00 | max reserved: 28324.00
3: [default3]: [2026-05-04 16:22:12.191384] iteration        2/      50 | consumed samples:          512 | elapsed time per iteration (ms): 33633.1 | throughput per GPU (TFLOP/s/GPU): 90.3 | tokens/sec/GPU: 1949 | learning rate: 6.000000E-05 | global batch size:   256 | lm loss: 1.163984E+01 | loss scale: 1.0 | grad norm: 11.694 | number of skipped iterations:   0 | number of nan iterations:   0 |
3: [default3]: [2026-05-04 16:22:32.983870] iteration        3/      50 | consumed samples:          768 | elapsed time per iteration (ms): 20792.3 | throughput per GPU (TFLOP/s/GPU): 146.0 | tokens/sec/GPU: 3152 | learning rate: 9.000000E-05 | global batch size:   256 | lm loss: 1.676287E+01 | loss scale: 1.0 | grad norm: 339.921 | number of skipped iterations:   0 | number of nan iterations:   0 |
3: [default3]: [2026-05-04 16:22:51.800194] iteration        4/      50 | consumed samples:         1024 | elapsed time per iteration (ms): 18816.0 | throughput per GPU (TFLOP/s/GPU): 161.4 | tokens/sec/GPU: 3483 | learning rate: 1.200000E-04 | global batch size:   256 | lm loss: 1.337209E+01 | loss scale: 1.0 | grad norm: 233.899 | number of skipped iterations:   0 | number of nan iterations:   0 |
3: [default3]: [2026-05-04 16:23:10.186955] iteration        5/      50 | consumed samples:         1280 | elapsed time per iteration (ms): 18386.5 | throughput per GPU (TFLOP/s/GPU): 165.1 | tokens/sec/GPU: 3564 | learning rate: 1.500000E-04 | global batch size:   256 | lm loss: 1.485629E+01 | loss scale: 1.0 | grad norm: 29.054 | number of skipped iterations:   0 | number of nan iterations:   0 |
3: [default3]: [2026-05-04 16:23:26.978216] iteration        6/      50 | consumed samples:         1536 | elapsed time per iteration (ms): 16791.0 | throughput per GPU (TFLOP/s/GPU): 180.8 | tokens/sec/GPU: 3903 | learning rate: 1.800000E-04 | global batch size:   256 | lm loss: 2.307613E+01 | loss scale: 1.0 | grad norm: 67.010 | number of skipped iterations:   0 | number of nan iterations:   0 |
3: [default3]: [2026-05-04 16:23:41.232094] iteration        7/      50 | consumed samples:         1792 | elapsed time per iteration (ms): 14253.7 | throughput per GPU (TFLOP/s/GPU): 213.0 | tokens/sec/GPU: 4598 | learning rate: 2.100000E-04 | global batch size:   256 | lm loss: 2.640759E+01 | loss scale: 1.0 | grad norm: 85.323 | number of skipped iterations:   0 | number of nan iterations:   0 |
3: [default3]: [2026-05-04 16:23:56.068971] iteration        8/      50 | consumed samples:         2048 | elapsed time per iteration (ms): 14836.7 | throughput per GPU (TFLOP/s/GPU): 204.7 | tokens/sec/GPU: 4417 | learning rate: 2.400000E-04 | global batch size:   256 | lm loss: 2.424107E+01 | loss scale: 1.0 | grad norm: 68.456 | number of skipped iterations:   0 | number of nan iterations:   0 |
3: [default3]: [2026-05-04 16:24:09.250514] iteration        9/      50 | consumed samples:         2304 | elapsed time per iteration (ms): 13181.3 | throughput per GPU (TFLOP/s/GPU): 230.4 | tokens/sec/GPU: 4972 | learning rate: 2.700000E-04 | global batch size:   256 | lm loss: 1.565421E+01 | loss scale: 1.0 | grad norm: 60.470 | number of skipped iterations:   0 | number of nan iterations:   0 |
3: [default3]: [2026-05-04 16:24:24.156923] iteration       10/      50 | consumed samples:         2560 | elapsed time per iteration (ms): 14906.3 | throughput per GPU (TFLOP/s/GPU): 203.7 | tokens/sec/GPU: 4397 | learning rate: 3.000000E-04 | global batch size:   256 | lm loss: 1.230534E+01 | loss scale: 1.0 | grad norm: 27.864 | number of skipped iterations:   0 | number of nan iterations:   0 |
3: [default3]: [2026-05-04 16:24:36.295888] iteration       11/      50 | consumed samples:         2816 | elapsed time per iteration (ms): 12138.8 | throughput per GPU (TFLOP/s/GPU): 250.1 | tokens/sec/GPU: 5399 | learning rate: 3.000000E-04 | global batch size:   256 | lm loss: 1.136491E+01 | loss scale: 1.0 | grad norm: 6.894 | number of skipped iterations:   0 | number of nan iterations:   0 |
3: [default3]: [2026-05-04 16:24:48.450102] iteration       12/      50 | consumed samples:         3072 | elapsed time per iteration (ms): 12153.9 | throughput per GPU (TFLOP/s/GPU): 249.8 | tokens/sec/GPU: 5392 | learning rate: 3.000000E-04 | global batch size:   256 | lm loss: 1.045111E+01 | loss scale: 1.0 | grad norm: 5.162 | number of skipped iterations:   0 | number of nan iterations:   0 |
3: [default3]: [2026-05-04 16:25:00.444066] iteration       13/      50 | consumed samples:         3328 | elapsed time per iteration (ms): 11993.8 | throughput per GPU (TFLOP/s/GPU): 253.2 | tokens/sec/GPU: 5464 | learning rate: 3.000000E-04 | global batch size:   256 | lm loss: 9.571270E+00 | loss scale: 1.0 | grad norm: 7.141 | number of skipped iterations:   0 | number of nan iterations:   0 |
3: [default3]: [2026-05-04 16:25:12.928448] iteration       14/      50 | consumed samples:         3584 | elapsed time per iteration (ms): 12484.2 | throughput per GPU (TFLOP/s/GPU): 243.2 | tokens/sec/GPU: 5250 | learning rate: 3.000000E-04 | global batch size:   256 | lm loss: 9.052092E+00 | loss scale: 1.0 | grad norm: 11.259 | number of skipped iterations:   0 | number of nan iterations:   0 |
3: [default3]: [2026-05-04 16:25:27.035001] iteration       15/      50 | consumed samples:         3840 | elapsed time per iteration (ms): 14106.4 | throughput per GPU (TFLOP/s/GPU): 215.3 | tokens/sec/GPU: 4646 | learning rate: 3.000000E-04 | global batch size:   256 | lm loss: 8.592090E+00 | loss scale: 1.0 | grad norm: 4.900 | number of skipped iterations:   0 | number of nan iterations:   0 |
3: [default3]: [2026-05-04 16:25:39.906841] iteration       16/      50 | consumed samples:         4096 | elapsed time per iteration (ms): 12871.7 | throughput per GPU (TFLOP/s/GPU): 235.9 | tokens/sec/GPU: 5091 | learning rate: 3.000000E-04 | global batch size:   256 | lm loss: 8.640240E+00 | loss scale: 1.0 | grad norm: 26.407 | number of skipped iterations:   0 | number of nan iterations:   0 |
3: [default3]: [2026-05-04 16:25:50.665880] iteration       17/      50 | consumed samples:         4352 | elapsed time per iteration (ms): 10758.8 | throughput per GPU (TFLOP/s/GPU): 282.2 | tokens/sec/GPU: 6091 | learning rate: 3.000000E-04 | global batch size:   256 | lm loss: 8.308681E+00 | loss scale: 1.0 | grad norm: 14.016 | number of skipped iterations:   0 | number of nan iterations:   0 |
3: [default3]: [2026-05-04 16:26:01.393419] iteration       18/      50 | consumed samples:         4608 | elapsed time per iteration (ms): 10727.4 | throughput per GPU (TFLOP/s/GPU): 283.1 | tokens/sec/GPU: 6109 | learning rate: 3.000000E-04 | global batch size:   256 | lm loss: 8.444698E+00 | loss scale: 1.0 | grad norm: 15.926 | number of skipped iterations:   0 | number of nan iterations:   0 |
3: [default3]: [2026-05-04 16:26:16.801536] iteration       19/      50 | consumed samples:         4864 | elapsed time per iteration (ms): 15407.9 | throughput per GPU (TFLOP/s/GPU): 197.1 | tokens/sec/GPU: 4253 | learning rate: 3.000000E-04 | global batch size:   256 | lm loss: 8.241948E+00 | loss scale: 1.0 | grad norm: 4.418 | number of skipped iterations:   0 | number of nan iterations:   0 |
3: [default3]: [2026-05-04 16:26:30.643840] iteration       20/      50 | consumed samples:         5120 | elapsed time per iteration (ms): 13842.0 | throughput per GPU (TFLOP/s/GPU): 219.4 | tokens/sec/GPU: 4735 | learning rate: 3.000000E-04 | global batch size:   256 | lm loss: 8.096809E+00 | loss scale: 1.0 | grad norm: 7.533 | number of skipped iterations:   0 | number of nan iterations:   0 |
3: [default3]: [2026-05-04 16:26:43.754921] iteration       21/      50 | consumed samples:         5376 | elapsed time per iteration (ms): 13110.9 | throughput per GPU (TFLOP/s/GPU): 231.6 | tokens/sec/GPU: 4999 | learning rate: 3.000000E-04 | global batch size:   256 | lm loss: 7.855226E+00 | loss scale: 1.0 | grad norm: 5.202 | number of skipped iterations:   0 | number of nan iterations:   0 |
3: [default3]: [2026-05-04 16:26:58.424808] iteration       22/      50 | consumed samples:         5632 | elapsed time per iteration (ms): 14669.7 | throughput per GPU (TFLOP/s/GPU): 207.0 | tokens/sec/GPU: 4467 | learning rate: 3.000000E-04 | global batch size:   256 | lm loss: 7.757027E+00 | loss scale: 1.0 | grad norm: 4.754 | number of skipped iterations:   0 | number of nan iterations:   0 |
3: [default3]: [2026-05-04 16:27:36.986094] iteration       23/      50 | consumed samples:         5888 | elapsed time per iteration (ms): 38561.1 | throughput per GPU (TFLOP/s/GPU): 78.7 | tokens/sec/GPU: 1700 | learning rate: 3.000000E-04 | global batch size:   256 | lm loss: 7.719552E+00 | loss scale: 1.0 | grad norm: 6.130 | number of skipped iterations:   0 | number of nan iterations:   0 |
3: [default3]: [2026-05-04 16:27:49.685775] iteration       24/      50 | consumed samples:         6144 | elapsed time per iteration (ms): 12699.5 | throughput per GPU (TFLOP/s/GPU): 239.1 | tokens/sec/GPU: 5161 | learning rate: 3.000000E-04 | global batch size:   256 | lm loss: 7.731934E+00 | loss scale: 1.0 | grad norm: 5.534 | number of skipped iterations:   0 | number of nan iterations:   0 |
3: [default3]: [2026-05-04 16:28:03.734833] iteration       25/      50 | consumed samples:         6400 | elapsed time per iteration (ms): 14048.8 | throughput per GPU (TFLOP/s/GPU): 216.1 | tokens/sec/GPU: 4665 | learning rate: 3.000000E-04 | global batch size:   256 | lm loss: 7.853613E+00 | loss scale: 1.0 | grad norm: 5.043 | number of skipped iterations:   0 | number of nan iterations:   0 |
3: [default3]: [2026-05-04 16:28:18.077463] iteration       26/      50 | consumed samples:         6656 | elapsed time per iteration (ms): 14342.5 | throughput per GPU (TFLOP/s/GPU): 211.7 | tokens/sec/GPU: 4569 | learning rate: 3.000000E-04 | global batch size:   256 | lm loss: 7.771897E+00 | loss scale: 1.0 | grad norm: 2.813 | number of skipped iterations:   0 | number of nan iterations:   0 |
3: [default3]: [2026-05-04 16:28:31.482952] iteration       27/      50 | consumed samples:         6912 | elapsed time per iteration (ms): 13405.3 | throughput per GPU (TFLOP/s/GPU): 226.5 | tokens/sec/GPU: 4889 | learning rate: 3.000000E-04 | global batch size:   256 | lm loss: 7.637189E+00 | loss scale: 1.0 | grad norm: 2.738 | number of skipped iterations:   0 | number of nan iterations:   0 |
3: [default3]: [2026-05-04 16:28:45.629272] iteration       28/      50 | consumed samples:         7168 | elapsed time per iteration (ms): 14146.0 | throughput per GPU (TFLOP/s/GPU): 214.7 | tokens/sec/GPU: 4633 | learning rate: 3.000000E-04 | global batch size:   256 | lm loss: 7.618192E+00 | loss scale: 1.0 | grad norm: 2.680 | number of skipped iterations:   0 | number of nan iterations:   0 |
3: [default3]: [2026-05-04 16:29:00.330680] iteration       29/      50 | consumed samples:         7424 | elapsed time per iteration (ms): 14701.2 | throughput per GPU (TFLOP/s/GPU): 206.5 | tokens/sec/GPU: 4458 | learning rate: 3.000000E-04 | global batch size:   256 | lm loss: 7.673993E+00 | loss scale: 1.0 | grad norm: 3.542 | number of skipped iterations:   0 | number of nan iterations:   0 |
3: [default3]: [2026-05-04 16:29:15.827355] iteration       30/      50 | consumed samples:         7680 | elapsed time per iteration (ms): 15496.5 | throughput per GPU (TFLOP/s/GPU): 195.9 | tokens/sec/GPU: 4229 | learning rate: 3.000000E-04 | global batch size:   256 | lm loss: 7.670817E+00 | loss scale: 1.0 | grad norm: 3.257 | number of skipped iterations:   0 | number of nan iterations:   0 |
3: [default3]: [2026-05-04 16:29:29.500026] iteration       31/      50 | consumed samples:         7936 | elapsed time per iteration (ms): 13672.5 | throughput per GPU (TFLOP/s/GPU): 222.1 | tokens/sec/GPU: 4793 | learning rate: 3.000000E-04 | global batch size:   256 | lm loss: 7.584055E+00 | loss scale: 1.0 | grad norm: 2.360 | number of skipped iterations:   0 | number of nan iterations:   0 |
3: [default3]: [2026-05-04 16:29:42.957070] iteration       32/      50 | consumed samples:         8192 | elapsed time per iteration (ms): 13456.9 | throughput per GPU (TFLOP/s/GPU): 225.6 | tokens/sec/GPU: 4870 | learning rate: 3.000000E-04 | global batch size:   256 | lm loss: 7.529496E+00 | loss scale: 1.0 | grad norm: 2.421 | number of skipped iterations:   0 | number of nan iterations:   0 |
3: [default3]: [2026-05-04 16:29:56.380969] iteration       33/      50 | consumed samples:         8448 | elapsed time per iteration (ms): 13423.6 | throughput per GPU (TFLOP/s/GPU): 226.2 | tokens/sec/GPU: 4882 | learning rate: 3.000000E-04 | global batch size:   256 | lm loss: 7.598598E+00 | loss scale: 1.0 | grad norm: 3.218 | number of skipped iterations:   0 | number of nan iterations:   0 |
3: [default3]: [2026-05-04 16:30:10.356480] iteration       34/      50 | consumed samples:         8704 | elapsed time per iteration (ms): 13975.4 | throughput per GPU (TFLOP/s/GPU): 217.3 | tokens/sec/GPU: 4689 | learning rate: 3.000000E-04 | global batch size:   256 | lm loss: 7.593987E+00 | loss scale: 1.0 | grad norm: 2.802 | number of skipped iterations:   0 | number of nan iterations:   0 |
3: [default3]: [2026-05-04 16:30:24.106909] iteration       35/      50 | consumed samples:         8960 | elapsed time per iteration (ms): 13750.2 | throughput per GPU (TFLOP/s/GPU): 220.8 | tokens/sec/GPU: 4766 | learning rate: 3.000000E-04 | global batch size:   256 | lm loss: 7.564246E+00 | loss scale: 1.0 | grad norm: 1.910 | number of skipped iterations:   0 | number of nan iterations:   0 |
3: [default3]: [2026-05-04 16:30:36.722341] iteration       36/      50 | consumed samples:         9216 | elapsed time per iteration (ms): 12615.1 | throughput per GPU (TFLOP/s/GPU): 240.7 | tokens/sec/GPU: 5195 | learning rate: 3.000000E-04 | global batch size:   256 | lm loss: 7.505998E+00 | loss scale: 1.0 | grad norm: 2.027 | number of skipped iterations:   0 | number of nan iterations:   0 |
3: [default3]: [2026-05-04 16:30:50.474632] iteration       37/      50 | consumed samples:         9472 | elapsed time per iteration (ms): 13752.1 | throughput per GPU (TFLOP/s/GPU): 220.8 | tokens/sec/GPU: 4766 | learning rate: 3.000000E-04 | global batch size:   256 | lm loss: 7.557599E+00 | loss scale: 1.0 | grad norm: 1.525 | number of skipped iterations:   0 | number of nan iterations:   0 |
3: [default3]: [2026-05-04 16:31:03.636583] iteration       38/      50 | consumed samples:         9728 | elapsed time per iteration (ms): 13161.7 | throughput per GPU (TFLOP/s/GPU): 230.7 | tokens/sec/GPU: 4979 | learning rate: 3.000000E-04 | global batch size:   256 | lm loss: 7.519586E+00 | loss scale: 1.0 | grad norm: 2.181 | number of skipped iterations:   0 | number of nan iterations:   0 |
3: [default3]: [2026-05-04 16:31:16.699619] iteration       39/      50 | consumed samples:         9984 | elapsed time per iteration (ms): 13062.9 | throughput per GPU (TFLOP/s/GPU): 232.5 | tokens/sec/GPU: 5017 | learning rate: 3.000000E-04 | global batch size:   256 | lm loss: 7.548653E+00 | loss scale: 1.0 | grad norm: 1.840 | number of skipped iterations:   0 | number of nan iterations:   0 |
3: [default3]: [2026-05-04 16:31:30.855266] iteration       40/      50 | consumed samples:        10240 | elapsed time per iteration (ms): 14155.5 | throughput per GPU (TFLOP/s/GPU): 214.5 | tokens/sec/GPU: 4630 | learning rate: 3.000000E-04 | global batch size:   256 | lm loss: 7.550660E+00 | loss scale: 1.0 | grad norm: 1.323 | number of skipped iterations:   0 | number of nan iterations:   0 |
3: [default3]: [2026-05-04 16:31:43.449027] iteration       41/      50 | consumed samples:        10496 | elapsed time per iteration (ms): 12593.5 | throughput per GPU (TFLOP/s/GPU): 241.1 | tokens/sec/GPU: 5204 | learning rate: 3.000000E-04 | global batch size:   256 | lm loss: 7.420511E+00 | loss scale: 1.0 | grad norm: 2.030 | number of skipped iterations:   0 | number of nan iterations:   0 |
0: slurmstepd: error: *** STEP 2033863.0 ON nid006133 CANCELLED AT 2026-05-04T16:31:47 DUE TO TIME LIMIT ***
slurmstepd: error: *** JOB 2033863 ON nid006133 CANCELLED AT 2026-05-04T16:31:47 DUE TO TIME LIMIT ***
