3: [default2]:[Rank 14] (after 1 iterations) memory (MB) | allocated: 10231.66 | max allocated: 10231.72 | reserved: 10808.00 | max reserved: 10808.00
3: [default3]: [2026-05-04 16:36:24.307244] iteration        1/      50 | consumed samples:          256 | elapsed time per iteration (ms): 46388.6 | throughput per GPU (TFLOP/s/GPU): 65.5 | tokens/sec/GPU: 1413 | learning rate: 3.000000E-05 | global batch size:   256 | lm loss: 1.164052E+01 | loss scale: 1.0 | grad norm: 14.197 | number of skipped iterations:   0 | number of nan iterations:   0 |
3: [default0]:[Rank 12] (after 1 iterations) memory (MB) | allocated: 8002.29 | max allocated: 8422.38 | reserved: 10810.00 | max reserved: 10810.00
1: [default2]:[Rank 6] (after 1 iterations) memory (MB) | allocated: 8002.29 | max allocated: 14956.77 | reserved: 17120.00 | max reserved: 17120.00
2: [default0]:[Rank 8] (after 1 iterations) memory (MB) | allocated: 8002.29 | max allocated: 12778.64 | reserved: 14942.00 | max reserved: 14942.00
2: [default2]:[Rank 10] (after 1 iterations) memory (MB) | allocated: 8002.29 | max allocated: 10600.51 | reserved: 12764.00 | max reserved: 12764.00
0: [default0]:/usr/local/lib/python3.12/dist-packages/torch/distributed/c10d_logger.py:83: UserWarning: barrier(): using the device under current context. You can specify `device_id` in `init_process_group` to mute this warning.
0: [default0]:  return func(*args, **kwargs)
1: [default0]:[Rank 4] (after 1 iterations) memory (MB) | allocated: 8002.29 | max allocated: 17134.89 | reserved: 19298.00 | max reserved: 19298.00
0: [default0]:Number of parameters in transformer block in billions:  6.98
0: [default2]:[Rank 2] (after 1 iterations) memory (MB) | allocated: 8002.29 | max allocated: 19313.02 | reserved: 21476.00 | max reserved: 21476.00
0: [default0]:Number of parameters in embedding layers in billions: 0.41
0: [default0]:Total number of parameters in billions: 7.39
0: [default0]:Number of parameters in most loaded shard in billions: 1.0785
0: [default0]:Number of parameters in other shards in billions: 0.8724
0: [default0]:compute_activation_memory_without_sp
0: [default0]:Activation memory footprint per transformer layer (precise, without SP): 544.0 MB
0: [default0]:Number of in-flight microbatches: 8
0: [default0]:Theoretical memory footprints: weight and optimizer=12342.38 MB, activation=18413.06 MB, total=30755.44 MB
0: [default0]:
0: [default0]:[Rank 0] (after 1 iterations) memory (MB) | allocated: 9710.66 | max allocated: 22247.27 | reserved: 23220.00 | max reserved: 23220.00
1: [default2]:[Rank 6] (after 2 iterations) memory (MB) | allocated: 8002.29 | max allocated: 19116.92 | reserved: 19792.00 | max reserved: 19792.00
2: [default0]:[Rank 8] (after 2 iterations) memory (MB) | allocated: 8002.29 | max allocated: 16938.80 | reserved: 17550.00 | max reserved: 17550.00
2: [default2]:[Rank 10] (after 2 iterations) memory (MB) | allocated: 8002.29 | max allocated: 14760.67 | reserved: 15340.00 | max reserved: 15340.00
1: [default0]:[Rank 4] (after 2 iterations) memory (MB) | allocated: 8002.29 | max allocated: 21295.05 | reserved: 22002.00 | max reserved: 22002.00
0: [default0]:Number of parameters in transformer block in billions:  6.98
0: [default0]:Number of parameters in embedding layers in billions: 0.41
0: [default0]:Total number of parameters in billions: 7.39
0: [default0]:Number of parameters in most loaded shard in billions: 1.0785
0: [default0]:Number of parameters in other shards in billions: 0.8724
0: [default0]:compute_activation_memory_without_sp
0: [default0]:Activation memory footprint per transformer layer (precise, without SP): 544.0 MB
0: [default0]:Number of in-flight microbatches: 8
0: [default0]:Theoretical memory footprints: weight and optimizer=12342.38 MB, activation=18413.06 MB, total=30755.44 MB
0: [default0]:
0: [default0]:[Rank 0] (after 2 iterations) memory (MB) | allocated: 9710.66 | max allocated: 27391.93 | reserved: 28366.00 | max reserved: 28366.00
0: [default2]:[Rank 2] (after 2 iterations) memory (MB) | allocated: 8002.29 | max allocated: 23473.18 | reserved: 24260.00 | max reserved: 24260.00
3: [default2]:[Rank 14] (after 2 iterations) memory (MB) | allocated: 10231.66 | max allocated: 14455.09 | reserved: 15304.00 | max reserved: 15304.00
3: [default3]: [2026-05-04 16:36:49.788184] iteration        2/      50 | consumed samples:          512 | elapsed time per iteration (ms): 35934.7 | throughput per GPU (TFLOP/s/GPU): 84.5 | tokens/sec/GPU: 1824 | learning rate: 6.000000E-05 | global batch size:   256 | lm loss: 1.163984E+01 | loss scale: 1.0 | grad norm: 11.692 | number of skipped iterations:   0 | number of nan iterations:   0 |
3: [default0]:[Rank 12] (after 2 iterations) memory (MB) | allocated: 8002.29 | max allocated: 12582.54 | reserved: 13130.00 | max reserved: 13130.00
3: [default3]: [2026-05-04 16:37:12.545729] iteration        3/      50 | consumed samples:          768 | elapsed time per iteration (ms): 22757.3 | throughput per GPU (TFLOP/s/GPU): 133.4 | tokens/sec/GPU: 2880 | learning rate: 9.000000E-05 | global batch size:   256 | lm loss: 1.676083E+01 | loss scale: 1.0 | grad norm: 339.640 | number of skipped iterations:   0 | number of nan iterations:   0 |
3: [default3]: [2026-05-04 16:37:34.313964] iteration        4/      50 | consumed samples:         1024 | elapsed time per iteration (ms): 21768.0 | throughput per GPU (TFLOP/s/GPU): 139.5 | tokens/sec/GPU: 3011 | learning rate: 1.200000E-04 | global batch size:   256 | lm loss: 1.337278E+01 | loss scale: 1.0 | grad norm: 234.177 | number of skipped iterations:   0 | number of nan iterations:   0 |
3: [default3]: [2026-05-04 16:37:53.206445] iteration        5/      50 | consumed samples:         1280 | elapsed time per iteration (ms): 18892.3 | throughput per GPU (TFLOP/s/GPU): 160.7 | tokens/sec/GPU: 3469 | learning rate: 1.500000E-04 | global batch size:   256 | lm loss: 1.486051E+01 | loss scale: 1.0 | grad norm: 28.998 | number of skipped iterations:   0 | number of nan iterations:   0 |
3: [default3]: [2026-05-04 16:38:09.483891] iteration        6/      50 | consumed samples:         1536 | elapsed time per iteration (ms): 16277.3 | throughput per GPU (TFLOP/s/GPU): 186.5 | tokens/sec/GPU: 4026 | learning rate: 1.800000E-04 | global batch size:   256 | lm loss: 2.307074E+01 | loss scale: 1.0 | grad norm: 66.709 | number of skipped iterations:   0 | number of nan iterations:   0 |
3: [default3]: [2026-05-04 16:38:24.088313] iteration        7/      50 | consumed samples:         1792 | elapsed time per iteration (ms): 14604.2 | throughput per GPU (TFLOP/s/GPU): 207.9 | tokens/sec/GPU: 4487 | learning rate: 2.100000E-04 | global batch size:   256 | lm loss: 2.639174E+01 | loss scale: 1.0 | grad norm: 84.955 | number of skipped iterations:   0 | number of nan iterations:   0 |
3: [default3]: [2026-05-04 16:38:40.452075] iteration        8/      50 | consumed samples:         2048 | elapsed time per iteration (ms): 16363.6 | throughput per GPU (TFLOP/s/GPU): 185.6 | tokens/sec/GPU: 4005 | learning rate: 2.400000E-04 | global batch size:   256 | lm loss: 2.422589E+01 | loss scale: 1.0 | grad norm: 70.757 | number of skipped iterations:   0 | number of nan iterations:   0 |
3: [default3]: [2026-05-04 16:38:55.145165] iteration        9/      50 | consumed samples:         2304 | elapsed time per iteration (ms): 14692.9 | throughput per GPU (TFLOP/s/GPU): 206.7 | tokens/sec/GPU: 4460 | learning rate: 2.700000E-04 | global batch size:   256 | lm loss: 1.562384E+01 | loss scale: 1.0 | grad norm: 60.264 | number of skipped iterations:   0 | number of nan iterations:   0 |
3: [default3]: [2026-05-04 16:39:10.351998] iteration       10/      50 | consumed samples:         2560 | elapsed time per iteration (ms): 15206.7 | throughput per GPU (TFLOP/s/GPU): 199.7 | tokens/sec/GPU: 4310 | learning rate: 3.000000E-04 | global batch size:   256 | lm loss: 1.229705E+01 | loss scale: 1.0 | grad norm: 27.550 | number of skipped iterations:   0 | number of nan iterations:   0 |
3: [default3]: [2026-05-04 16:39:24.983940] iteration       11/      50 | consumed samples:         2816 | elapsed time per iteration (ms): 14631.7 | throughput per GPU (TFLOP/s/GPU): 207.5 | tokens/sec/GPU: 4479 | learning rate: 3.000000E-04 | global batch size:   256 | lm loss: 1.135754E+01 | loss scale: 1.0 | grad norm: 6.875 | number of skipped iterations:   0 | number of nan iterations:   0 |
3: [default3]: [2026-05-04 16:39:38.009680] iteration       12/      50 | consumed samples:         3072 | elapsed time per iteration (ms): 13025.5 | throughput per GPU (TFLOP/s/GPU): 233.1 | tokens/sec/GPU: 5031 | learning rate: 3.000000E-04 | global batch size:   256 | lm loss: 1.043950E+01 | loss scale: 1.0 | grad norm: 5.160 | number of skipped iterations:   0 | number of nan iterations:   0 |
3: [default3]: [2026-05-04 16:39:51.622656] iteration       13/      50 | consumed samples:         3328 | elapsed time per iteration (ms): 13612.8 | throughput per GPU (TFLOP/s/GPU): 223.1 | tokens/sec/GPU: 4814 | learning rate: 3.000000E-04 | global batch size:   256 | lm loss: 9.561687E+00 | loss scale: 1.0 | grad norm: 7.231 | number of skipped iterations:   0 | number of nan iterations:   0 |
3: [default3]: [2026-05-04 16:40:04.617206] iteration       14/      50 | consumed samples:         3584 | elapsed time per iteration (ms): 12994.4 | throughput per GPU (TFLOP/s/GPU): 233.7 | tokens/sec/GPU: 5043 | learning rate: 3.000000E-04 | global batch size:   256 | lm loss: 9.029552E+00 | loss scale: 1.0 | grad norm: 10.336 | number of skipped iterations:   0 | number of nan iterations:   0 |
3: [default3]: [2026-05-04 16:40:16.662504] iteration       15/      50 | consumed samples:         3840 | elapsed time per iteration (ms): 12045.1 | throughput per GPU (TFLOP/s/GPU): 252.1 | tokens/sec/GPU: 5441 | learning rate: 3.000000E-04 | global batch size:   256 | lm loss: 8.563173E+00 | loss scale: 1.0 | grad norm: 4.862 | number of skipped iterations:   0 | number of nan iterations:   0 |
3: [default3]: [2026-05-04 16:40:28.774239] iteration       16/      50 | consumed samples:         4096 | elapsed time per iteration (ms): 12111.6 | throughput per GPU (TFLOP/s/GPU): 250.7 | tokens/sec/GPU: 5411 | learning rate: 3.000000E-04 | global batch size:   256 | lm loss: 8.643650E+00 | loss scale: 1.0 | grad norm: 26.760 | number of skipped iterations:   0 | number of nan iterations:   0 |
3: [default3]: [2026-05-04 16:40:41.293762] iteration       17/      50 | consumed samples:         4352 | elapsed time per iteration (ms): 12519.3 | throughput per GPU (TFLOP/s/GPU): 242.5 | tokens/sec/GPU: 5235 | learning rate: 3.000000E-04 | global batch size:   256 | lm loss: 8.500318E+00 | loss scale: 1.0 | grad norm: 22.423 | number of skipped iterations:   0 | number of nan iterations:   0 |
3: [default3]: [2026-05-04 16:40:53.316149] iteration       18/      50 | consumed samples:         4608 | elapsed time per iteration (ms): 12022.2 | throughput per GPU (TFLOP/s/GPU): 252.6 | tokens/sec/GPU: 5451 | learning rate: 3.000000E-04 | global batch size:   256 | lm loss: 8.635057E+00 | loss scale: 1.0 | grad norm: 21.686 | number of skipped iterations:   0 | number of nan iterations:   0 |
3: [default3]: [2026-05-04 16:41:06.895934] iteration       19/      50 | consumed samples:         4864 | elapsed time per iteration (ms): 13579.5 | throughput per GPU (TFLOP/s/GPU): 223.6 | tokens/sec/GPU: 4826 | learning rate: 3.000000E-04 | global batch size:   256 | lm loss: 8.336040E+00 | loss scale: 1.0 | grad norm: 4.281 | number of skipped iterations:   0 | number of nan iterations:   0 |
3: [default3]: [2026-05-04 16:41:20.294806] iteration       20/      50 | consumed samples:         5120 | elapsed time per iteration (ms): 13398.6 | throughput per GPU (TFLOP/s/GPU): 226.6 | tokens/sec/GPU: 4891 | learning rate: 3.000000E-04 | global batch size:   256 | lm loss: 8.137798E+00 | loss scale: 1.0 | grad norm: 5.555 | number of skipped iterations:   0 | number of nan iterations:   0 |
3: [default3]: [2026-05-04 16:41:32.936967] iteration       21/      50 | consumed samples:         5376 | elapsed time per iteration (ms): 12642.0 | throughput per GPU (TFLOP/s/GPU): 240.2 | tokens/sec/GPU: 5184 | learning rate: 3.000000E-04 | global batch size:   256 | lm loss: 7.912087E+00 | loss scale: 1.0 | grad norm: 6.074 | number of skipped iterations:   0 | number of nan iterations:   0 |
3: [default3]: [2026-05-04 16:41:45.990940] iteration       22/      50 | consumed samples:         5632 | elapsed time per iteration (ms): 13053.8 | throughput per GPU (TFLOP/s/GPU): 232.6 | tokens/sec/GPU: 5020 | learning rate: 3.000000E-04 | global batch size:   256 | lm loss: 7.783391E+00 | loss scale: 1.0 | grad norm: 5.276 | number of skipped iterations:   0 | number of nan iterations:   0 |
3: [default3]: [2026-05-04 16:41:58.237326] iteration       23/      50 | consumed samples:         5888 | elapsed time per iteration (ms): 12246.2 | throughput per GPU (TFLOP/s/GPU): 248.0 | tokens/sec/GPU: 5352 | learning rate: 3.000000E-04 | global batch size:   256 | lm loss: 7.748652E+00 | loss scale: 1.0 | grad norm: 6.671 | number of skipped iterations:   0 | number of nan iterations:   0 |
3: [default3]: [2026-05-04 16:42:11.177866] iteration       24/      50 | consumed samples:         6144 | elapsed time per iteration (ms): 12940.4 | throughput per GPU (TFLOP/s/GPU): 234.7 | tokens/sec/GPU: 5064 | learning rate: 3.000000E-04 | global batch size:   256 | lm loss: 7.800015E+00 | loss scale: 1.0 | grad norm: 8.057 | number of skipped iterations:   0 | number of nan iterations:   0 |
3: [default3]: [2026-05-04 16:42:24.219557] iteration       25/      50 | consumed samples:         6400 | elapsed time per iteration (ms): 13041.5 | throughput per GPU (TFLOP/s/GPU): 232.8 | tokens/sec/GPU: 5025 | learning rate: 3.000000E-04 | global batch size:   256 | lm loss: 7.961051E+00 | loss scale: 1.0 | grad norm: 7.058 | number of skipped iterations:   0 | number of nan iterations:   0 |
3: [default3]: [2026-05-04 16:42:36.451672] iteration       26/      50 | consumed samples:         6656 | elapsed time per iteration (ms): 12231.9 | throughput per GPU (TFLOP/s/GPU): 248.2 | tokens/sec/GPU: 5358 | learning rate: 3.000000E-04 | global batch size:   256 | lm loss: 7.885280E+00 | loss scale: 1.0 | grad norm: 4.437 | number of skipped iterations:   0 | number of nan iterations:   0 |
3: [default3]: [2026-05-04 16:42:49.216791] iteration       27/      50 | consumed samples:         6912 | elapsed time per iteration (ms): 12764.8 | throughput per GPU (TFLOP/s/GPU): 237.9 | tokens/sec/GPU: 5134 | learning rate: 3.000000E-04 | global batch size:   256 | lm loss: 7.725954E+00 | loss scale: 1.0 | grad norm: 2.573 | number of skipped iterations:   0 | number of nan iterations:   0 |
3: [default3]: [2026-05-04 16:43:02.391051] iteration       28/      50 | consumed samples:         7168 | elapsed time per iteration (ms): 13174.0 | throughput per GPU (TFLOP/s/GPU): 230.5 | tokens/sec/GPU: 4975 | learning rate: 3.000000E-04 | global batch size:   256 | lm loss: 7.694904E+00 | loss scale: 1.0 | grad norm: 3.899 | number of skipped iterations:   0 | number of nan iterations:   0 |
3: [default3]: [2026-05-04 16:43:14.391749] iteration       29/      50 | consumed samples:         7424 | elapsed time per iteration (ms): 12000.5 | throughput per GPU (TFLOP/s/GPU): 253.0 | tokens/sec/GPU: 5461 | learning rate: 3.000000E-04 | global batch size:   256 | lm loss: 7.719454E+00 | loss scale: 1.0 | grad norm: 4.304 | number of skipped iterations:   0 | number of nan iterations:   0 |
3: [default3]: [2026-05-04 16:43:27.995631] iteration       30/      50 | consumed samples:         7680 | elapsed time per iteration (ms): 13603.7 | throughput per GPU (TFLOP/s/GPU): 223.2 | tokens/sec/GPU: 4818 | learning rate: 3.000000E-04 | global batch size:   256 | lm loss: 7.720317E+00 | loss scale: 1.0 | grad norm: 3.948 | number of skipped iterations:   0 | number of nan iterations:   0 |
3: [default3]: [2026-05-04 16:43:40.458659] iteration       31/      50 | consumed samples:         7936 | elapsed time per iteration (ms): 12462.8 | throughput per GPU (TFLOP/s/GPU): 243.6 | tokens/sec/GPU: 5259 | learning rate: 3.000000E-04 | global batch size:   256 | lm loss: 7.629862E+00 | loss scale: 1.0 | grad norm: 3.287 | number of skipped iterations:   0 | number of nan iterations:   0 |
3: [default3]: [2026-05-04 16:43:52.790287] iteration       32/      50 | consumed samples:         8192 | elapsed time per iteration (ms): 12331.4 | throughput per GPU (TFLOP/s/GPU): 246.2 | tokens/sec/GPU: 5315 | learning rate: 3.000000E-04 | global batch size:   256 | lm loss: 7.569719E+00 | loss scale: 1.0 | grad norm: 2.371 | number of skipped iterations:   0 | number of nan iterations:   0 |
3: [default3]: [2026-05-04 16:44:05.536478] iteration       33/      50 | consumed samples:         8448 | elapsed time per iteration (ms): 12746.0 | throughput per GPU (TFLOP/s/GPU): 238.2 | tokens/sec/GPU: 5142 | learning rate: 3.000000E-04 | global batch size:   256 | lm loss: 7.619925E+00 | loss scale: 1.0 | grad norm: 3.075 | number of skipped iterations:   0 | number of nan iterations:   0 |
3: [default3]: [2026-05-04 16:44:17.357227] iteration       34/      50 | consumed samples:         8704 | elapsed time per iteration (ms): 11820.6 | throughput per GPU (TFLOP/s/GPU): 256.9 | tokens/sec/GPU: 5544 | learning rate: 3.000000E-04 | global batch size:   256 | lm loss: 7.588346E+00 | loss scale: 1.0 | grad norm: 2.165 | number of skipped iterations:   0 | number of nan iterations:   0 |
3: [default3]: [2026-05-04 16:44:30.288887] iteration       35/      50 | consumed samples:         8960 | elapsed time per iteration (ms): 12931.4 | throughput per GPU (TFLOP/s/GPU): 234.8 | tokens/sec/GPU: 5068 | learning rate: 3.000000E-04 | global batch size:   256 | lm loss: 7.583950E+00 | loss scale: 1.0 | grad norm: 3.721 | number of skipped iterations:   0 | number of nan iterations:   0 |
3: [default3]: [2026-05-04 16:44:43.069878] iteration       36/      50 | consumed samples:         9216 | elapsed time per iteration (ms): 12780.7 | throughput per GPU (TFLOP/s/GPU): 237.6 | tokens/sec/GPU: 5128 | learning rate: 3.000000E-04 | global batch size:   256 | lm loss: 7.534174E+00 | loss scale: 1.0 | grad norm: 2.283 | number of skipped iterations:   0 | number of nan iterations:   0 |
3: [default3]: [2026-05-04 16:44:56.109309] iteration       37/      50 | consumed samples:         9472 | elapsed time per iteration (ms): 13039.2 | throughput per GPU (TFLOP/s/GPU): 232.9 | tokens/sec/GPU: 5026 | learning rate: 3.000000E-04 | global batch size:   256 | lm loss: 7.601094E+00 | loss scale: 1.0 | grad norm: 2.566 | number of skipped iterations:   0 | number of nan iterations:   0 |
3: [default3]: [2026-05-04 16:45:08.464565] iteration       38/      50 | consumed samples:         9728 | elapsed time per iteration (ms): 12355.1 | throughput per GPU (TFLOP/s/GPU): 245.8 | tokens/sec/GPU: 5304 | learning rate: 3.000000E-04 | global batch size:   256 | lm loss: 7.558272E+00 | loss scale: 1.0 | grad norm: 1.867 | number of skipped iterations:   0 | number of nan iterations:   0 |
3: [default3]: [2026-05-04 16:45:20.484144] iteration       39/      50 | consumed samples:         9984 | elapsed time per iteration (ms): 12019.4 | throughput per GPU (TFLOP/s/GPU): 252.6 | tokens/sec/GPU: 5453 | learning rate: 3.000000E-04 | global batch size:   256 | lm loss: 7.577628E+00 | loss scale: 1.0 | grad norm: 1.976 | number of skipped iterations:   0 | number of nan iterations:   0 |
3: [default3]: [2026-05-04 16:45:34.391417] iteration       40/      50 | consumed samples:        10240 | elapsed time per iteration (ms): 13907.1 | throughput per GPU (TFLOP/s/GPU): 218.3 | tokens/sec/GPU: 4712 | learning rate: 3.000000E-04 | global batch size:   256 | lm loss: 7.593048E+00 | loss scale: 1.0 | grad norm: 2.461 | number of skipped iterations:   0 | number of nan iterations:   0 |
3: [default3]: [2026-05-04 16:45:48.679110] iteration       41/      50 | consumed samples:        10496 | elapsed time per iteration (ms): 14287.5 | throughput per GPU (TFLOP/s/GPU): 212.5 | tokens/sec/GPU: 4587 | learning rate: 3.000000E-04 | global batch size:   256 | lm loss: 7.459466E+00 | loss scale: 1.0 | grad norm: 1.536 | number of skipped iterations:   0 | number of nan iterations:   0 |
3: [default3]: [2026-05-04 16:46:02.051687] iteration       42/      50 | consumed samples:        10752 | elapsed time per iteration (ms): 13372.4 | throughput per GPU (TFLOP/s/GPU): 227.1 | tokens/sec/GPU: 4901 | learning rate: 3.000000E-04 | global batch size:   256 | lm loss: 7.493437E+00 | loss scale: 1.0 | grad norm: 2.185 | number of skipped iterations:   0 | number of nan iterations:   0 |
3: [default3]: [2026-05-04 16:46:14.329904] iteration       43/      50 | consumed samples:        11008 | elapsed time per iteration (ms): 12277.9 | throughput per GPU (TFLOP/s/GPU): 247.3 | tokens/sec/GPU: 5338 | learning rate: 3.000000E-04 | global batch size:   256 | lm loss: 7.517059E+00 | loss scale: 1.0 | grad norm: 2.236 | number of skipped iterations:   0 | number of nan iterations:   0 |
3: [default3]: [2026-05-04 16:46:26.462518] iteration       44/      50 | consumed samples:        11264 | elapsed time per iteration (ms): 12132.4 | throughput per GPU (TFLOP/s/GPU): 250.3 | tokens/sec/GPU: 5402 | learning rate: 3.000000E-04 | global batch size:   256 | lm loss: 7.406270E+00 | loss scale: 1.0 | grad norm: 1.964 | number of skipped iterations:   0 | number of nan iterations:   0 |
3: [default3]: [2026-05-04 16:46:38.325127] iteration       45/      50 | consumed samples:        11520 | elapsed time per iteration (ms): 11862.4 | throughput per GPU (TFLOP/s/GPU): 256.0 | tokens/sec/GPU: 5525 | learning rate: 3.000000E-04 | global batch size:   256 | lm loss: 7.436785E+00 | loss scale: 1.0 | grad norm: 1.969 | number of skipped iterations:   0 | number of nan iterations:   0 |
3: [default3]: [2026-05-04 16:46:50.519657] iteration       46/      50 | consumed samples:        11776 | elapsed time per iteration (ms): 12194.4 | throughput per GPU (TFLOP/s/GPU): 249.0 | tokens/sec/GPU: 5374 | learning rate: 3.000000E-04 | global batch size:   256 | lm loss: 7.408635E+00 | loss scale: 1.0 | grad norm: 2.295 | number of skipped iterations:   0 | number of nan iterations:   0 |
3: [default3]: [2026-05-04 16:47:02.562631] iteration       47/      50 | consumed samples:        12032 | elapsed time per iteration (ms): 12042.8 | throughput per GPU (TFLOP/s/GPU): 252.1 | tokens/sec/GPU: 5442 | learning rate: 3.000000E-04 | global batch size:   256 | lm loss: 7.454083E+00 | loss scale: 1.0 | grad norm: 2.814 | number of skipped iterations:   0 | number of nan iterations:   0 |
3: [default3]: [2026-05-04 16:47:14.661820] iteration       48/      50 | consumed samples:        12288 | elapsed time per iteration (ms): 12099.0 | throughput per GPU (TFLOP/s/GPU): 251.0 | tokens/sec/GPU: 5417 | learning rate: 3.000000E-04 | global batch size:   256 | lm loss: 7.474044E+00 | loss scale: 1.0 | grad norm: 1.631 | number of skipped iterations:   0 | number of nan iterations:   0 |
3: [default3]: [2026-05-04 16:47:26.231056] iteration       49/      50 | consumed samples:        12544 | elapsed time per iteration (ms): 11569.0 | throughput per GPU (TFLOP/s/GPU): 262.5 | tokens/sec/GPU: 5665 | learning rate: 3.000000E-04 | global batch size:   256 | lm loss: 7.365992E+00 | loss scale: 1.0 | grad norm: 2.128 | number of skipped iterations:   0 | number of nan iterations:   0 |
3: [default3]: [2026-05-04 16:47:38.482643] iteration       50/      50 | consumed samples:        12800 | elapsed time per iteration (ms): 12251.4 | throughput per GPU (TFLOP/s/GPU): 247.9 | tokens/sec/GPU: 5349 | learning rate: 3.000000E-04 | global batch size:   256 | lm loss: 7.365955E+00 | loss scale: 1.0 | grad norm: 1.856 | number of skipped iterations:   0 | number of nan iterations:   0 |
0: [default0]:[after training is done] datetime: 2026-05-04 16:47:39.037108
