START TIME: Wed May 20 01:41:32 AM CEST 2026
Running CAAT-Net with TP=2, PP=1, CAAT_NUM_CHUNKS=2
Data parallel size = 8
CAAT-Net: splits activation tensors into 2 chunks for pipelined async all-reduce
0: [default0]:/usr/local/lib/python3.12/dist-packages/torch/library.py:357: UserWarning: Warning only once for all operators,  other operators may also be overridden.
0: [default0]:  Overriding a previously registered kernel for the same operator and the same dispatch key
0: [default0]:  operator: flash_attn::_flash_attn_backward(Tensor dout, Tensor q, Tensor k, Tensor v, Tensor out, Tensor softmax_lse, Tensor(a6!)? dq, Tensor(a7!)? dk, Tensor(a8!)? dv, float dropout_p, float softmax_scale, bool causal, SymInt window_size_left, SymInt window_size_right, float softcap, Tensor? alibi_slopes, bool deterministic, Tensor? rng_state=None) -> Tensor
0: [default0]:    registered at /usr/local/lib/python3.12/dist-packages/torch/_library/custom_ops.py:926
0: [default0]:  dispatch key: ADInplaceOrView
0: [default0]:  previous kernel: no debug info
0: [default0]:       new kernel: registered at /usr/local/lib/python3.12/dist-packages/torch/_library/custom_ops.py:926 (Triggered internally at /opt/pytorch/pytorch/aten/src/ATen/core/dispatch/Op
0: eratorEntry.cpp:208.)
0: [default0]:  self.m.impl(
1: [default1]:Warning: The cache directory for DeepSpeed Triton autotune, /users/course_00306/.triton/autotune, appears to be on an NFS system. While this is generally acceptable, if you experience slowdowns or hanging when DeepSpeed exits, it is recommended to set the TRITON_CACHE_DIR environment variable to a non-NFS path.
1: [default0]:Warning: The cache directory for DeepSpeed Triton autotune, /users/course_00306/.triton/autotune, appears to be on an NFS system. While this is generally acceptable, if you experience slowdowns or hanging when DeepSpeed exits, it is recommended to set the TRITON_CACHE_DIR environment variable to a non-NFS path.
1: [default2]:Warning: The cache directory for DeepSpeed Triton autotune, /users/course_00306/.triton/autotune, appears to be on an NFS system. While this is generally acceptable, if you experience slowdowns or hanging when DeepSpeed exits, it is recommended to set the TRITON_CACHE_DIR environment variable to a non-NFS path.
1: [default3]:Warning: The cache directory for DeepSpeed Triton autotune, /users/course_00306/.triton/autotune, appears to be on an NFS system. While this is generally acceptable, if you experience slowdowns or hanging when DeepSpeed exits, it is recommended to set the TRITON_CACHE_DIR environment variable to a non-NFS path.
2: [default2]:Warning: The cache directory for DeepSpeed Triton autotune, /users/course_00306/.triton/autotune, appears to be on an NFS system. While this is generally acceptable, if you experience slowdowns or hanging when DeepSpeed exits, it is recommended to set the TRITON_CACHE_DIR environment variable to a non-NFS path.
2: [default1]:Warning: The cache directory for DeepSpeed Triton autotune, /users/course_00306/.triton/autotune, appears to be on an NFS system. While this is generally acceptable, if you experience slowdowns or hanging when DeepSpeed exits, it is recommended to set the TRITON_CACHE_DIR environment variable to a non-NFS path.
2: [default3]:Warning: The cache directory for DeepSpeed Triton autotune, /users/course_00306/.triton/autotune, appears to be on an NFS system. While this is generally acceptable, if you experience slowdowns or hanging when DeepSpeed exits, it is recommended to set the TRITON_CACHE_DIR environment variable to a non-NFS path.
2: [default0]:Warning: The cache directory for DeepSpeed Triton autotune, /users/course_00306/.triton/autotune, appears to be on an NFS system. While this is generally acceptable, if you experience slowdowns or hanging when DeepSpeed exits, it is recommended to set the TRITON_CACHE_DIR environment variable to a non-NFS path.
0: [default1]:Warning: The cache directory for DeepSpeed Triton autotune, /users/course_00306/.triton/autotune, appears to be on an NFS system. While this is generally acceptable, if you experience slowdowns or hanging when DeepSpeed exits, it is recommended to set the TRITON_CACHE_DIR environment variable to a non-NFS path.
0: [default3]:Warning: The cache directory for DeepSpeed Triton autotune, /users/course_00306/.triton/autotune, appears to be on an NFS system. While this is generally acceptable, if you experience slowdowns or hanging when DeepSpeed exits, it is recommended to set the TRITON_CACHE_DIR environment variable to a non-NFS path.
0: [default0]:Warning: The cache directory for DeepSpeed Triton autotune, /users/course_00306/.triton/autotune, appears to be on an NFS system. While this is generally acceptable, if you experience slowdowns or hanging when DeepSpeed exits, it is recommended to set the TRITON_CACHE_DIR environment variable to a non-NFS path.
0: [default2]:Warning: The cache directory for DeepSpeed Triton autotune, /users/course_00306/.triton/autotune, appears to be on an NFS system. While this is generally acceptable, if you experience slowdowns or hanging when DeepSpeed exits, it is recommended to set the TRITON_CACHE_DIR environment variable to a non-NFS path.
3: [default3]:Warning: The cache directory for DeepSpeed Triton autotune, /users/course_00306/.triton/autotune, appears to be on an NFS system. While this is generally acceptable, if you experience slowdowns or hanging when DeepSpeed exits, it is recommended to set the TRITON_CACHE_DIR environment variable to a non-NFS path.
3: [default1]:Warning: The cache directory for DeepSpeed Triton autotune, /users/course_00306/.triton/autotune, appears to be on an NFS system. While this is generally acceptable, if you experience slowdowns or hanging when DeepSpeed exits, it is recommended to set the TRITON_CACHE_DIR environment variable to a non-NFS path.
3: [default0]:Warning: The cache directory for DeepSpeed Triton autotune, /users/course_00306/.triton/autotune, appears to be on an NFS system. While this is generally acceptable, if you experience slowdowns or hanging when DeepSpeed exits, it is recommended to set the TRITON_CACHE_DIR environment variable to a non-NFS path.
3: [default2]:Warning: The cache directory for DeepSpeed Triton autotune, /users/course_00306/.triton/autotune, appears to be on an NFS system. While this is generally acceptable, if you experience slowdowns or hanging when DeepSpeed exits, it is recommended to set the TRITON_CACHE_DIR environment variable to a non-NFS path.
1: [default2]:Traceback (most recent call last):
1: [default1]:Traceback (most recent call last):
1: [default1]:  File "/users/course_00306/Project/large-whale-ai/Megatron-LM/pretrain_gpt.py", line 340, in <module>
1: [default3]:Traceback (most recent call last):
1: [default3]:  File "/users/course_00306/Project/large-whale-ai/Megatron-LM/pretrain_gpt.py", line 340, in <module>
1: [default1]:    pretrain, store = inprocess_restart.maybe_wrap_for_inprocess_restart(pretrain)
1: [default2]:  File "/users/course_00306/Project/large-whale-ai/Megatron-LM/pretrain_gpt.py", line 340, in <module>
1: [default2]:    pretrain, store = inprocess_restart.maybe_wrap_for_inprocess_restart(pretrain)
1: [default1]:                      ^^^^^^^^^^^^^^^^^^^^^^^^^^^^^^^^^^^^^^^^^^^^^^^^^^^^^^^^^^^^
1: [default0]:Traceback (most recent call last):
1: [default2]:                      ^^^^^^^^^^^^^^^^^^^^^^^^^^^^^^^^^^^^^^^^^^^^^^^^^^^^^^^^^^^^
1: [default2]:  File "/users/course_00306/Project/large-whale-ai/Megatron-LM/megatron/training/inprocess_restart.py", line 128, in maybe_wrap_for_inprocess_restart
1: [default1]:  File "/users/course_00306/Project/large-whale-ai/Megatron-LM/megatron/training/inprocess_restart.py", line 128, in maybe_wrap_for_inprocess_restart
1: [default3]:    pretrain, store = inprocess_restart.maybe_wrap_for_inprocess_restart(pretrain)
1: [default0]:  File "/users/course_00306/Project/large-whale-ai/Megatron-LM/pretrain_gpt.py", line 340, in <module>
1: [default1]:    args = arguments.parse_args(ignore_unknown_args=True)
1: [default2]:    args = arguments.parse_args(ignore_unknown_args=True)
1: [default3]:                      ^^^^^^^^^^^^^^^^^^^^^^^^^^^^^^^^^^^^^^^^^^^^^^^^^^^^^^^^^^^^
1: [default2]:           ^^^^^^^^^^^^^^^^^^^^^^^^^^^^^^^^^^^^^^^^^^^^^^
1: [default1]:           ^^^^^^^^^^^^^^^^^^^^^^^^^^^^^^^^^^^^^^^^^^^^^^
1: [default1]:  File "/users/course_00306/Project/large-whale-ai/Megatron-LM/megatron/training/arguments.py", line 92, in parse_args
1: [default2]:  File "/users/course_00306/Project/large-whale-ai/Megatron-LM/megatron/training/arguments.py", line 92, in parse_args
1: [default2]:    parser = add_megatron_arguments(parser)
1: [default0]:    pretrain, store = inprocess_restart.maybe_wrap_for_inprocess_restart(pretrain)
1: [default0]:                      ^^^^^^^^^^^^^^^^^^^^^^^^^^^^^^^^^^^^^^^^^^^^^^^^^^^^^^^^^^^^
1: [default2]:             ^^^^^^^^^^^^^^^^^^^^^^^^^^^^^^
1: [default2]:  File "/users/course_00306/Project/large-whale-ai/Megatron-LM/megatron/training/arguments.py", line 60, in add_megatron_arguments
1: [default2]:    parser = _add_distributed_args(parser)
1: [default3]:  File "/users/course_00306/Project/large-whale-ai/Megatron-LM/megatron/training/inprocess_restart.py", line 128, in maybe_wrap_for_inprocess_restart
1: [default3]:    args = arguments.parse_args(ignore_unknown_args=True)
1: [default2]:             ^^^^^^^^^^^^^^^^^^^^^^^^^^^^^
1: [default2]:  File "/users/course_00306/Project/large-whale-ai/Megatron-LM/megatron/training/arguments.py", line 2266, in _add_distributed_args
1: [default2]:    group.add_argument('--caat-net', action='store_true',
1: [default1]:    parser = add_megatron_arguments(parser)
1: [default1]:             ^^^^^^^^^^^^^^^^^^^^^^^^^^^^^^
1: [default3]:           ^^^^^^^^^^^^^^^^^^^^^^^^^^^^^^^^^^^^^^^^^^^^^^
1: [default0]:  File "/users/course_00306/Project/large-whale-ai/Megatron-LM/megatron/training/inprocess_restart.py", line 128, in maybe_wrap_for_inprocess_restart
1: [default0]:    args = arguments.parse_args(ignore_unknown_args=True)
1: [default2]:  File "/usr/lib/python3.12/argparse.py", line 1507, in add_argument
1: [default1]:  File "/users/course_00306/Project/large-whale-ai/Megatron-LM/megatron/training/arguments.py", line 60, in add_megatron_arguments
1: [default1]:    parser = _add_distributed_args(parser)
1: [default2]:    return self._add_action(action)
1: [default2]:           ^^^^^^^^^^^^^^^^^^^^^^^^
1: [default0]:           ^^^^^^^^^^^^^^^^^^^^^^^^^^^^^^^^^^^^^^^^^^^^^^
1: [default1]:             ^^^^^^^^^^^^^^^^^^^^^^^^^^^^^
1: [default1]:  File "/users/course_00306/Project/large-whale-ai/Megatron-LM/megatron/training/arguments.py", line 2266, in _add_distributed_args
1: [default1]:    group.add_argument('--caat-net', action='store_true',
1: [default3]:  File "/users/course_00306/Project/large-whale-ai/Megatron-LM/megatron/training/arguments.py", line 92, in parse_args
1: [default0]:  File "/users/course_00306/Project/large-whale-ai/Megatron-LM/megatron/training/arguments.py", line 92, in parse_args
1: [default1]:  File "/usr/lib/python3.12/argparse.py", line 1507, in add_argument
1: [default2]:  File "/usr/lib/python3.12/argparse.py", line 1709, in _add_action
1: [default2]:    action = super(_ArgumentGroup, self)._add_action(action)
1: [default0]:    parser = add_megatron_arguments(parser)
1: [default3]:    parser = add_megatron_arguments(parser)
1: [default2]:             ^^^^^^^^^^^^^^^^^^^^^^^^^^^^^^^^^^^^^^^^^^^^^^^
1: [default1]:    return self._add_action(action)
1: [default3]:             ^^^^^^^^^^^^^^^^^^^^^^^^^^^^^^
1: [default2]:  File "/usr/lib/python3.12/argparse.py", line 1521, in _add_action
1: [default0]:             ^^^^^^^^^^^^^^^^^^^^^^^^^^^^^^
1: [default0]:  File "/users/course_00306/Project/large-whale-ai/Megatron-LM/megatron/training/arguments.py", line 60, in add_megatron_arguments
1: [default3]:  File "/users/course_00306/Project/large-whale-ai/Megatron-LM/megatron/training/arguments.py", line 60, in add_megatron_arguments
1: [default1]:           ^^^^^^^^^^^^^^^^^^^^^^^^
1: [default2]:    self._check_conflict(action)
1: [default0]:    parser = _add_distributed_args(parser)
1: [default1]:  File "/usr/lib/python3.12/argparse.py", line 1709, in _add_action
1: [default2]:  File "/usr/lib/python3.12/argparse.py", line 1658, in _check_conflict
1: [default0]:             ^^^^^^^^^^^^^^^^^^^^^^^^^^^^^
1: [default0]:  File "/users/course_00306/Project/large-whale-ai/Megatron-LM/megatron/training/arguments.py", line 2266, in _add_distributed_args
1: [default1]:    action = super(_ArgumentGroup, self)._add_action(action)
1: [default0]:    group.add_argument('--caat-net', action='store_true',
1: [default3]:    parser = _add_distributed_args(parser)
1: [default2]:    conflict_handler(action, confl_optionals)
1: [default1]:             ^^^^^^^^^^^^^^^^^^^^^^^^^^^^^^^^^^^^^^^^^^^^^^^
1: [default1]:  File "/usr/lib/python3.12/argparse.py", line 1521, in _add_action
1: [default2]:  File "/usr/lib/python3.12/argparse.py", line 1667, in _handle_conflict_error
1: [default0]:  File "/usr/lib/python3.12/argparse.py", line 1507, in add_argument
1: [default1]:    self._check_conflict(action)
1: [default1]:  File "/usr/lib/python3.12/argparse.py", line 1658, in _check_conflict
1: [default3]:             ^^^^^^^^^^^^^^^^^^^^^^^^^^^^^
1: [default0]:    return self._add_action(action)
1: [default2]:    raise ArgumentError(action, message % conflict_string)
1: [default1]:    conflict_handler(action, confl_optionals)
1: [default3]:  File "/users/course_00306/Project/large-whale-ai/Megatron-LM/megatron/training/arguments.py", line 2266, in _add_distributed_args
1: [default3]:    group.add_argument('--caat-net', action='store_true',
1: [default1]:  File "/usr/lib/python3.12/argparse.py", line 1667, in _handle_conflict_error
1: [default0]:           ^^^^^^^^^^^^^^^^^^^^^^^^
1: [default3]:  File "/usr/lib/python3.12/argparse.py", line 1507, in add_argument
1: [default2]:argparse.ArgumentError: argument --caat-net: conflicting option string: --caat-net
1: [default0]:  File "/usr/lib/python3.12/argparse.py", line 1709, in _add_action
1: [default1]:    raise ArgumentError(action, message % conflict_string)
1: [default3]:    return self._add_action(action)
1: [default3]:           ^^^^^^^^^^^^^^^^^^^^^^^^
1: [default0]:    action = super(_ArgumentGroup, self)._add_action(action)
1: [default1]:argparse.ArgumentError: argument --caat-net: conflicting option string: --caat-net
1: [default3]:  File "/usr/lib/python3.12/argparse.py", line 1709, in _add_action
1: [default3]:    action = super(_ArgumentGroup, self)._add_action(action)
1: [default3]:             ^^^^^^^^^^^^^^^^^^^^^^^^^^^^^^^^^^^^^^^^^^^^^^^
1: [default0]:             ^^^^^^^^^^^^^^^^^^^^^^^^^^^^^^^^^^^^^^^^^^^^^^^
1: [default0]:  File "/usr/lib/python3.12/argparse.py", line 1521, in _add_action
1: [default0]:    self._check_conflict(action)
1: [default3]:  File "/usr/lib/python3.12/argparse.py", line 1521, in _add_action
1: [default3]:    self._check_conflict(action)
1: [default3]:  File "/usr/lib/python3.12/argparse.py", line 1658, in _check_conflict
1: [default3]:    conflict_handler(action, confl_optionals)
1: [default0]:  File "/usr/lib/python3.12/argparse.py", line 1658, in _check_conflict
1: [default0]:    conflict_handler(action, confl_optionals)
1: [default3]:  File "/usr/lib/python3.12/argparse.py", line 1667, in _handle_conflict_error
1: [default3]:    raise ArgumentError(action, message % conflict_string)
1: [default3]:argparse.ArgumentError: argument --caat-net: conflicting option string: --caat-net
1: [default0]:  File "/usr/lib/python3.12/argparse.py", line 1667, in _handle_conflict_error
1: [default0]:    raise ArgumentError(action, message % conflict_string)
1: [default0]:argparse.ArgumentError: argument --caat-net: conflicting option string: --caat-net
1: W0520 01:42:12.932000 137455 torch/distributed/elastic/multiprocessing/api.py:1010] Sending process 137869 closing signal SIGTERM
1: W0520 01:42:12.933000 137455 torch/distributed/elastic/multiprocessing/api.py:1010] Sending process 137870 closing signal SIGTERM
1: [default2]:Stack (most recent call first):
1: [default2]:  <no Python frame>
1: E0520 01:42:13.005000 137455 torch/distributed/elastic/multiprocessing/api.py:984] failed (exitcode: 1) local_rank: 0 (pid: 137867) of binary: /usr/bin/python
1: Traceback (most recent call last):
1:   File "/usr/local/bin/torchrun", line 7, in <module>
1:     sys.exit(main())
1:              ^^^^^^
1:   File "/usr/local/lib/python3.12/dist-packages/torch/distributed/elastic/multiprocessing/errors/__init__.py", line 362, in wrapper
1:     return f(*args, **kwargs)
1:            ^^^^^^^^^^^^^^^^^^
1:   File "/usr/local/lib/python3.12/dist-packages/torch/distributed/run.py", line 991, in main
1:     run(args)
1:   File "/usr/local/lib/python3.12/dist-packages/torch/distributed/run.py", line 982, in run
1:     elastic_launch(
1:   File "/usr/local/lib/python3.12/dist-packages/torch/distributed/launcher/api.py", line 170, in __call__
1:     return launch_agent(self._config, self._entrypoint, list(args))
1:            ^^^^^^^^^^^^^^^^^^^^^^^^^^^^^^^^^^^^^^^^^^^^^^^^^^^^^^^^
1:   File "/usr/local/lib/python3.12/dist-packages/torch/distributed/launcher/api.py", line 317, in launch_agent
1:     raise ChildFailedError(
1: torch.distributed.elastic.multiprocessing.errors.ChildFailedError: 
1: ============================================================
1: /users/course_00306/Project/large-whale-ai/Megatron-LM/pretrain_gpt.py FAILED
1: ------------------------------------------------------------
1: Failures:
1: [1]:
1:   time      : 2026-05-20_01:42:12
1:   host      : nid006164
1:   rank      : 5 (local_rank: 1)
1:   exitcode  : 1 (pid: 137868)
1:   error_file: <N/A>
1:   traceback : To enable traceback see: https://pytorch.org/docs/stable/elastic/errors.html
1: [2]:
1:   time      : 2026-05-20_01:42:13
1:   host      : nid006164
1:   rank      : 6 (local_rank: 2)
1:   exitcode  : -15 (pid: 137869)
1:   error_file: <N/A>
1:   traceback : Signal 15 (SIGTERM) received by PID 137869
1: [3]:
1:   time      : 2026-05-20_01:42:13
1:   host      : nid006164
1:   rank      : 7 (local_rank: 3)
1:   exitcode  : -15 (pid: 137870)
1:   error_file: <N/A>
1:   traceback : Signal 15 (SIGTERM) received by PID 137870
1: ------------------------------------------------------------
1: Root Cause (first observed failure):
1: [0]:
1: 
1:   time      : 2026-05-20_01:42:12
1:   host      : nid006164
1:   rank      : 4 (local_rank: 0)
1:   exitcode  : 1 (pid: 137867)
1:   error_file: <N/A>
1:   traceback : To enable traceback see: https://pytorch.org/docs/stable/elastic/errors.html
1: ============================================================
1: 
srun: error: nid006164: task 1: Exited with exit code 1
srun: Terminating StepId=2317018.0
0: slurmstepd: error: *** STEP 2317018.0 ON nid006162 CANCELLED AT 2026-05-20T01:42:13 ***
2: W0520 01:42:13.703000 93508 torch/distributed/elastic/agent/server/api.py:739] Received 15 death signal, shutting down workers
2: W0520 01:42:13.704000 93508 torch/distributed/elastic/multiprocessing/api.py:1010] Sending process 93896 closing signal SIGTERM
3: W0520 01:42:13.704000 78797 torch/distributed/elastic/agent/server/api.py:739] Received 15 death signal, shutting down workers
0: W0520 01:42:13.704000 201823 torch/distributed/elastic/agent/server/api.py:739] Received 15 death signal, shutting down workers
2: W0520 01:42:13.705000 93508 torch/distributed/elastic/multiprocessing/api.py:1010] Sending process 93897 closing signal SIGTERM
3: W0520 01:42:13.705000 78797 torch/distributed/elastic/multiprocessing/api.py:1010] Sending process 79210 closing signal SIGTERM
0: W0520 01:42:13.705000 201823 torch/distributed/elastic/multiprocessing/api.py:1010] Sending process 202241 closing signal SIGTERM
2: W0520 01:42:13.705000 93508 torch/distributed/elastic/multiprocessing/api.py:1010] Sending process 93898 closing signal SIGTERM
2: W0520 01:42:13.705000 93508 torch/distributed/elastic/multiprocessing/api.py:1010] Sending process 93899 closing signal SIGTERM
3: W0520 01:42:13.706000 78797 torch/distributed/elastic/multiprocessing/api.py:1010] Sending process 79211 closing signal SIGTERM
0: W0520 01:42:13.706000 201823 torch/distributed/elastic/multiprocessing/api.py:1010] Sending process 202242 closing signal SIGTERM
3: W0520 01:42:13.707000 78797 torch/distributed/elastic/multiprocessing/api.py:1010] Sending process 79212 closing signal SIGTERM
0: W0520 01:42:13.708000 201823 torch/distributed/elastic/multiprocessing/api.py:1010] Sending process 202243 closing signal SIGTERM
3: W0520 01:42:13.709000 78797 torch/distributed/elastic/multiprocessing/api.py:1010] Sending process 79213 closing signal SIGTERM
0: W0520 01:42:13.711000 201823 torch/distributed/elastic/multiprocessing/api.py:1010] Sending process 202244 closing signal SIGTERM
2: [default1]:Stack (most recent call first):
2: [default1]:  File "/usr/lib/python3.12/dataclasses.py", line 473 in _create_fn
2: [default1]:  File "/usr/lib/python3.12/dataclasses.py", line 619 in _init_fn
2: [default1]:  File "/usr/lib/python3.12/dataclasses.py", line 1063 in _process_class
2: [default1]:  File "/usr/lib/python3.12/dataclasses.py", line 1258 in wrap
2: [default1]:  File "/users/course_00306/Project/large-whale-ai/Megatron-LM/megatron/training/training_config.py", line 198 in <module>
2: [default1]:  File "<frozen importlib._bootstrap>", line 488 in _call_with_frames_removed
2: [default1]:  File "<frozen importlib._bootstrap_external>", line 995 in exec_module
2: [default1]:  File "<frozen importlib._bootstrap>", line 935 in _load_unlocked
2: [default0]:Stack (most recent call first):
2: [default0]:  File "/usr/lib/python3.12/typing.py", line 2335 in get_origin
2: [default1]:  File "<frozen importlib._bootstrap>", line 1331 in _find_and_load_unlocked
2: [default1]:  File "<frozen importlib._bootstrap>", line 1360 in _find_and_load
2: [default1]:  File "/users/course_00306/Project/large-whale-ai/Megatron-LM/megatron/training/arguments.py", line 1997 in _add_training_args
2: [default1]:  File "/users/course_00306/Project/large-whale-ai/Megatron-LM/megatron/training/arguments.py", line 54 in add_megatron_arguments
2: [default1]:  File "/users/course_00306/Project/large-whale-ai/Megatron-LM/megatron/training/arguments.py", line 92 in parse_args
2: [default1]:  File "/users/course_00306/Project/large-whale-ai/Megatron-LM/megatron/training/inprocess_restart.py", line 128 in maybe_wrap_for_inprocess_restart
2: [default0]:  File "/usr/local/lib/python3.12/dist-packages/typing_extensions.py", line 3166 in _is_unpacked_typevartuple
2: [default0]:  File "/usr/local/lib/python3.12/dist-packages/typing_extensions.py", line 3276 in _collect_parameters
2: [default0]:  File "/usr/lib/python3.12/typing.py", line 1248 in __init__
2: [default1]:  File "/users/course_00306/Project/large-whale-ai/Megatron-LM/pretrain_gpt.py", line 340 in <module>
2: [default0]:  File "/usr/lib/python3.12/typing.py", line 778 in Literal
2: [default0]:  File "/usr/lib/python3.12/typing.py", line 395 in inner
2: [default0]:  File "/usr/lib/python3.12/typing.py", line 517 in __getitem__
2: [default0]:  File "/users/course_00306/Project/large-whale-ai/Megatron-LM/megatron/training/training_config.py", line 231 in LoggerConfig
2: [default0]:  File "/users/course_00306/Project/large-whale-ai/Megatron-LM/megatron/training/training_config.py", line 199 in <module>
2: [default0]:  File "<frozen importlib._bootstrap>", line 488 in _call_with_frames_removed
2: [default0]:  File "<frozen importlib._bootstrap_external>", line 995 in exec_module
2: [default0]:  File "<frozen importlib._bootstrap>", line 935 in _load_unlocked
2: [default0]:  File "<frozen importlib._bootstrap>", line 1331 in _find_and_load_unlocked
2: [default0]:  File "<frozen importlib._bootstrap>", line 1360 in _find_and_load
2: [default0]:  File "/users/course_00306/Project/large-whale-ai/Megatron-LM/megatron/training/arguments.py", line 1997 in _add_training_args
2: [default0]:  File "/users/course_00306/Project/large-whale-ai/Megatron-LM/megatron/training/arguments.py", line 54 in add_megatron_arguments
2: [default0]:  File "/users/course_00306/Project/large-whale-ai/Megatron-LM/megatron/training/arguments.py", line 92 in parse_args
2: [default0]:  File "/users/course_00306/Project/large-whale-ai/Megatron-LM/megatron/training/inprocess_restart.py", line 128 in maybe_wrap_for_inprocess_restart
2: [default0]:  File "/users/course_00306/Project/large-whale-ai/Megatron-LM/pretrain_gpt.py", line 340 in <module>
2: [default2]:Stack (most recent call first):
2: [default2]:  File "/usr/lib/python3.12/dataclasses.py", line 473 in _create_fn
2: [default2]:  File "/usr/lib/python3.12/dataclasses.py", line 628 in _repr_fn
2: [default2]:  File "/usr/lib/python3.12/dataclasses.py", line 1083 in _process_class
2: [default2]:  File "/usr/lib/python3.12/dataclasses.py", line 1258 in wrap
2: [default2]:  File "/users/course_00306/Project/large-whale-ai/Megatron-LM/megatron/training/training_config.py", line 198 in <module>
2: [default3]:Stack (most recent call first):
2: [default3]:  File "/usr/lib/python3.12/dataclasses.py", line 461 in _create_fn
2: [default3]:  File "/usr/lib/python3.12/dataclasses.py", line 667 in _cmp_fn
2: [default2]:  File "<frozen importlib._bootstrap>", line 488 in _call_with_frames_removed
2: [default2]:  File "<frozen importlib._bootstrap_external>", line 995 in exec_module
2: [default2]:  File "<frozen importlib._bootstrap>", line 935 in _load_unlocked
2: [default3]:  File "/usr/lib/python3.12/dataclasses.py", line 1092 in _process_class
2: [default3]:  File "/usr/lib/python3.12/dataclasses.py", line 1258 in wrap
2: [default2]:  File "<frozen importlib._bootstrap>", line 1331 in _find_and_load_unlocked
2: [default2]:  File "<frozen importlib._bootstrap>", line 1360 in _find_and_load
2: [default2]:  File "/users/course_00306/Project/large-whale-ai/Megatron-LM/megatron/training/arguments.py", line 1997 in _add_training_args
2: [default2]:  File "/users/course_00306/Project/large-whale-ai/Megatron-LM/megatron/training/arguments.py", line 54 in add_megatron_arguments
2: [default2]:  File "/users/course_00306/Project/large-whale-ai/Megatron-LM/megatron/training/arguments.py", line 92 in parse_args
2: [default2]:  File "/users/course_00306/Project/large-whale-ai/Megatron-LM/megatron/training/inprocess_restart.py", line 128 in maybe_wrap_for_inprocess_restart
2: [default2]:  File "/users/course_00306/Project/large-whale-ai/Megatron-LM/pretrain_gpt.py", line 340 in <module>
2: [default3]:  File "/users/course_00306/Project/large-whale-ai/Megatron-LM/megatron/training/training_config.py", line 198 in <module>
2: [default3]:  File "<frozen importlib._bootstrap>", line 488 in _call_with_frames_removed
2: [default3]:  File "<frozen importlib._bootstrap_external>", line 995 in exec_module
2: [default3]:  File "<frozen importlib._bootstrap>", line 935 in _load_unlocked
2: [default3]:  File "<frozen importlib._bootstrap>", line 1331 in _find_and_load_unlocked
2: [default3]:  File "<frozen importlib._bootstrap>", line 1360 in _find_and_load
2: [default3]:  File "/users/course_00306/Project/large-whale-ai/Megatron-LM/megatron/training/arguments.py", line 1997 in _add_training_args
2: [default3]:  File "/users/course_00306/Project/large-whale-ai/Megatron-LM/megatron/training/arguments.py", line 54 in add_megatron_arguments
2: [default3]:  File "/users/course_00306/Project/large-whale-ai/Megatron-LM/megatron/training/arguments.py", line 92 in parse_args
2: [default3]:  File "/users/course_00306/Project/large-whale-ai/Megatron-LM/megatron/training/inprocess_restart.py", line 128 in maybe_wrap_for_inprocess_restart
2: [default3]:  File "/users/course_00306/Project/large-whale-ai/Megatron-LM/pretrain_gpt.py", line 340 in <module>
0: Traceback (most recent call last):
0:   File "/usr/local/bin/torchrun", line 7, in <module>
0:     sys.exit(main())
0:              ^^^^^^
0:   File "/usr/local/lib/python3.12/dist-packages/torch/distributed/elastic/multiprocessing/errors/__init__.py", line 362, in wrapper
0:     return f(*args, **kwargs)
0:            ^^^^^^^^^^^^^^^^^^
0:   File "/usr/local/lib/python3.12/dist-packages/torch/distributed/run.py", line 991, in main
2: Traceback (most recent call last):
2:   File "/usr/local/bin/torchrun", line 7, in <module>
0:     run(args)
2:     sys.exit(main())
0:   File "/usr/local/lib/python3.12/dist-packages/torch/distributed/run.py", line 982, in run
2:              ^^^^^^
2:   File "/usr/local/lib/python3.12/dist-packages/torch/distributed/elastic/multiprocessing/errors/__init__.py", line 362, in wrapper
2:     return f(*args, **kwargs)
0:     elastic_launch(
0:   File "/usr/local/lib/python3.12/dist-packages/torch/distributed/launcher/api.py", line 170, in __call__
2:            ^^^^^^^^^^^^^^^^^^
2:   File "/usr/local/lib/python3.12/dist-packages/torch/distributed/run.py", line 991, in main
0:     return launch_agent(self._config, self._entrypoint, list(args))
0:            ^^^^^^^^^^^^^^^^^^^^^^^^^^^^^^^^^^^^^^^^^^^^^^^^^^^^^^^^
0:   File "/usr/local/lib/python3.12/dist-packages/torch/distributed/launcher/api.py", line 308, in launch_agent
0:     result = agent.run()
0:              ^^^^^^^^^^^
0:   File "/usr/local/lib/python3.12/dist-packages/torch/distributed/elastic/metrics/api.py", line 134, in wrapper
0:     result = f(*args, **kwargs)
0:              ^^^^^^^^^^^^^^^^^^
0:   File "/usr/local/lib/python3.12/dist-packages/torch/distributed/elastic/agent/server/api.py", line 731, in run
2:     run(args)
2:   File "/usr/local/lib/python3.12/dist-packages/torch/distributed/run.py", line 982, in run
0:     result = self._invoke_run(role)
0:              ^^^^^^^^^^^^^^^^^^^^^^
0:   File "/usr/local/lib/python3.12/dist-packages/torch/distributed/elastic/agent/server/api.py", line 908, in _invoke_run
0:     time.sleep(monitor_interval)
0:   File "/usr/local/lib/python3.12/dist-packages/torch/distributed/elastic/multiprocessing/api.py", line 86, in _terminate_process_handler
2:     elastic_launch(
2:   File "/usr/local/lib/python3.12/dist-packages/torch/distributed/launcher/api.py", line 170, in __call__
0:     raise SignalException(f"Process {os.getpid()} got signal: {sigval}", sigval=sigval)
0: torch.distributed.elastic.multiprocessing.api.SignalException: Process 201823 got signal: 15
2:     return launch_agent(self._config, self._entrypoint, list(args))
2:            ^^^^^^^^^^^^^^^^^^^^^^^^^^^^^^^^^^^^^^^^^^^^^^^^^^^^^^^^
2:   File "/usr/local/lib/python3.12/dist-packages/torch/distributed/launcher/api.py", line 308, in launch_agent
2:     result = agent.run()
2:              ^^^^^^^^^^^
2:   File "/usr/local/lib/python3.12/dist-packages/torch/distributed/elastic/metrics/api.py", line 134, in wrapper
2:     result = f(*args, **kwargs)
2:              ^^^^^^^^^^^^^^^^^^
2:   File "/usr/local/lib/python3.12/dist-packages/torch/distributed/elastic/agent/server/api.py", line 731, in run
2:     result = self._invoke_run(role)
2:              ^^^^^^^^^^^^^^^^^^^^^^
2:   File "/usr/local/lib/python3.12/dist-packages/torch/distributed/elastic/agent/server/api.py", line 908, in _invoke_run
2:     time.sleep(monitor_interval)
2:   File "/usr/local/lib/python3.12/dist-packages/torch/distributed/elastic/multiprocessing/api.py", line 86, in _terminate_process_handler
3: Traceback (most recent call last):
3:   File "/usr/local/bin/torchrun", line 7, in <module>
2:     raise SignalException(f"Process {os.getpid()} got signal: {sigval}", sigval=sigval)
2: torch.distributed.elastic.multiprocessing.api.SignalException: Process 93508 got signal: 15
3:     sys.exit(main())
3:              ^^^^^^
3:   File "/usr/local/lib/python3.12/dist-packages/torch/distributed/elastic/multiprocessing/errors/__init__.py", line 362, in wrapper
3:     return f(*args, **kwargs)
3:            ^^^^^^^^^^^^^^^^^^
3:   File "/usr/local/lib/python3.12/dist-packages/torch/distributed/run.py", line 991, in main
3:     run(args)
3:   File "/usr/local/lib/python3.12/dist-packages/torch/distributed/run.py", line 982, in run
3:     elastic_launch(
3:   File "/usr/local/lib/python3.12/dist-packages/torch/distributed/launcher/api.py", line 170, in __call__
3:     return launch_agent(self._config, self._entrypoint, list(args))
3:            ^^^^^^^^^^^^^^^^^^^^^^^^^^^^^^^^^^^^^^^^^^^^^^^^^^^^^^^^
3:   File "/usr/local/lib/python3.12/dist-packages/torch/distributed/launcher/api.py", line 308, in launch_agent
3:     result = agent.run()
3:              ^^^^^^^^^^^
3:   File "/usr/local/lib/python3.12/dist-packages/torch/distributed/elastic/metrics/api.py", line 134, in wrapper
3:     result = f(*args, **kwargs)
3:              ^^^^^^^^^^^^^^^^^^
3:   File "/usr/local/lib/python3.12/dist-packages/torch/distributed/elastic/agent/server/api.py", line 731, in run
3:     result = self._invoke_run(role)
3:              ^^^^^^^^^^^^^^^^^^^^^^
3:   File "/usr/local/lib/python3.12/dist-packages/torch/distributed/elastic/agent/server/api.py", line 908, in _invoke_run
3:     time.sleep(monitor_interval)
3:   File "/usr/local/lib/python3.12/dist-packages/torch/distributed/elastic/multiprocessing/api.py", line 86, in _terminate_process_handler
3:     raise SignalException(f"Process {os.getpid()} got signal: {sigval}", sigval=sigval)
3: torch.distributed.elastic.multiprocessing.api.SignalException: Process 78797 got signal: 15
srun: error: nid006167: task 3: Exited with exit code 1
srun: error: nid006162: task 0: Exited with exit code 1
srun: error: nid006166: task 2: Exited with exit code 1
END TIME: Wed May 20 01:42:15 AM CEST 2026
